******************************************************************************
                  TI ARM Linker PC v20.2.6                     
******************************************************************************
>> Linked Mon May  1 09:34:42 2023

OUTPUT FILE NAME:   <Final.out>
ENTRY POINT SYMBOL: "_c_int00_noargs"  address: 00006dd5


MEMORY CONFIGURATION

         name            origin    length      used     unused   attr    fill
----------------------  --------  ---------  --------  --------  ----  --------
  FLASH                 00000000   00040000  0000751f  00038ae1  R  X
  SRAM                  20000000   00008000  000046d8  00003928  RW X


SEGMENT ALLOCATION MAP

run origin  load origin   length   init length attrs members
----------  ----------- ---------- ----------- ----- -------
00000000    00000000    00007528   00007528    r-x
  00000000    00000000    0000026c   0000026c    r-- .intvecs
  0000026c    0000026c    00006e90   00006e90    r-x .text
  00007100    00007100    0000036b   0000036b    r-- .const
  00007470    00007470    000000b8   000000b8    r-- .cinit
20000000    20000000    000046dc   00000000    rw-
  20000000    20000000    0000026c   00000000    rw- .vtable
  20000270    20000270    00002000   00000000    rw- .stack
  20002270    20002270    00002000   00000000    rw- .sysmem
  20004270    20004270    00000248   00000000    rw- .bss
  200044b8    200044b8    00000224   00000000    rw- .data


SECTION ALLOCATION MAP

 output                                  attributes/
section   page    origin      length       input sections
--------  ----  ----------  ----------   ----------------
.intvecs   0    00000000    0000026c     
                  00000000    0000026c     tm4c123gh6pm_startup_ccs.obj (.intvecs)

.text      0    0000026c    00006e90     
                  0000026c    00000c20     open_interface.obj (.text)
                  00000e8c    00000a4e     rtsv7M4_T_le_v4SPD16_eabi.lib : _printfi.c.obj (.text:__TI_printfi)
                  000018da    00000002                                   : _lock.c.obj (.text:_nop)
                  000018dc    000009d0                                   : e_pow.c.obj (.text:pow)
                  000022ac    00000844     main.obj (.text)
                  00002af0    00000738     rtsv7M4_T_le_v4SPD16_eabi.lib : k_rem_pio2.c.obj (.text:__kernel_rem_pio2)
                  00003228    00000508                                   : s_tan.c.obj (.text:tan)
                  00003730    000003a8     lcd.obj (.text)
                  00003ad8    0000031c     rtsv7M4_T_le_v4SPD16_eabi.lib : k_tan.c.obj (.text:__kernel_tan)
                  00003df4    000002dc     movement.obj (.text)
                  000040d0    00000274     ping_template.obj (.text)
                  00004344    00000270     rtsv7M4_T_le_v4SPD16_eabi.lib : _printfi.c.obj (.text:_pconv_a)
                  000045b4    00000248     Timer.obj (.text)
                  000047fc    00000234     rtsv7M4_T_le_v4SPD16_eabi.lib : e_fmod.c.obj (.text:fmod)
                  00004a30    0000021c     uart-interrupt.obj (.text)
                  00004c4c    000001d0     rtsv7M4_T_le_v4SPD16_eabi.lib : _printfi.c.obj (.text:_pconv_g)
                  00004e1c    000001b6                                   : fd_add_t2.asm.obj (.text)
                  00004fd2    00000002                                   : div0.asm.obj (.text)
                  00004fd4    00000190     servo.obj (.text)
                  00005164    00000158     rtsv7M4_T_le_v4SPD16_eabi.lib : e_sqrt.c.obj (.text:sqrt)
                  000052bc    00000144     adc.obj (.text)
                  00005400    0000013c     rtsv7M4_T_le_v4SPD16_eabi.lib : _printfi.c.obj (.text:_pconv_e)
                  0000553c    00000136                                   : fd_div_t2.asm.obj (.text)
                  00005672    00000002     --HOLE-- [fill = 0]
                  00005674    00000124                                   : _printfi.c.obj (.text:fcvt)
                  00005798    00000114                                   : fputs.c.obj (.text:fputs)
                  000058ac    00000110                                   : s_scalbn.c.obj (.text:scalbn)
                  000059bc    00000100                                   : memory.c.obj (.text:aligned_alloc)
                  00005abc    000000fc                                   : fd_mul_t2.asm.obj (.text)
                  00005bb8    000000f8                                   : s_floor.c.obj (.text:floor)
                  00005cb0    000000e4                                   : memory.c.obj (.text:free)
                  00005d94    000000dc                                   : setvbuf.c.obj (.text:setvbuf)
                  00005e70    000000b1                                   : _printfi.c.obj (.text:_ltostr)
                  00005f21    00000001     --HOLE-- [fill = 0]
                  00005f22    0000009c                                   : memcpy_t2.asm.obj (.text)
                  00005fbe    00000096                                   : ull_div_t2.asm.obj (.text)
                  00006054    0000008c                                   : fputc.c.obj (.text:fputc)
                  000060e0    00000086                                   : fd_cmp_t2.asm.obj (.text:__aeabi_cdcmple)
                  00006166    00000086                                   : fd_cmp_t2.asm.obj (.text:__aeabi_cdrcmple)
                  000061ec    0000007a                                   : memset_t2.asm.obj (.text)
                  00006266    00000002     --HOLE-- [fill = 0]
                  00006268    00000074                                   : fclose.c.obj (.text:__TI_closefile)
                  000062dc    00000070                                   : memory.c.obj (.text:split)
                  0000634c    0000006e                                   : _printfi.c.obj (.text:_mcpy)
                  000063ba    0000006e                                   : fd_tos_t2.asm.obj (.text)
                  00006428    0000006c                                   : hostrename.c.obj (.text:HOSTrename)
                  00006494    00000068                                   : hostlseek.c.obj (.text:HOSTlseek)
                  000064fc    00000068                                   : copy_decompress_lzss.c.obj (.text:decompress:lzss:__TI_decompress_lzss)
                  00006564    00000068                                   : printf.c.obj (.text:printf)
                  000065cc    00000064                                   : s_frexp.c.obj (.text:frexp)
                  00006630    00000064                                   : fseek.c.obj (.text:fseek)
                  00006694    00000062                                   : _io_perm.c.obj (.text:__TI_wrt_ok)
                  000066f6    00000002     --HOLE-- [fill = 0]
                  000066f8    00000060                                   : hostopen.c.obj (.text:HOSTopen)
                  00006758    0000005c                                   : close.c.obj (.text:close)
                  000067b4    00000058                                   : hostread.c.obj (.text:HOSTread)
                  0000680c    00000058                                   : hostwrite.c.obj (.text:HOSTwrite)
                  00006864    00000056                                   : _printfi.c.obj (.text:_pconv_f)
                  000068ba    00000054                                   : _ltoa.c.obj (.text:__TI_ltoa)
                  0000690e    00000052                                   : _printfi.c.obj (.text:_ecpy)
                  00006960    0000004c                                   : fflush.c.obj (.text:__TI_doflush)
                  000069ac    0000004c                                   : atoi.c.obj (.text:atoi)
                  000069f8    00000048                                   : exit.c.obj (.text:exit)
                  00006a40    00000048                                   : fd_toi_t2.asm.obj (.text)
                  00006a88    00000044                                   : hostclose.c.obj (.text:HOSTclose)
                  00006acc    00000044                                   : hostunlink.c.obj (.text:HOSTunlink)
                  00006b10    00000044                                   : autoinit.c.obj (.text:__TI_auto_init_nobinit_nopinit:__TI_auto_init_nobinit_nopinit)
                  00006b54    00000044                                   : getdevice.c.obj (.text:getdevice)
                  00006b98    00000040                                   : sprintf.c.obj (.text:sprintf)
                  00006bd8    00000040                                   : vsnprintf.c.obj (.text:vsnprintf)
                  00006c18    0000003e                                   : _printfi.c.obj (.text:_fcpy)
                  00006c56    00000002     --HOLE-- [fill = 0]
                  00006c58    00000038                                   : trgmsg.c.obj (.text:__TI_writemsg)
                  00006c90    00000038                                   : memory.c.obj (.text:calloc)
                  00006cc8    00000038                                   : fs_tod_t2.asm.obj (.text)
                  00006d00    00000036                                   : strncpy.c.obj (.text:strncpy)
                  00006d36    00000002     --HOLE-- [fill = 0]
                  00006d38    00000034     driverlib.lib : interrupt.obj (.text:IntRegister)
                  00006d6c    00000034     rtsv7M4_T_le_v4SPD16_eabi.lib : fopen.c.obj (.text:__TI_cleanup)
                  00006da0    00000034                                   : trgmsg.c.obj (.text:__TI_readmsg)
                  00006dd4    00000034                                   : boot_cortex_m.c.obj (.text:_c_int00_noargs:_c_int00_noargs)
                  00006e08    00000030                                   : vsnprintf.c.obj (.text:_outs)
                  00006e38    00000030                                   : getdevice.c.obj (.text:finddevice)
                  00006e68    0000002e                                   : i_tofd_t2.asm.obj (.text)
                  00006e96    00000002     --HOLE-- [fill = 0]
                  00006e98    0000002c                                   : unlink.c.obj (.text:unlink)
                  00006ec4    00000028                                   : memory.c.obj (.text:free_list_insert)
                  00006eec    00000028                                   : lseek.c.obj (.text:lseek)
                  00006f14    00000028                                   : write.c.obj (.text:write)
                  00006f3c    00000020                                   : memchr.c.obj (.text:memchr)
                  00006f5c    00000020                                   : u_tofd_t2.asm.obj (.text)
                  00006f7c    0000001c                                   : memory.c.obj (.text:free_list_remove)
                  00006f98    0000001c                                   : memccpy.c.obj (.text:memccpy)
                  00006fb4    0000001a                                   : s_copysign.c.obj (.text:copysign)
                  00006fce    00000018                                   : vsnprintf.c.obj (.text:_outc)
                  00006fe6    00000018                                   : sprintf.c.obj (.text:_outs)
                  00006ffe    00000018     open_interface.obj (.text:oi_parseInt)
                  00007016    00000018     rtsv7M4_T_le_v4SPD16_eabi.lib : strcmp.c.obj (.text:strcmp)
                  0000702e    00000016                                   : strchr.c.obj (.text:strchr)
                  00007044    00000014                                   : strcpy.c.obj (.text:strcpy)
                  00007058    00000014                                   : strlen.c.obj (.text:strlen)
                  0000706c    00000012                                   : wcslen.c.obj (.text:wcslen)
                  0000707e    00000010     driverlib.lib : interrupt.obj (.text:IntMasterEnable)
                  0000708e    00000010     lcd.obj (.text:lcd_clear)
                  0000709e    0000000e     rtsv7M4_T_le_v4SPD16_eabi.lib : copy_decompress_none.c.obj (.text:decompress:none:__TI_decompress_none)
                  000070ac    0000000c     driverlib.lib : cpu.obj (.text:CPUcpsie)
                  000070b8    0000000c     rtsv7M4_T_le_v4SPD16_eabi.lib : copy_zero_init.c.obj (.text:decompress:ZI:__TI_zero_init)
                  000070c4    0000000c     tm4c123gh6pm_startup_ccs.obj (.text)
                  000070d0    0000000a     rtsv7M4_T_le_v4SPD16_eabi.lib : sprintf.c.obj (.text:_outc)
                  000070da    00000002     --HOLE-- [fill = 0]
                  000070dc    00000008                                   : errno.c.obj (.text:__aeabi_errno_addr)
                  000070e4    00000008                                   : memory.c.obj (.text:malloc)
                  000070ec    00000004                                   : printf.c.obj (.text:_outc)
                  000070f0    00000004                                   : printf.c.obj (.text:_outs)
                  000070f4    00000004                                   : pre_init.c.obj (.text:_system_pre_init)
                  000070f8    00000004                                   : exit.c.obj (.text:abort:abort)

.const     0    00007100    0000036b     
                  00007100    00000158     rtsv7M4_T_le_v4SPD16_eabi.lib : k_rem_pio2.c.obj (.const:$O1$$)
                  00007258    00000101                                   : ctype.c.obj (.const:.string:_ctypes_)
                  00007359    00000004     lcd.obj (.const:.string:lineAddress$1)
                  0000735d    00000003     --HOLE-- [fill = 0]
                  00007360    00000080     rtsv7M4_T_le_v4SPD16_eabi.lib : k_tan.c.obj (.const:xxx)
                  000073e0    00000036     lcd.obj (.const:.string:$P$T0$4)
                  00007416    00000002     --HOLE-- [fill = 0]
                  00007418    00000030     rtsv7M4_T_le_v4SPD16_eabi.lib : e_pow.c.obj (.const:$O1$$)
                  00007448    00000010                                   : e_fmod.c.obj (.const:Zero)
                  00007458    0000000f     open_interface.obj (.const:.string:$P$T0$3)
                  00007467    00000004     lcd.obj (.const:.string:lineAddresses$2)

.cinit     0    00007470    000000b8     
                  00007470    0000007d     (.cinit..data.load) [load image, compression = lzss]
                  000074ed    00000003     --HOLE-- [fill = 0]
                  000074f0    0000000c     (__TI_handler_table)
                  000074fc    00000004     --HOLE-- [fill = 0]
                  00007500    00000008     (.cinit..bss.load) [load image, compression = zero_init]
                  00007508    00000008     (.cinit..vtable.load) [load image, compression = zero_init]
                  00007510    00000018     (__TI_cinit_table)

.init_array 
*          0    00000000    00000000     UNINITIALIZED

.vtable    0    20000000    0000026c     UNINITIALIZED
                  20000000    0000026c     driverlib.lib : interrupt.obj (.vtable)

.stack     0    20000270    00002000     UNINITIALIZED
                  20000270    00000004     rtsv7M4_T_le_v4SPD16_eabi.lib : boot_cortex_m.c.obj (.stack)
                  20000274    00001ffc     --HOLE--

.sysmem    0    20002270    00002000     UNINITIALIZED
                  20002270    00000010     rtsv7M4_T_le_v4SPD16_eabi.lib : memory.c.obj (.sysmem)
                  20002280    00001ff0     --HOLE--

.bss       0    20004270    00000248     UNINITIALIZED
                  20004270    00000120     rtsv7M4_T_le_v4SPD16_eabi.lib : trgmsg.c.obj (.bss:_CIOBUF_)
                  20004390    000000a0     (.common:__TI_tmpnams)
                  20004430    00000054     lcd.obj (.bss:lastbuffer$3)
                  20004484    00000018     open_interface.obj (.bss:firmware$2)
                  2000449c    00000004     (.common:_timeout_ticks)
                  200044a0    00000008     (.common:ang)
                  200044a8    00000008     (.common:parmbuf)
                  200044b0    00000004     (.common:clockwise)
                  200044b4    00000004     (.common:sensor)

.data      0    200044b8    00000224     UNINITIALIZED
                  200044b8    000000f0     rtsv7M4_T_le_v4SPD16_eabi.lib : defs.c.obj (.data:_ftable)
                  200045a8    00000078                                   : host_device.c.obj (.data:_device)
                  20004620    00000050                                   : host_device.c.obj (.data:_stream)
                  20004670    00000020     open_interface.obj (.data)
                  20004690    00000011     ping_template.obj (.data)
                  200046a1    00000001     Timer.obj (.data)
                  200046a2    00000002     --HOLE--
                  200046a4    00000010     rtsv7M4_T_le_v4SPD16_eabi.lib : defs.c.obj (.data)
                  200046b4    0000000c                                   : exit.c.obj (.data:$O1$$)
                  200046c0    00000008                                   : _lock.c.obj (.data:$O1$$)
                  200046c8    00000008                                   : memory.c.obj (.data:$O1$$)
                  200046d0    00000008     uart-interrupt.obj (.data)
                  200046d8    00000004     rtsv7M4_T_le_v4SPD16_eabi.lib : errno.c.obj (.data)

__llvm_prf_cnts 
*          0    20000000    00000000     UNINITIALIZED

MODULE SUMMARY

       Module                         code    ro data   rw data
       ------                         ----    -------   -------
    .\
       open_interface.obj             3128    15        56     
       main.obj                       2116    0         0      
       lcd.obj                        952     62        84     
       movement.obj                   732     0         4      
       ping_template.obj              628     0         17     
       tm4c123gh6pm_startup_ccs.obj   12      620       0      
       Timer.obj                      584     0         5      
       uart-interrupt.obj             540     0         8      
       servo.obj                      400     0         12     
       adc.obj                        324     0         0      
    +--+------------------------------+-------+---------+---------+
       Total:                         9416    697       186    
                                                               
    C:/ti/TivaWare_C_Series-2.2.0.295/driverlib/ccs/Debug/driverlib.lib
       interrupt.obj                  68      0         620    
       cpu.obj                        12      0         0      
    +--+------------------------------+-------+---------+---------+
       Total:                         80      0         620    
                                                               
    C:\ti\ccs1200\ccs\tools\compiler\ti-cgt-arm_20.2.6.LTS\lib\rtsv7M4_T_le_v4SPD16_eabi.lib
       _printfi.c.obj                 4851    0         0      
       e_pow.c.obj                    2512    48        0      
       k_rem_pio2.c.obj               1848    344       0      
       s_tan.c.obj                    1288    0         0      
       k_tan.c.obj                    796     128       0      
       memory.c.obj                   728     0         8      
       e_fmod.c.obj                   564     16        0      
       fd_add_t2.asm.obj              438     0         0      
       defs.c.obj                     0       0         416    
       trgmsg.c.obj                   108     0         288    
       e_sqrt.c.obj                   344     0         0      
       fd_div_t2.asm.obj              310     0         0      
       fputs.c.obj                    276     0         0      
       s_scalbn.c.obj                 272     0         0      
       fd_cmp_t2.asm.obj              268     0         0      
       ctype.c.obj                    0       257       0      
       fd_mul_t2.asm.obj              252     0         0      
       s_floor.c.obj                  248     0         0      
       setvbuf.c.obj                  220     0         0      
       host_device.c.obj              0       0         200    
       memcpy_t2.asm.obj              156     0         0      
       ull_div_t2.asm.obj             150     0         0      
       fputc.c.obj                    140     0         0      
       vsnprintf.c.obj                136     0         0      
       memset_t2.asm.obj              122     0         0      
       fclose.c.obj                   116     0         0      
       getdevice.c.obj                116     0         0      
       printf.c.obj                   112     0         0      
       fd_tos_t2.asm.obj              110     0         0      
       hostrename.c.obj               108     0         0      
       copy_decompress_lzss.c.obj     104     0         0      
       hostlseek.c.obj                104     0         0      
       hostopen.c.obj                 96      0         8      
       fseek.c.obj                    100     0         0      
       s_frexp.c.obj                  100     0         0      
       _io_perm.c.obj                 98      0         0      
       sprintf.c.obj                  98      0         0      
       close.c.obj                    92      0         0      
       exit.c.obj                     76      0         12     
       hostread.c.obj                 88      0         0      
       hostwrite.c.obj                88      0         0      
       _ltoa.c.obj                    84      0         0      
       atoi.c.obj                     76      0         0      
       fflush.c.obj                   76      0         0      
       fd_toi_t2.asm.obj              72      0         0      
       autoinit.c.obj                 68      0         0      
       hostclose.c.obj                68      0         0      
       hostunlink.c.obj               68      0         0      
       fs_tod_t2.asm.obj              56      0         0      
       strncpy.c.obj                  54      0         0      
       boot_cortex_m.c.obj            52      0         0      
       fopen.c.obj                    52      0         0      
       i_tofd_t2.asm.obj              46      0         0      
       unlink.c.obj                   44      0         0      
       lseek.c.obj                    40      0         0      
       write.c.obj                    40      0         0      
       memchr.c.obj                   32      0         0      
       u_tofd_t2.asm.obj              32      0         0      
       memccpy.c.obj                  28      0         0      
       s_copysign.c.obj               26      0         0      
       strcmp.c.obj                   24      0         0      
       strchr.c.obj                   22      0         0      
       strcpy.c.obj                   20      0         0      
       strlen.c.obj                   20      0         0      
       wcslen.c.obj                   18      0         0      
       copy_decompress_none.c.obj     14      0         0      
       copy_zero_init.c.obj           12      0         0      
       errno.c.obj                    8       0         4      
       _lock.c.obj                    2       0         8      
       pre_init.c.obj                 4       0         0      
       div0.asm.obj                   2       0         0      
    +--+------------------------------+-------+---------+---------+
       Total:                         18793   793       944    
                                                               
       Heap:                          0       0         8192   
       Stack:                         0       0         8192   
       Linker Generated:              0       177       0      
    +--+------------------------------+-------+---------+---------+
       Grand Total:                   28289   1667      18134  


LINKER GENERATED COPY TABLES

__TI_cinit_table @ 00007510 records: 3, size/record: 8, table size: 24
	.data: load addr=00007470, load size=0000007d bytes, run addr=200044b8, run size=00000224 bytes, compression=lzss
	.bss: load addr=00007500, load size=00000008 bytes, run addr=20004270, run size=00000248 bytes, compression=zero_init
	.vtable: load addr=00007508, load size=00000008 bytes, run addr=20000000, run size=0000026c bytes, compression=zero_init


LINKER GENERATED HANDLER TABLE

__TI_handler_table @ 000074f0 records: 3, size/record: 4, table size: 12
	index: 0, handler: __TI_zero_init
	index: 1, handler: __TI_decompress_lzss
	index: 2, handler: __TI_decompress_none


GLOBAL SYMBOLS: SORTED ALPHABETICALLY BY Name 

address   name                           
-------   ----                           
000070f9  C$$EXIT                        
00006c87  C$$IO$$                        
000070ad  CPUcpsie                       
2000469c  CUR_OVERFLOW                   
20004694  END_TIME                       
00000bc3  GPIOF_Handler                  
00006a89  HOSTclose                      
00006495  HOSTlseek                      
000066f9  HOSTopen                       
000067b5  HOSTread                       
00006429  HOSTrename                     
00006acd  HOSTunlink                     
0000680d  HOSTwrite                      
0000707f  IntMasterEnable                
00006d39  IntRegister                    
20004698  OVERFLOW                       
000070c5  ResetISR                       
20004690  START_TIME                     
200046a0  STATE                          
00004211  TIMER3B_Handler                
00004b97  UART1_Handler                  
20004270  __CIOBUF_                      
20002270  __STACK_END                    
00002000  __STACK_SIZE                   
20000470  __STACK_TOP                    
00002000  __SYSMEM_SIZE                  
00007510  __TI_CINIT_Base                
00007528  __TI_CINIT_Limit               
000074f0  __TI_Handler_Table_Base        
000074fc  __TI_Handler_Table_Limit       
00006b11  __TI_auto_init_nobinit_nopinit 
00006d6d  __TI_cleanup                   
200046b4  __TI_cleanup_ptr               
00006269  __TI_closefile                 
000064fd  __TI_decompress_lzss           
0000709f  __TI_decompress_none           
00006961  __TI_doflush                   
200046b8  __TI_dtors_ptr                 
200046bc  __TI_enable_exit_profile_output
200046a4  __TI_ft_end                    
000068bb  __TI_ltoa                      
ffffffff  __TI_pprof_out_hndl            
00000e8d  __TI_printfi                   
ffffffff  __TI_prof_data_size            
ffffffff  __TI_prof_data_start           
00006da1  __TI_readmsg                   
00000000  __TI_static_base__             
20004390  __TI_tmpnams                   
00006c59  __TI_writemsg                  
00006695  __TI_wrt_ok                    
000070b9  __TI_zero_init                 
000060e1  __aeabi_cdcmpeq                
000060e1  __aeabi_cdcmple                
00006167  __aeabi_cdrcmple               
000063bb  __aeabi_d2f                    
00006a41  __aeabi_d2iz                   
00004e27  __aeabi_dadd                   
0000553d  __aeabi_ddiv                   
00005abd  __aeabi_dmul                   
00004e1d  __aeabi_dsub                   
000070dd  __aeabi_errno_addr             
00006cc9  __aeabi_f2d                    
00006e69  __aeabi_i2d                    
00004fd3  __aeabi_idiv0                  
00004fd3  __aeabi_ldiv0                  
000061ed  __aeabi_memclr                 
000061ed  __aeabi_memclr4                
000061ed  __aeabi_memclr8                
00005f23  __aeabi_memcpy                 
00005f23  __aeabi_memcpy4                
00005f23  __aeabi_memcpy8                
000061ef  __aeabi_memset                 
000061ef  __aeabi_memset4                
000061ef  __aeabi_memset8                
200046b0  __aeabi_stderr                 
200046a8  __aeabi_stdin                  
200046ac  __aeabi_stdout                 
00006f5d  __aeabi_ui2d                   
00005fbf  __aeabi_uldivmod               
ffffffff  __binit__                      
ffffffff  __c_args__                     
00002af1  __kernel_rem_pio2              
00003ad9  __kernel_tan                   
UNDEFED   __mpu_init                     
20000270  __stack                        
20000000  __start___llvm_prf_cnts        
20000000  __stop___llvm_prf_cnts         
00006dd5  _c_int00_noargs                
00007258  _ctypes_                       
200045a8  _device                        
200044b8  _ftable                        
200046c0  _lock                          
000018db  _nop                           
200046a1  _running                       
20004620  _stream                        
20002270  _sys_memory                    
UNDEFED   _system_post_cinit             
000070f5  _system_pre_init               
2000449c  _timeout_ticks                 
200046c4  _unlock                        
000070f9  abort                          
000052bd  adc_init                       
00005379  adc_read                       
000059bd  aligned_alloc                  
200044a0  ang                            
000069ad  atoi                           
ffffffff  binit                          
00006c91  calloc                         
00003faf  check_Interrupts               
200044b0  clockwise                      
00006759  close                          
200046d0  command_byte                   
200046d4  command_flag                   
00006fb5  copysign                       
00006fb5  copysignl                      
200046d8  errno                          
000069f9  exit                           
00006e39  finddevice                     
00005bb9  floor                          
00005bb9  floorl                         
000047fd  fmod                           
000047fd  fmodl                          
00006055  fputc                          
00005799  fputs                          
00005cb1  free                           
000065cd  frexp                          
000065cd  frexpl                         
00006631  fseek                          
20000000  g_pfnRAMVectors                
00000000  g_pfnVectors                   
00006b55  getdevice                      
0000097f  go_charge                      
0000708f  lcd_clear                      
00003905  lcd_gotoLine                   
0000376d  lcd_init                       
0000396b  lcd_printf                     
0000382d  lcd_putc                       
00003865  lcd_puts                       
00003731  lcd_reverseNibble              
00003a3d  lcd_rotatingBanner             
00003883  lcd_sendCommand                
000038c1  lcd_sendNibble                 
0000392d  lcd_setCursorPos               
000058ad  ldexp                          
000058ad  ldexpl                         
00006eed  lseek                          
000022ad  main                           
000070e5  malloc                         
000059bd  memalign                       
00006f99  memccpy                        
00006f3d  memchr                         
00005f23  memcpy                         
000061f5  memset                         
20004670  motor_cal_factor_L             
20004674  motor_cal_factor_R             
00003f41  move_backward                  
00003e05  move_forward                   
00003df5  movement_init                  
0000026d  oi_alloc                       
00000aa9  oi_checkFirmware               
000002c7  oi_close                       
00000279  oi_free                        
00000ded  oi_getMotorCalibrationLeft     
00000e01  oi_getMotorCalibrationRight    
000002b1  oi_init                        
00000289  oi_init_noupdate               
00000915  oi_loadSong                    
00006fff  oi_parseInt                    
0000032b  oi_parsePacket                 
0000096b  oi_play_song                   
0000084b  oi_setLeds                     
00000db1  oi_setMotorCalibration         
0000088f  oi_setWheels                   
00000b51  oi_shutoff_init                
0000098d  oi_uartInit                    
00000a31  oi_uartReceive                 
00000a77  oi_uartSendBuff                
00000a15  oi_uartSendChar                
00000a59  oi_uartSendStr                 
000002d9  oi_update                      
200044a8  parmbuf                        
00004251  ping_getDistance               
000040d1  ping_init                      
00004183  ping_trigger                   
000018dd  pow                            
000018dd  powl                           
00006565  printf                         
00006055  putc                           
00006e99  remove                         
000058ad  scalbn                         
000058ad  scalbnl                        
200044b4  sensor                         
00004fd5  servo_init                     
00005093  servo_move                     
00005d95  setvbuf                        
00006b99  sprintf                        
00005165  sqrt                           
00005165  sqrtl                          
0000702f  strchr                         
00007017  strcmp                         
00007045  strcpy                         
00007059  strlen                         
00006d01  strncpy                        
00003229  tan                            
00003229  tanl                           
000046d3  timer_getMicros                
0000467b  timer_getMillis                
000045b5  timer_init                     
00004657  timer_pause                    
00004669  timer_resume                   
0000462d  timer_stop                     
0000472d  timer_waitMicros               
0000475f  timer_waitMillis               
00003ed5  turn_left                      
00003e69  turn_right                     
00004a31  uart_interrupt_init            
00004b29  uart_receive                   
00004b51  uart_receive_nonblocking       
00004b05  uart_sendChar                  
00004b79  uart_sendStr                   
00006e99  unlink                         
00006bd9  vsnprintf                      
0000706d  wcslen                         
00006f15  write                          


GLOBAL SYMBOLS: SORTED BY Symbol Address 

address   name                           
-------   ----                           
00000000  __TI_static_base__             
00000000  g_pfnVectors                   
0000026d  oi_alloc                       
00000279  oi_free                        
00000289  oi_init_noupdate               
000002b1  oi_init                        
000002c7  oi_close                       
000002d9  oi_update                      
0000032b  oi_parsePacket                 
0000084b  oi_setLeds                     
0000088f  oi_setWheels                   
00000915  oi_loadSong                    
0000096b  oi_play_song                   
0000097f  go_charge                      
0000098d  oi_uartInit                    
00000a15  oi_uartSendChar                
00000a31  oi_uartReceive                 
00000a59  oi_uartSendStr                 
00000a77  oi_uartSendBuff                
00000aa9  oi_checkFirmware               
00000b51  oi_shutoff_init                
00000bc3  GPIOF_Handler                  
00000db1  oi_setMotorCalibration         
00000ded  oi_getMotorCalibrationLeft     
00000e01  oi_getMotorCalibrationRight    
00000e8d  __TI_printfi                   
000018db  _nop                           
000018dd  pow                            
000018dd  powl                           
00002000  __STACK_SIZE                   
00002000  __SYSMEM_SIZE                  
000022ad  main                           
00002af1  __kernel_rem_pio2              
00003229  tan                            
00003229  tanl                           
00003731  lcd_reverseNibble              
0000376d  lcd_init                       
0000382d  lcd_putc                       
00003865  lcd_puts                       
00003883  lcd_sendCommand                
000038c1  lcd_sendNibble                 
00003905  lcd_gotoLine                   
0000392d  lcd_setCursorPos               
0000396b  lcd_printf                     
00003a3d  lcd_rotatingBanner             
00003ad9  __kernel_tan                   
00003df5  movement_init                  
00003e05  move_forward                   
00003e69  turn_right                     
00003ed5  turn_left                      
00003f41  move_backward                  
00003faf  check_Interrupts               
000040d1  ping_init                      
00004183  ping_trigger                   
00004211  TIMER3B_Handler                
00004251  ping_getDistance               
000045b5  timer_init                     
0000462d  timer_stop                     
00004657  timer_pause                    
00004669  timer_resume                   
0000467b  timer_getMillis                
000046d3  timer_getMicros                
0000472d  timer_waitMicros               
0000475f  timer_waitMillis               
000047fd  fmod                           
000047fd  fmodl                          
00004a31  uart_interrupt_init            
00004b05  uart_sendChar                  
00004b29  uart_receive                   
00004b51  uart_receive_nonblocking       
00004b79  uart_sendStr                   
00004b97  UART1_Handler                  
00004e1d  __aeabi_dsub                   
00004e27  __aeabi_dadd                   
00004fd3  __aeabi_idiv0                  
00004fd3  __aeabi_ldiv0                  
00004fd5  servo_init                     
00005093  servo_move                     
00005165  sqrt                           
00005165  sqrtl                          
000052bd  adc_init                       
00005379  adc_read                       
0000553d  __aeabi_ddiv                   
00005799  fputs                          
000058ad  ldexp                          
000058ad  ldexpl                         
000058ad  scalbn                         
000058ad  scalbnl                        
000059bd  aligned_alloc                  
000059bd  memalign                       
00005abd  __aeabi_dmul                   
00005bb9  floor                          
00005bb9  floorl                         
00005cb1  free                           
00005d95  setvbuf                        
00005f23  __aeabi_memcpy                 
00005f23  __aeabi_memcpy4                
00005f23  __aeabi_memcpy8                
00005f23  memcpy                         
00005fbf  __aeabi_uldivmod               
00006055  fputc                          
00006055  putc                           
000060e1  __aeabi_cdcmpeq                
000060e1  __aeabi_cdcmple                
00006167  __aeabi_cdrcmple               
000061ed  __aeabi_memclr                 
000061ed  __aeabi_memclr4                
000061ed  __aeabi_memclr8                
000061ef  __aeabi_memset                 
000061ef  __aeabi_memset4                
000061ef  __aeabi_memset8                
000061f5  memset                         
00006269  __TI_closefile                 
000063bb  __aeabi_d2f                    
00006429  HOSTrename                     
00006495  HOSTlseek                      
000064fd  __TI_decompress_lzss           
00006565  printf                         
000065cd  frexp                          
000065cd  frexpl                         
00006631  fseek                          
00006695  __TI_wrt_ok                    
000066f9  HOSTopen                       
00006759  close                          
000067b5  HOSTread                       
0000680d  HOSTwrite                      
000068bb  __TI_ltoa                      
00006961  __TI_doflush                   
000069ad  atoi                           
000069f9  exit                           
00006a41  __aeabi_d2iz                   
00006a89  HOSTclose                      
00006acd  HOSTunlink                     
00006b11  __TI_auto_init_nobinit_nopinit 
00006b55  getdevice                      
00006b99  sprintf                        
00006bd9  vsnprintf                      
00006c59  __TI_writemsg                  
00006c87  C$$IO$$                        
00006c91  calloc                         
00006cc9  __aeabi_f2d                    
00006d01  strncpy                        
00006d39  IntRegister                    
00006d6d  __TI_cleanup                   
00006da1  __TI_readmsg                   
00006dd5  _c_int00_noargs                
00006e39  finddevice                     
00006e69  __aeabi_i2d                    
00006e99  remove                         
00006e99  unlink                         
00006eed  lseek                          
00006f15  write                          
00006f3d  memchr                         
00006f5d  __aeabi_ui2d                   
00006f99  memccpy                        
00006fb5  copysign                       
00006fb5  copysignl                      
00006fff  oi_parseInt                    
00007017  strcmp                         
0000702f  strchr                         
00007045  strcpy                         
00007059  strlen                         
0000706d  wcslen                         
0000707f  IntMasterEnable                
0000708f  lcd_clear                      
0000709f  __TI_decompress_none           
000070ad  CPUcpsie                       
000070b9  __TI_zero_init                 
000070c5  ResetISR                       
000070dd  __aeabi_errno_addr             
000070e5  malloc                         
000070f5  _system_pre_init               
000070f9  C$$EXIT                        
000070f9  abort                          
00007258  _ctypes_                       
000074f0  __TI_Handler_Table_Base        
000074fc  __TI_Handler_Table_Limit       
00007510  __TI_CINIT_Base                
00007528  __TI_CINIT_Limit               
20000000  __start___llvm_prf_cnts        
20000000  __stop___llvm_prf_cnts         
20000000  g_pfnRAMVectors                
20000270  __stack                        
20000470  __STACK_TOP                    
20002270  __STACK_END                    
20002270  _sys_memory                    
20004270  __CIOBUF_                      
20004390  __TI_tmpnams                   
2000449c  _timeout_ticks                 
200044a0  ang                            
200044a8  parmbuf                        
200044b0  clockwise                      
200044b4  sensor                         
200044b8  _ftable                        
200045a8  _device                        
20004620  _stream                        
20004670  motor_cal_factor_L             
20004674  motor_cal_factor_R             
20004690  START_TIME                     
20004694  END_TIME                       
20004698  OVERFLOW                       
2000469c  CUR_OVERFLOW                   
200046a0  STATE                          
200046a1  _running                       
200046a4  __TI_ft_end                    
200046a8  __aeabi_stdin                  
200046ac  __aeabi_stdout                 
200046b0  __aeabi_stderr                 
200046b4  __TI_cleanup_ptr               
200046b8  __TI_dtors_ptr                 
200046bc  __TI_enable_exit_profile_output
200046c0  _lock                          
200046c4  _unlock                        
200046d0  command_byte                   
200046d4  command_flag                   
200046d8  errno                          
ffffffff  __TI_pprof_out_hndl            
ffffffff  __TI_prof_data_size            
ffffffff  __TI_prof_data_start           
ffffffff  __binit__                      
ffffffff  __c_args__                     
ffffffff  binit                          
UNDEFED   __mpu_init                     
UNDEFED   _system_post_cinit             

[224 symbols]
