<?xml version="1.0" encoding="ISO-8859-1" ?>
<link_info>
   <banner>TI ARM Linker PC v20.2.6.LTS</banner>
   <copyright>Copyright (c) 1996-2018 Texas Instruments Incorporated</copyright>
   <link_time>0x644fce02</link_time>
   <link_errors>0x0</link_errors>
   <output_file>Final.out</output_file>
   <entry_point>
      <name>_c_int00_noargs</name>
      <address>0x6dd5</address>
   </entry_point>
   <input_file_list>
      <input_file id="fl-2">
         <path>.\</path>
         <kind>object</kind>
         <file>Timer.obj</file>
         <name>Timer.obj</name>
      </input_file>
      <input_file id="fl-3">
         <path>.\</path>
         <kind>object</kind>
         <file>adc.obj</file>
         <name>adc.obj</name>
      </input_file>
      <input_file id="fl-4">
         <path>.\</path>
         <kind>object</kind>
         <file>lcd.obj</file>
         <name>lcd.obj</name>
      </input_file>
      <input_file id="fl-5">
         <path>.\</path>
         <kind>object</kind>
         <file>main.obj</file>
         <name>main.obj</name>
      </input_file>
      <input_file id="fl-6">
         <path>.\</path>
         <kind>object</kind>
         <file>movement.obj</file>
         <name>movement.obj</name>
      </input_file>
      <input_file id="fl-7">
         <path>.\</path>
         <kind>object</kind>
         <file>open_interface.obj</file>
         <name>open_interface.obj</name>
      </input_file>
      <input_file id="fl-8">
         <path>.\</path>
         <kind>object</kind>
         <file>ping_template.obj</file>
         <name>ping_template.obj</name>
      </input_file>
      <input_file id="fl-9">
         <path>.\</path>
         <kind>object</kind>
         <file>servo.obj</file>
         <name>servo.obj</name>
      </input_file>
      <input_file id="fl-a">
         <path>.\</path>
         <kind>object</kind>
         <file>tm4c123gh6pm_startup_ccs.obj</file>
         <name>tm4c123gh6pm_startup_ccs.obj</name>
      </input_file>
      <input_file id="fl-b">
         <path>.\</path>
         <kind>object</kind>
         <file>uart-interrupt.obj</file>
         <name>uart-interrupt.obj</name>
      </input_file>
      <input_file id="fl-12">
         <kind>object</kind>
         <file>&lt;internal&gt;</file>
         <name>&lt;internal&gt;</name>
      </input_file>
      <input_file id="fl-c8">
         <path>C:\ti\ccs1200\ccs\tools\compiler\ti-cgt-arm_20.2.6.LTS\lib\</path>
         <kind>archive</kind>
         <file>rtsv7M4_T_le_v4SPD16_eabi.lib</file>
         <name>e_fmod.c.obj</name>
      </input_file>
      <input_file id="fl-c9">
         <path>C:\ti\ccs1200\ccs\tools\compiler\ti-cgt-arm_20.2.6.LTS\lib\</path>
         <kind>archive</kind>
         <file>rtsv7M4_T_le_v4SPD16_eabi.lib</file>
         <name>e_pow.c.obj</name>
      </input_file>
      <input_file id="fl-ca">
         <path>C:\ti\ccs1200\ccs\tools\compiler\ti-cgt-arm_20.2.6.LTS\lib\</path>
         <kind>archive</kind>
         <file>rtsv7M4_T_le_v4SPD16_eabi.lib</file>
         <name>e_sqrt.c.obj</name>
      </input_file>
      <input_file id="fl-cb">
         <path>C:\ti\ccs1200\ccs\tools\compiler\ti-cgt-arm_20.2.6.LTS\lib\</path>
         <kind>archive</kind>
         <file>rtsv7M4_T_le_v4SPD16_eabi.lib</file>
         <name>s_floor.c.obj</name>
      </input_file>
      <input_file id="fl-cc">
         <path>C:\ti\ccs1200\ccs\tools\compiler\ti-cgt-arm_20.2.6.LTS\lib\</path>
         <kind>archive</kind>
         <file>rtsv7M4_T_le_v4SPD16_eabi.lib</file>
         <name>s_scalbn.c.obj</name>
      </input_file>
      <input_file id="fl-cd">
         <path>C:\ti\ccs1200\ccs\tools\compiler\ti-cgt-arm_20.2.6.LTS\lib\</path>
         <kind>archive</kind>
         <file>rtsv7M4_T_le_v4SPD16_eabi.lib</file>
         <name>s_tan.c.obj</name>
      </input_file>
      <input_file id="fl-ce">
         <path>C:\ti\ccs1200\ccs\tools\compiler\ti-cgt-arm_20.2.6.LTS\lib\</path>
         <kind>archive</kind>
         <file>rtsv7M4_T_le_v4SPD16_eabi.lib</file>
         <name>s_copysign.c.obj</name>
      </input_file>
      <input_file id="fl-cf">
         <path>C:\ti\ccs1200\ccs\tools\compiler\ti-cgt-arm_20.2.6.LTS\lib\</path>
         <kind>archive</kind>
         <file>rtsv7M4_T_le_v4SPD16_eabi.lib</file>
         <name>printf.c.obj</name>
      </input_file>
      <input_file id="fl-d0">
         <path>C:\ti\ccs1200\ccs\tools\compiler\ti-cgt-arm_20.2.6.LTS\lib\</path>
         <kind>archive</kind>
         <file>rtsv7M4_T_le_v4SPD16_eabi.lib</file>
         <name>_printfi.c.obj</name>
      </input_file>
      <input_file id="fl-d1">
         <path>C:\ti\ccs1200\ccs\tools\compiler\ti-cgt-arm_20.2.6.LTS\lib\</path>
         <kind>archive</kind>
         <file>rtsv7M4_T_le_v4SPD16_eabi.lib</file>
         <name>sprintf.c.obj</name>
      </input_file>
      <input_file id="fl-d2">
         <path>C:\ti\ccs1200\ccs\tools\compiler\ti-cgt-arm_20.2.6.LTS\lib\</path>
         <kind>archive</kind>
         <file>rtsv7M4_T_le_v4SPD16_eabi.lib</file>
         <name>vsnprintf.c.obj</name>
      </input_file>
      <input_file id="fl-d3">
         <path>C:\ti\ccs1200\ccs\tools\compiler\ti-cgt-arm_20.2.6.LTS\lib\</path>
         <kind>archive</kind>
         <file>rtsv7M4_T_le_v4SPD16_eabi.lib</file>
         <name>fputc.c.obj</name>
      </input_file>
      <input_file id="fl-d4">
         <path>C:\ti\ccs1200\ccs\tools\compiler\ti-cgt-arm_20.2.6.LTS\lib\</path>
         <kind>archive</kind>
         <file>rtsv7M4_T_le_v4SPD16_eabi.lib</file>
         <name>fputs.c.obj</name>
      </input_file>
      <input_file id="fl-d5">
         <path>C:\ti\ccs1200\ccs\tools\compiler\ti-cgt-arm_20.2.6.LTS\lib\</path>
         <kind>archive</kind>
         <file>rtsv7M4_T_le_v4SPD16_eabi.lib</file>
         <name>_io_perm.c.obj</name>
      </input_file>
      <input_file id="fl-d6">
         <path>C:\ti\ccs1200\ccs\tools\compiler\ti-cgt-arm_20.2.6.LTS\lib\</path>
         <kind>archive</kind>
         <file>rtsv7M4_T_le_v4SPD16_eabi.lib</file>
         <name>setvbuf.c.obj</name>
      </input_file>
      <input_file id="fl-d7">
         <path>C:\ti\ccs1200\ccs\tools\compiler\ti-cgt-arm_20.2.6.LTS\lib\</path>
         <kind>archive</kind>
         <file>rtsv7M4_T_le_v4SPD16_eabi.lib</file>
         <name>fd_add_t2.asm.obj</name>
      </input_file>
      <input_file id="fl-d8">
         <path>C:\ti\ccs1200\ccs\tools\compiler\ti-cgt-arm_20.2.6.LTS\lib\</path>
         <kind>archive</kind>
         <file>rtsv7M4_T_le_v4SPD16_eabi.lib</file>
         <name>fd_cmp_t2.asm.obj</name>
      </input_file>
      <input_file id="fl-d9">
         <path>C:\ti\ccs1200\ccs\tools\compiler\ti-cgt-arm_20.2.6.LTS\lib\</path>
         <kind>archive</kind>
         <file>rtsv7M4_T_le_v4SPD16_eabi.lib</file>
         <name>fd_div_t2.asm.obj</name>
      </input_file>
      <input_file id="fl-da">
         <path>C:\ti\ccs1200\ccs\tools\compiler\ti-cgt-arm_20.2.6.LTS\lib\</path>
         <kind>archive</kind>
         <file>rtsv7M4_T_le_v4SPD16_eabi.lib</file>
         <name>fd_mul_t2.asm.obj</name>
      </input_file>
      <input_file id="fl-db">
         <path>C:\ti\ccs1200\ccs\tools\compiler\ti-cgt-arm_20.2.6.LTS\lib\</path>
         <kind>archive</kind>
         <file>rtsv7M4_T_le_v4SPD16_eabi.lib</file>
         <name>fd_toi_t2.asm.obj</name>
      </input_file>
      <input_file id="fl-dc">
         <path>C:\ti\ccs1200\ccs\tools\compiler\ti-cgt-arm_20.2.6.LTS\lib\</path>
         <kind>archive</kind>
         <file>rtsv7M4_T_le_v4SPD16_eabi.lib</file>
         <name>fd_tos_t2.asm.obj</name>
      </input_file>
      <input_file id="fl-dd">
         <path>C:\ti\ccs1200\ccs\tools\compiler\ti-cgt-arm_20.2.6.LTS\lib\</path>
         <kind>archive</kind>
         <file>rtsv7M4_T_le_v4SPD16_eabi.lib</file>
         <name>fs_tod_t2.asm.obj</name>
      </input_file>
      <input_file id="fl-de">
         <path>C:\ti\ccs1200\ccs\tools\compiler\ti-cgt-arm_20.2.6.LTS\lib\</path>
         <kind>archive</kind>
         <file>rtsv7M4_T_le_v4SPD16_eabi.lib</file>
         <name>i_tofd_t2.asm.obj</name>
      </input_file>
      <input_file id="fl-df">
         <path>C:\ti\ccs1200\ccs\tools\compiler\ti-cgt-arm_20.2.6.LTS\lib\</path>
         <kind>archive</kind>
         <file>rtsv7M4_T_le_v4SPD16_eabi.lib</file>
         <name>memcpy_t2.asm.obj</name>
      </input_file>
      <input_file id="fl-e0">
         <path>C:\ti\ccs1200\ccs\tools\compiler\ti-cgt-arm_20.2.6.LTS\lib\</path>
         <kind>archive</kind>
         <file>rtsv7M4_T_le_v4SPD16_eabi.lib</file>
         <name>u_tofd_t2.asm.obj</name>
      </input_file>
      <input_file id="fl-e1">
         <path>C:\ti\ccs1200\ccs\tools\compiler\ti-cgt-arm_20.2.6.LTS\lib\</path>
         <kind>archive</kind>
         <file>rtsv7M4_T_le_v4SPD16_eabi.lib</file>
         <name>memset_t2.asm.obj</name>
      </input_file>
      <input_file id="fl-e2">
         <path>C:\ti\ccs1200\ccs\tools\compiler\ti-cgt-arm_20.2.6.LTS\lib\</path>
         <kind>archive</kind>
         <file>rtsv7M4_T_le_v4SPD16_eabi.lib</file>
         <name>ull_div_t2.asm.obj</name>
      </input_file>
      <input_file id="fl-e3">
         <path>C:\ti\ccs1200\ccs\tools\compiler\ti-cgt-arm_20.2.6.LTS\lib\</path>
         <kind>archive</kind>
         <file>rtsv7M4_T_le_v4SPD16_eabi.lib</file>
         <name>copy_zero_init.c.obj</name>
      </input_file>
      <input_file id="fl-e4">
         <path>C:\ti\ccs1200\ccs\tools\compiler\ti-cgt-arm_20.2.6.LTS\lib\</path>
         <kind>archive</kind>
         <file>rtsv7M4_T_le_v4SPD16_eabi.lib</file>
         <name>copy_decompress_none.c.obj</name>
      </input_file>
      <input_file id="fl-e5">
         <path>C:\ti\ccs1200\ccs\tools\compiler\ti-cgt-arm_20.2.6.LTS\lib\</path>
         <kind>archive</kind>
         <file>rtsv7M4_T_le_v4SPD16_eabi.lib</file>
         <name>copy_decompress_lzss.c.obj</name>
      </input_file>
      <input_file id="fl-e6">
         <path>C:\ti\ccs1200\ccs\tools\compiler\ti-cgt-arm_20.2.6.LTS\lib\</path>
         <kind>archive</kind>
         <file>rtsv7M4_T_le_v4SPD16_eabi.lib</file>
         <name>k_rem_pio2.c.obj</name>
      </input_file>
      <input_file id="fl-e7">
         <path>C:\ti\ccs1200\ccs\tools\compiler\ti-cgt-arm_20.2.6.LTS\lib\</path>
         <kind>archive</kind>
         <file>rtsv7M4_T_le_v4SPD16_eabi.lib</file>
         <name>exit.c.obj</name>
      </input_file>
      <input_file id="fl-e8">
         <path>C:\ti\ccs1200\ccs\tools\compiler\ti-cgt-arm_20.2.6.LTS\lib\</path>
         <kind>archive</kind>
         <file>rtsv7M4_T_le_v4SPD16_eabi.lib</file>
         <name>_lock.c.obj</name>
      </input_file>
      <input_file id="fl-e9">
         <path>C:\ti\ccs1200\ccs\tools\compiler\ti-cgt-arm_20.2.6.LTS\lib\</path>
         <kind>archive</kind>
         <file>rtsv7M4_T_le_v4SPD16_eabi.lib</file>
         <name>_ltoa.c.obj</name>
      </input_file>
      <input_file id="fl-ea">
         <path>C:\ti\ccs1200\ccs\tools\compiler\ti-cgt-arm_20.2.6.LTS\lib\</path>
         <kind>archive</kind>
         <file>rtsv7M4_T_le_v4SPD16_eabi.lib</file>
         <name>atoi.c.obj</name>
      </input_file>
      <input_file id="fl-eb">
         <path>C:\ti\ccs1200\ccs\tools\compiler\ti-cgt-arm_20.2.6.LTS\lib\</path>
         <kind>archive</kind>
         <file>rtsv7M4_T_le_v4SPD16_eabi.lib</file>
         <name>ctype.c.obj</name>
      </input_file>
      <input_file id="fl-ec">
         <path>C:\ti\ccs1200\ccs\tools\compiler\ti-cgt-arm_20.2.6.LTS\lib\</path>
         <kind>archive</kind>
         <file>rtsv7M4_T_le_v4SPD16_eabi.lib</file>
         <name>defs.c.obj</name>
      </input_file>
      <input_file id="fl-ed">
         <path>C:\ti\ccs1200\ccs\tools\compiler\ti-cgt-arm_20.2.6.LTS\lib\</path>
         <kind>archive</kind>
         <file>rtsv7M4_T_le_v4SPD16_eabi.lib</file>
         <name>memccpy.c.obj</name>
      </input_file>
      <input_file id="fl-ee">
         <path>C:\ti\ccs1200\ccs\tools\compiler\ti-cgt-arm_20.2.6.LTS\lib\</path>
         <kind>archive</kind>
         <file>rtsv7M4_T_le_v4SPD16_eabi.lib</file>
         <name>memchr.c.obj</name>
      </input_file>
      <input_file id="fl-ef">
         <path>C:\ti\ccs1200\ccs\tools\compiler\ti-cgt-arm_20.2.6.LTS\lib\</path>
         <kind>archive</kind>
         <file>rtsv7M4_T_le_v4SPD16_eabi.lib</file>
         <name>memory.c.obj</name>
      </input_file>
      <input_file id="fl-f0">
         <path>C:\ti\ccs1200\ccs\tools\compiler\ti-cgt-arm_20.2.6.LTS\lib\</path>
         <kind>archive</kind>
         <file>rtsv7M4_T_le_v4SPD16_eabi.lib</file>
         <name>strchr.c.obj</name>
      </input_file>
      <input_file id="fl-f1">
         <path>C:\ti\ccs1200\ccs\tools\compiler\ti-cgt-arm_20.2.6.LTS\lib\</path>
         <kind>archive</kind>
         <file>rtsv7M4_T_le_v4SPD16_eabi.lib</file>
         <name>strcmp.c.obj</name>
      </input_file>
      <input_file id="fl-f2">
         <path>C:\ti\ccs1200\ccs\tools\compiler\ti-cgt-arm_20.2.6.LTS\lib\</path>
         <kind>archive</kind>
         <file>rtsv7M4_T_le_v4SPD16_eabi.lib</file>
         <name>strcpy.c.obj</name>
      </input_file>
      <input_file id="fl-f3">
         <path>C:\ti\ccs1200\ccs\tools\compiler\ti-cgt-arm_20.2.6.LTS\lib\</path>
         <kind>archive</kind>
         <file>rtsv7M4_T_le_v4SPD16_eabi.lib</file>
         <name>strlen.c.obj</name>
      </input_file>
      <input_file id="fl-f4">
         <path>C:\ti\ccs1200\ccs\tools\compiler\ti-cgt-arm_20.2.6.LTS\lib\</path>
         <kind>archive</kind>
         <file>rtsv7M4_T_le_v4SPD16_eabi.lib</file>
         <name>write.c.obj</name>
      </input_file>
      <input_file id="fl-f5">
         <path>C:\ti\ccs1200\ccs\tools\compiler\ti-cgt-arm_20.2.6.LTS\lib\</path>
         <kind>archive</kind>
         <file>rtsv7M4_T_le_v4SPD16_eabi.lib</file>
         <name>host_device.c.obj</name>
      </input_file>
      <input_file id="fl-f6">
         <path>C:\ti\ccs1200\ccs\tools\compiler\ti-cgt-arm_20.2.6.LTS\lib\</path>
         <kind>archive</kind>
         <file>rtsv7M4_T_le_v4SPD16_eabi.lib</file>
         <name>errno.c.obj</name>
      </input_file>
      <input_file id="fl-f7">
         <path>C:\ti\ccs1200\ccs\tools\compiler\ti-cgt-arm_20.2.6.LTS\lib\</path>
         <kind>archive</kind>
         <file>rtsv7M4_T_le_v4SPD16_eabi.lib</file>
         <name>boot_cortex_m.c.obj</name>
      </input_file>
      <input_file id="fl-f8">
         <path>C:\ti\ccs1200\ccs\tools\compiler\ti-cgt-arm_20.2.6.LTS\lib\</path>
         <kind>archive</kind>
         <file>rtsv7M4_T_le_v4SPD16_eabi.lib</file>
         <name>k_tan.c.obj</name>
      </input_file>
      <input_file id="fl-f9">
         <path>C:\ti\ccs1200\ccs\tools\compiler\ti-cgt-arm_20.2.6.LTS\lib\</path>
         <kind>archive</kind>
         <file>rtsv7M4_T_le_v4SPD16_eabi.lib</file>
         <name>s_frexp.c.obj</name>
      </input_file>
      <input_file id="fl-fa">
         <path>C:\ti\ccs1200\ccs\tools\compiler\ti-cgt-arm_20.2.6.LTS\lib\</path>
         <kind>archive</kind>
         <file>rtsv7M4_T_le_v4SPD16_eabi.lib</file>
         <name>wcslen.c.obj</name>
      </input_file>
      <input_file id="fl-fb">
         <path>C:\ti\ccs1200\ccs\tools\compiler\ti-cgt-arm_20.2.6.LTS\lib\</path>
         <kind>archive</kind>
         <file>rtsv7M4_T_le_v4SPD16_eabi.lib</file>
         <name>fflush.c.obj</name>
      </input_file>
      <input_file id="fl-fc">
         <path>C:\ti\ccs1200\ccs\tools\compiler\ti-cgt-arm_20.2.6.LTS\lib\</path>
         <kind>archive</kind>
         <file>rtsv7M4_T_le_v4SPD16_eabi.lib</file>
         <name>fopen.c.obj</name>
      </input_file>
      <input_file id="fl-fd">
         <path>C:\ti\ccs1200\ccs\tools\compiler\ti-cgt-arm_20.2.6.LTS\lib\</path>
         <kind>archive</kind>
         <file>rtsv7M4_T_le_v4SPD16_eabi.lib</file>
         <name>fseek.c.obj</name>
      </input_file>
      <input_file id="fl-fe">
         <path>C:\ti\ccs1200\ccs\tools\compiler\ti-cgt-arm_20.2.6.LTS\lib\</path>
         <kind>archive</kind>
         <file>rtsv7M4_T_le_v4SPD16_eabi.lib</file>
         <name>div0.asm.obj</name>
      </input_file>
      <input_file id="fl-ff">
         <path>C:\ti\ccs1200\ccs\tools\compiler\ti-cgt-arm_20.2.6.LTS\lib\</path>
         <kind>archive</kind>
         <file>rtsv7M4_T_le_v4SPD16_eabi.lib</file>
         <name>autoinit.c.obj</name>
      </input_file>
      <input_file id="fl-100">
         <path>C:\ti\ccs1200\ccs\tools\compiler\ti-cgt-arm_20.2.6.LTS\lib\</path>
         <kind>archive</kind>
         <file>rtsv7M4_T_le_v4SPD16_eabi.lib</file>
         <name>pre_init.c.obj</name>
      </input_file>
      <input_file id="fl-101">
         <path>C:\ti\ccs1200\ccs\tools\compiler\ti-cgt-arm_20.2.6.LTS\lib\</path>
         <kind>archive</kind>
         <file>rtsv7M4_T_le_v4SPD16_eabi.lib</file>
         <name>cpy_tbl.c.obj</name>
      </input_file>
      <input_file id="fl-102">
         <path>C:\ti\ccs1200\ccs\tools\compiler\ti-cgt-arm_20.2.6.LTS\lib\</path>
         <kind>archive</kind>
         <file>rtsv7M4_T_le_v4SPD16_eabi.lib</file>
         <name>args_main.c.obj</name>
      </input_file>
      <input_file id="fl-103">
         <path>C:\ti\ccs1200\ccs\tools\compiler\ti-cgt-arm_20.2.6.LTS\lib\</path>
         <kind>archive</kind>
         <file>rtsv7M4_T_le_v4SPD16_eabi.lib</file>
         <name>hostclose.c.obj</name>
      </input_file>
      <input_file id="fl-104">
         <path>C:\ti\ccs1200\ccs\tools\compiler\ti-cgt-arm_20.2.6.LTS\lib\</path>
         <kind>archive</kind>
         <file>rtsv7M4_T_le_v4SPD16_eabi.lib</file>
         <name>hostlseek.c.obj</name>
      </input_file>
      <input_file id="fl-105">
         <path>C:\ti\ccs1200\ccs\tools\compiler\ti-cgt-arm_20.2.6.LTS\lib\</path>
         <kind>archive</kind>
         <file>rtsv7M4_T_le_v4SPD16_eabi.lib</file>
         <name>hostopen.c.obj</name>
      </input_file>
      <input_file id="fl-106">
         <path>C:\ti\ccs1200\ccs\tools\compiler\ti-cgt-arm_20.2.6.LTS\lib\</path>
         <kind>archive</kind>
         <file>rtsv7M4_T_le_v4SPD16_eabi.lib</file>
         <name>hostread.c.obj</name>
      </input_file>
      <input_file id="fl-107">
         <path>C:\ti\ccs1200\ccs\tools\compiler\ti-cgt-arm_20.2.6.LTS\lib\</path>
         <kind>archive</kind>
         <file>rtsv7M4_T_le_v4SPD16_eabi.lib</file>
         <name>hostrename.c.obj</name>
      </input_file>
      <input_file id="fl-108">
         <path>C:\ti\ccs1200\ccs\tools\compiler\ti-cgt-arm_20.2.6.LTS\lib\</path>
         <kind>archive</kind>
         <file>rtsv7M4_T_le_v4SPD16_eabi.lib</file>
         <name>hostunlink.c.obj</name>
      </input_file>
      <input_file id="fl-109">
         <path>C:\ti\ccs1200\ccs\tools\compiler\ti-cgt-arm_20.2.6.LTS\lib\</path>
         <kind>archive</kind>
         <file>rtsv7M4_T_le_v4SPD16_eabi.lib</file>
         <name>hostwrite.c.obj</name>
      </input_file>
      <input_file id="fl-10a">
         <path>C:\ti\ccs1200\ccs\tools\compiler\ti-cgt-arm_20.2.6.LTS\lib\</path>
         <kind>archive</kind>
         <file>rtsv7M4_T_le_v4SPD16_eabi.lib</file>
         <name>trgmsg.c.obj</name>
      </input_file>
      <input_file id="fl-10b">
         <path>C:\ti\ccs1200\ccs\tools\compiler\ti-cgt-arm_20.2.6.LTS\lib\</path>
         <kind>archive</kind>
         <file>rtsv7M4_T_le_v4SPD16_eabi.lib</file>
         <name>open.c.obj</name>
      </input_file>
      <input_file id="fl-10c">
         <path>C:\ti\ccs1200\ccs\tools\compiler\ti-cgt-arm_20.2.6.LTS\lib\</path>
         <kind>archive</kind>
         <file>rtsv7M4_T_le_v4SPD16_eabi.lib</file>
         <name>lseek.c.obj</name>
      </input_file>
      <input_file id="fl-10d">
         <path>C:\ti\ccs1200\ccs\tools\compiler\ti-cgt-arm_20.2.6.LTS\lib\</path>
         <kind>archive</kind>
         <file>rtsv7M4_T_le_v4SPD16_eabi.lib</file>
         <name>fclose.c.obj</name>
      </input_file>
      <input_file id="fl-10e">
         <path>C:\ti\ccs1200\ccs\tools\compiler\ti-cgt-arm_20.2.6.LTS\lib\</path>
         <kind>archive</kind>
         <file>rtsv7M4_T_le_v4SPD16_eabi.lib</file>
         <name>getdevice.c.obj</name>
      </input_file>
      <input_file id="fl-10f">
         <path>C:\ti\ccs1200\ccs\tools\compiler\ti-cgt-arm_20.2.6.LTS\lib\</path>
         <kind>archive</kind>
         <file>rtsv7M4_T_le_v4SPD16_eabi.lib</file>
         <name>strncpy.c.obj</name>
      </input_file>
      <input_file id="fl-110">
         <path>C:\ti\ccs1200\ccs\tools\compiler\ti-cgt-arm_20.2.6.LTS\lib\</path>
         <kind>archive</kind>
         <file>rtsv7M4_T_le_v4SPD16_eabi.lib</file>
         <name>remove.c.obj</name>
      </input_file>
      <input_file id="fl-111">
         <path>C:\ti\ccs1200\ccs\tools\compiler\ti-cgt-arm_20.2.6.LTS\lib\</path>
         <kind>archive</kind>
         <file>rtsv7M4_T_le_v4SPD16_eabi.lib</file>
         <name>close.c.obj</name>
      </input_file>
      <input_file id="fl-112">
         <path>C:\ti\ccs1200\ccs\tools\compiler\ti-cgt-arm_20.2.6.LTS\lib\</path>
         <kind>archive</kind>
         <file>rtsv7M4_T_le_v4SPD16_eabi.lib</file>
         <name>unlink.c.obj</name>
      </input_file>
      <input_file id="fl-113">
         <path>C:\ti\TivaWare_C_Series-2.2.0.295\driverlib\ccs\Debug\</path>
         <kind>archive</kind>
         <file>driverlib.lib</file>
         <name>interrupt.obj</name>
      </input_file>
      <input_file id="fl-114">
         <path>C:\ti\TivaWare_C_Series-2.2.0.295\driverlib\ccs\Debug\</path>
         <kind>archive</kind>
         <file>driverlib.lib</file>
         <name>cpu.obj</name>
      </input_file>
   </input_file_list>
   <object_component_list>
      <object_component id="oc-12">
         <name>.intvecs</name>
         <load_address>0x0</load_address>
         <run_address>0x0</run_address>
         <size>0x26c</size>
         <input_file_ref idref="fl-a"/>
      </object_component>
      <object_component id="oc-e9">
         <name>.text</name>
         <load_address>0x26c</load_address>
         <run_address>0x26c</run_address>
         <size>0xc20</size>
         <input_file_ref idref="fl-7"/>
      </object_component>
      <object_component id="oc-244">
         <name>.text:__TI_printfi</name>
         <load_address>0xe8c</load_address>
         <run_address>0xe8c</run_address>
         <size>0xa4e</size>
         <input_file_ref idref="fl-d0"/>
      </object_component>
      <object_component id="oc-371">
         <name>.text:_nop</name>
         <load_address>0x18da</load_address>
         <run_address>0x18da</run_address>
         <size>0x2</size>
         <input_file_ref idref="fl-e8"/>
      </object_component>
      <object_component id="oc-10c">
         <name>.text:pow</name>
         <load_address>0x18dc</load_address>
         <run_address>0x18dc</run_address>
         <size>0x9d0</size>
         <input_file_ref idref="fl-c9"/>
      </object_component>
      <object_component id="oc-a2">
         <name>.text</name>
         <load_address>0x22ac</load_address>
         <run_address>0x22ac</run_address>
         <size>0x844</size>
         <input_file_ref idref="fl-5"/>
      </object_component>
      <object_component id="oc-236">
         <name>.text:__kernel_rem_pio2</name>
         <load_address>0x2af0</load_address>
         <run_address>0x2af0</run_address>
         <size>0x738</size>
         <input_file_ref idref="fl-e6"/>
      </object_component>
      <object_component id="oc-12e">
         <name>.text:tan</name>
         <load_address>0x3228</load_address>
         <run_address>0x3228</run_address>
         <size>0x508</size>
         <input_file_ref idref="fl-cd"/>
      </object_component>
      <object_component id="oc-dd">
         <name>.text</name>
         <load_address>0x3730</load_address>
         <run_address>0x3730</run_address>
         <size>0x3a8</size>
         <input_file_ref idref="fl-4"/>
      </object_component>
      <object_component id="oc-23c">
         <name>.text:__kernel_tan</name>
         <load_address>0x3ad8</load_address>
         <run_address>0x3ad8</run_address>
         <size>0x31c</size>
         <input_file_ref idref="fl-f8"/>
      </object_component>
      <object_component id="oc-ef">
         <name>.text</name>
         <load_address>0x3df4</load_address>
         <run_address>0x3df4</run_address>
         <size>0x2dc</size>
         <input_file_ref idref="fl-6"/>
      </object_component>
      <object_component id="oc-f5">
         <name>.text</name>
         <load_address>0x40d0</load_address>
         <run_address>0x40d0</run_address>
         <size>0x274</size>
         <input_file_ref idref="fl-8"/>
      </object_component>
      <object_component id="oc-34f">
         <name>.text:_pconv_a</name>
         <load_address>0x4344</load_address>
         <run_address>0x4344</run_address>
         <size>0x270</size>
         <input_file_ref idref="fl-d0"/>
      </object_component>
      <object_component id="oc-d7">
         <name>.text</name>
         <load_address>0x45b4</load_address>
         <run_address>0x45b4</run_address>
         <size>0x248</size>
         <input_file_ref idref="fl-2"/>
      </object_component>
      <object_component id="oc-1b9">
         <name>.text:fmod</name>
         <load_address>0x47fc</load_address>
         <run_address>0x47fc</run_address>
         <size>0x234</size>
         <input_file_ref idref="fl-c8"/>
      </object_component>
      <object_component id="oc-e3">
         <name>.text</name>
         <load_address>0x4a30</load_address>
         <run_address>0x4a30</run_address>
         <size>0x21c</size>
         <input_file_ref idref="fl-b"/>
      </object_component>
      <object_component id="oc-33d">
         <name>.text:_pconv_g</name>
         <load_address>0x4c4c</load_address>
         <run_address>0x4c4c</run_address>
         <size>0x1d0</size>
         <input_file_ref idref="fl-d0"/>
      </object_component>
      <object_component id="oc-117">
         <name>.text</name>
         <load_address>0x4e1c</load_address>
         <run_address>0x4e1c</run_address>
         <size>0x1b6</size>
         <input_file_ref idref="fl-d7"/>
      </object_component>
      <object_component id="oc-475">
         <name>.text</name>
         <load_address>0x4fd2</load_address>
         <run_address>0x4fd2</run_address>
         <size>0x2</size>
         <input_file_ref idref="fl-fe"/>
      </object_component>
      <object_component id="oc-fb">
         <name>.text</name>
         <load_address>0x4fd4</load_address>
         <run_address>0x4fd4</run_address>
         <size>0x190</size>
         <input_file_ref idref="fl-9"/>
      </object_component>
      <object_component id="oc-211">
         <name>.text:sqrt</name>
         <load_address>0x5164</load_address>
         <run_address>0x5164</run_address>
         <size>0x158</size>
         <input_file_ref idref="fl-ca"/>
      </object_component>
      <object_component id="oc-101">
         <name>.text</name>
         <load_address>0x52bc</load_address>
         <run_address>0x52bc</run_address>
         <size>0x144</size>
         <input_file_ref idref="fl-3"/>
      </object_component>
      <object_component id="oc-349">
         <name>.text:_pconv_e</name>
         <load_address>0x5400</load_address>
         <run_address>0x5400</run_address>
         <size>0x13c</size>
         <input_file_ref idref="fl-d0"/>
      </object_component>
      <object_component id="oc-129">
         <name>.text</name>
         <load_address>0x553c</load_address>
         <run_address>0x553c</run_address>
         <size>0x136</size>
         <input_file_ref idref="fl-d9"/>
      </object_component>
      <object_component id="oc-40a">
         <name>.text:fcvt</name>
         <load_address>0x5674</load_address>
         <run_address>0x5674</run_address>
         <size>0x124</size>
         <input_file_ref idref="fl-d0"/>
      </object_component>
      <object_component id="oc-37f">
         <name>.text:fputs</name>
         <load_address>0x5798</load_address>
         <run_address>0x5798</run_address>
         <size>0x114</size>
         <input_file_ref idref="fl-d4"/>
      </object_component>
      <object_component id="oc-220">
         <name>.text:scalbn</name>
         <load_address>0x58ac</load_address>
         <run_address>0x58ac</run_address>
         <size>0x110</size>
         <input_file_ref idref="fl-cc"/>
      </object_component>
      <object_component id="oc-3ca">
         <name>.text:aligned_alloc</name>
         <load_address>0x59bc</load_address>
         <run_address>0x59bc</run_address>
         <size>0x100</size>
         <input_file_ref idref="fl-ef"/>
      </object_component>
      <object_component id="oc-112">
         <name>.text</name>
         <load_address>0x5abc</load_address>
         <run_address>0x5abc</run_address>
         <size>0xfc</size>
         <input_file_ref idref="fl-da"/>
      </object_component>
      <object_component id="oc-1bf">
         <name>.text:floor</name>
         <load_address>0x5bb8</load_address>
         <run_address>0x5bb8</run_address>
         <size>0xf8</size>
         <input_file_ref idref="fl-cb"/>
      </object_component>
      <object_component id="oc-1db">
         <name>.text:free</name>
         <load_address>0x5cb0</load_address>
         <run_address>0x5cb0</run_address>
         <size>0xe4</size>
         <input_file_ref idref="fl-ef"/>
      </object_component>
      <object_component id="oc-499">
         <name>.text:setvbuf</name>
         <load_address>0x5d94</load_address>
         <run_address>0x5d94</run_address>
         <size>0xdc</size>
         <input_file_ref idref="fl-d6"/>
      </object_component>
      <object_component id="oc-337">
         <name>.text:_ltostr</name>
         <load_address>0x5e70</load_address>
         <run_address>0x5e70</run_address>
         <size>0xb1</size>
         <input_file_ref idref="fl-d0"/>
      </object_component>
      <object_component id="oc-3e">
         <name>.text</name>
         <load_address>0x5f22</load_address>
         <run_address>0x5f22</run_address>
         <size>0x9c</size>
         <input_file_ref idref="fl-df"/>
      </object_component>
      <object_component id="oc-3f1">
         <name>.text</name>
         <load_address>0x5fbe</load_address>
         <run_address>0x5fbe</run_address>
         <size>0x96</size>
         <input_file_ref idref="fl-e2"/>
      </object_component>
      <object_component id="oc-386">
         <name>.text:fputc</name>
         <load_address>0x6054</load_address>
         <run_address>0x6054</run_address>
         <size>0x8c</size>
         <input_file_ref idref="fl-d3"/>
      </object_component>
      <object_component id="oc-1fb">
         <name>.text:__aeabi_cdcmple</name>
         <load_address>0x60e0</load_address>
         <run_address>0x60e0</run_address>
         <size>0x86</size>
         <input_file_ref idref="fl-d8"/>
      </object_component>
      <object_component id="oc-200">
         <name>.text:__aeabi_cdrcmple</name>
         <load_address>0x6166</load_address>
         <run_address>0x6166</run_address>
         <size>0x86</size>
         <input_file_ref idref="fl-d8"/>
      </object_component>
      <object_component id="oc-96">
         <name>.text</name>
         <load_address>0x61ec</load_address>
         <run_address>0x61ec</run_address>
         <size>0x7a</size>
         <input_file_ref idref="fl-e1"/>
      </object_component>
      <object_component id="oc-4e9">
         <name>.text:__TI_closefile</name>
         <load_address>0x6268</load_address>
         <run_address>0x6268</run_address>
         <size>0x74</size>
         <input_file_ref idref="fl-10d"/>
      </object_component>
      <object_component id="oc-467">
         <name>.text:split</name>
         <load_address>0x62dc</load_address>
         <run_address>0x62dc</run_address>
         <size>0x70</size>
         <input_file_ref idref="fl-ef"/>
      </object_component>
      <object_component id="oc-403">
         <name>.text:_mcpy</name>
         <load_address>0x634c</load_address>
         <run_address>0x634c</run_address>
         <size>0x6e</size>
         <input_file_ref idref="fl-d0"/>
      </object_component>
      <object_component id="oc-1ee">
         <name>.text</name>
         <load_address>0x63ba</load_address>
         <run_address>0x63ba</run_address>
         <size>0x6e</size>
         <input_file_ref idref="fl-dc"/>
      </object_component>
      <object_component id="oc-519">
         <name>.text:HOSTrename</name>
         <load_address>0x6428</load_address>
         <run_address>0x6428</run_address>
         <size>0x6c</size>
         <input_file_ref idref="fl-107"/>
      </object_component>
      <object_component id="oc-50d">
         <name>.text:HOSTlseek</name>
         <load_address>0x6494</load_address>
         <run_address>0x6494</run_address>
         <size>0x68</size>
         <input_file_ref idref="fl-104"/>
      </object_component>
      <object_component id="oc-15">
         <name>.text:decompress:lzss:__TI_decompress_lzss</name>
         <load_address>0x64fc</load_address>
         <run_address>0x64fc</run_address>
         <size>0x68</size>
         <input_file_ref idref="fl-e5"/>
      </object_component>
      <object_component id="oc-13a">
         <name>.text:printf</name>
         <load_address>0x6564</load_address>
         <run_address>0x6564</run_address>
         <size>0x68</size>
         <input_file_ref idref="fl-cf"/>
      </object_component>
      <object_component id="oc-418">
         <name>.text:frexp</name>
         <load_address>0x65cc</load_address>
         <run_address>0x65cc</run_address>
         <size>0x64</size>
         <input_file_ref idref="fl-f9"/>
      </object_component>
      <object_component id="oc-493">
         <name>.text:fseek</name>
         <load_address>0x6630</load_address>
         <run_address>0x6630</run_address>
         <size>0x64</size>
         <input_file_ref idref="fl-fd"/>
      </object_component>
      <object_component id="oc-43f">
         <name>.text:__TI_wrt_ok</name>
         <load_address>0x6694</load_address>
         <run_address>0x6694</run_address>
         <size>0x62</size>
         <input_file_ref idref="fl-d5"/>
      </object_component>
      <object_component id="oc-4f5">
         <name>.text:HOSTopen</name>
         <load_address>0x66f8</load_address>
         <run_address>0x66f8</run_address>
         <size>0x60</size>
         <input_file_ref idref="fl-105"/>
      </object_component>
      <object_component id="oc-525">
         <name>.text:close</name>
         <load_address>0x6758</load_address>
         <run_address>0x6758</run_address>
         <size>0x5c</size>
         <input_file_ref idref="fl-111"/>
      </object_component>
      <object_component id="oc-501">
         <name>.text:HOSTread</name>
         <load_address>0x67b4</load_address>
         <run_address>0x67b4</run_address>
         <size>0x58</size>
         <input_file_ref idref="fl-106"/>
      </object_component>
      <object_component id="oc-507">
         <name>.text:HOSTwrite</name>
         <load_address>0x680c</load_address>
         <run_address>0x680c</run_address>
         <size>0x58</size>
         <input_file_ref idref="fl-109"/>
      </object_component>
      <object_component id="oc-343">
         <name>.text:_pconv_f</name>
         <load_address>0x6864</load_address>
         <run_address>0x6864</run_address>
         <size>0x56</size>
         <input_file_ref idref="fl-d0"/>
      </object_component>
      <object_component id="oc-3f7">
         <name>.text:__TI_ltoa</name>
         <load_address>0x68ba</load_address>
         <run_address>0x68ba</run_address>
         <size>0x54</size>
         <input_file_ref idref="fl-e9"/>
      </object_component>
      <object_component id="oc-3fd">
         <name>.text:_ecpy</name>
         <load_address>0x690e</load_address>
         <run_address>0x690e</run_address>
         <size>0x52</size>
         <input_file_ref idref="fl-d0"/>
      </object_component>
      <object_component id="oc-44b">
         <name>.text:__TI_doflush</name>
         <load_address>0x6960</load_address>
         <run_address>0x6960</run_address>
         <size>0x4c</size>
         <input_file_ref idref="fl-fb"/>
      </object_component>
      <object_component id="oc-331">
         <name>.text:atoi</name>
         <load_address>0x69ac</load_address>
         <run_address>0x69ac</run_address>
         <size>0x4c</size>
         <input_file_ref idref="fl-ea"/>
      </object_component>
      <object_component id="oc-148">
         <name>.text:exit</name>
         <load_address>0x69f8</load_address>
         <run_address>0x69f8</run_address>
         <size>0x48</size>
         <input_file_ref idref="fl-e7"/>
      </object_component>
      <object_component id="oc-11c">
         <name>.text</name>
         <load_address>0x6a40</load_address>
         <run_address>0x6a40</run_address>
         <size>0x48</size>
         <input_file_ref idref="fl-db"/>
      </object_component>
      <object_component id="oc-4fb">
         <name>.text:HOSTclose</name>
         <load_address>0x6a88</load_address>
         <run_address>0x6a88</run_address>
         <size>0x44</size>
         <input_file_ref idref="fl-103"/>
      </object_component>
      <object_component id="oc-513">
         <name>.text:HOSTunlink</name>
         <load_address>0x6acc</load_address>
         <run_address>0x6acc</run_address>
         <size>0x44</size>
         <input_file_ref idref="fl-108"/>
      </object_component>
      <object_component id="oc-14e">
         <name>.text:__TI_auto_init_nobinit_nopinit:__TI_auto_init_nobinit_nopinit</name>
         <load_address>0x6b10</load_address>
         <run_address>0x6b10</run_address>
         <size>0x44</size>
         <input_file_ref idref="fl-ff"/>
      </object_component>
      <object_component id="oc-554">
         <name>.text:getdevice</name>
         <load_address>0x6b54</load_address>
         <run_address>0x6b54</run_address>
         <size>0x44</size>
         <input_file_ref idref="fl-10e"/>
      </object_component>
      <object_component id="oc-134">
         <name>.text:sprintf</name>
         <load_address>0x6b98</load_address>
         <run_address>0x6b98</run_address>
         <size>0x40</size>
         <input_file_ref idref="fl-d1"/>
      </object_component>
      <object_component id="oc-194">
         <name>.text:vsnprintf</name>
         <load_address>0x6bd8</load_address>
         <run_address>0x6bd8</run_address>
         <size>0x40</size>
         <input_file_ref idref="fl-d2"/>
      </object_component>
      <object_component id="oc-410">
         <name>.text:_fcpy</name>
         <load_address>0x6c18</load_address>
         <run_address>0x6c18</run_address>
         <size>0x3e</size>
         <input_file_ref idref="fl-d0"/>
      </object_component>
      <object_component id="oc-536">
         <name>.text:__TI_writemsg</name>
         <load_address>0x6c58</load_address>
         <run_address>0x6c58</run_address>
         <size>0x38</size>
         <input_file_ref idref="fl-10a"/>
      </object_component>
      <object_component id="oc-1d5">
         <name>.text:calloc</name>
         <load_address>0x6c90</load_address>
         <run_address>0x6c90</run_address>
         <size>0x38</size>
         <input_file_ref idref="fl-ef"/>
      </object_component>
      <object_component id="oc-1f3">
         <name>.text</name>
         <load_address>0x6cc8</load_address>
         <run_address>0x6cc8</run_address>
         <size>0x38</size>
         <input_file_ref idref="fl-dd"/>
      </object_component>
      <object_component id="oc-574">
         <name>.text:strncpy</name>
         <load_address>0x6d00</load_address>
         <run_address>0x6d00</run_address>
         <size>0x36</size>
         <input_file_ref idref="fl-10f"/>
      </object_component>
      <object_component id="oc-182">
         <name>.text:IntRegister</name>
         <load_address>0x6d38</load_address>
         <run_address>0x6d38</run_address>
         <size>0x34</size>
         <input_file_ref idref="fl-113"/>
      </object_component>
      <object_component id="oc-4c0">
         <name>.text:__TI_cleanup</name>
         <load_address>0x6d6c</load_address>
         <run_address>0x6d6c</run_address>
         <size>0x34</size>
         <input_file_ref idref="fl-fc"/>
      </object_component>
      <object_component id="oc-53c">
         <name>.text:__TI_readmsg</name>
         <load_address>0x6da0</load_address>
         <run_address>0x6da0</run_address>
         <size>0x34</size>
         <input_file_ref idref="fl-10a"/>
      </object_component>
      <object_component id="oc-5c">
         <name>.text:_c_int00_noargs:_c_int00_noargs</name>
         <load_address>0x6dd4</load_address>
         <run_address>0x6dd4</run_address>
         <size>0x34</size>
         <input_file_ref idref="fl-f7"/>
      </object_component>
      <object_component id="oc-2a6">
         <name>.text:_outs</name>
         <load_address>0x6e08</load_address>
         <run_address>0x6e08</run_address>
         <size>0x30</size>
         <input_file_ref idref="fl-d2"/>
      </object_component>
      <object_component id="oc-57a">
         <name>.text:finddevice</name>
         <load_address>0x6e38</load_address>
         <run_address>0x6e38</run_address>
         <size>0x30</size>
         <input_file_ref idref="fl-10e"/>
      </object_component>
      <object_component id="oc-124">
         <name>.text</name>
         <load_address>0x6e68</load_address>
         <run_address>0x6e68</run_address>
         <size>0x2e</size>
         <input_file_ref idref="fl-de"/>
      </object_component>
      <object_component id="oc-52b">
         <name>.text:unlink</name>
         <load_address>0x6e98</load_address>
         <run_address>0x6e98</run_address>
         <size>0x2c</size>
         <input_file_ref idref="fl-112"/>
      </object_component>
      <object_component id="oc-2ec">
         <name>.text:free_list_insert</name>
         <load_address>0x6ec4</load_address>
         <run_address>0x6ec4</run_address>
         <size>0x28</size>
         <input_file_ref idref="fl-ef"/>
      </object_component>
      <object_component id="oc-4b8">
         <name>.text:lseek</name>
         <load_address>0x6eec</load_address>
         <run_address>0x6eec</run_address>
         <size>0x28</size>
         <input_file_ref idref="fl-10c"/>
      </object_component>
      <object_component id="oc-451">
         <name>.text:write</name>
         <load_address>0x6f14</load_address>
         <run_address>0x6f14</run_address>
         <size>0x28</size>
         <input_file_ref idref="fl-f4"/>
      </object_component>
      <object_component id="oc-445">
         <name>.text:memchr</name>
         <load_address>0x6f3c</load_address>
         <run_address>0x6f3c</run_address>
         <size>0x20</size>
         <input_file_ref idref="fl-ee"/>
      </object_component>
      <object_component id="oc-107">
         <name>.text</name>
         <load_address>0x6f5c</load_address>
         <run_address>0x6f5c</run_address>
         <size>0x20</size>
         <input_file_ref idref="fl-e0"/>
      </object_component>
      <object_component id="oc-2e6">
         <name>.text:free_list_remove</name>
         <load_address>0x6f7c</load_address>
         <run_address>0x6f7c</run_address>
         <size>0x1c</size>
         <input_file_ref idref="fl-ef"/>
      </object_component>
      <object_component id="oc-355">
         <name>.text:memccpy</name>
         <load_address>0x6f98</load_address>
         <run_address>0x6f98</run_address>
         <size>0x1c</size>
         <input_file_ref idref="fl-ed"/>
      </object_component>
      <object_component id="oc-30a">
         <name>.text:copysign</name>
         <load_address>0x6fb4</load_address>
         <run_address>0x6fb4</run_address>
         <size>0x1a</size>
         <input_file_ref idref="fl-ce"/>
      </object_component>
      <object_component id="oc-2ac">
         <name>.text:_outc</name>
         <load_address>0x6fce</load_address>
         <run_address>0x6fce</run_address>
         <size>0x18</size>
         <input_file_ref idref="fl-d2"/>
      </object_component>
      <object_component id="oc-24a">
         <name>.text:_outs</name>
         <load_address>0x6fe6</load_address>
         <run_address>0x6fe6</run_address>
         <size>0x18</size>
         <input_file_ref idref="fl-d1"/>
      </object_component>
      <object_component id="oc-1e1">
         <name>.text:oi_parseInt</name>
         <load_address>0x6ffe</load_address>
         <run_address>0x6ffe</run_address>
         <size>0x18</size>
         <input_file_ref idref="fl-7"/>
      </object_component>
      <object_component id="oc-19a">
         <name>.text:strcmp</name>
         <load_address>0x7016</load_address>
         <run_address>0x7016</run_address>
         <size>0x18</size>
         <input_file_ref idref="fl-f1"/>
      </object_component>
      <object_component id="oc-41e">
         <name>.text:strchr</name>
         <load_address>0x702e</load_address>
         <run_address>0x702e</run_address>
         <size>0x16</size>
         <input_file_ref idref="fl-f0"/>
      </object_component>
      <object_component id="oc-1a0">
         <name>.text:strcpy</name>
         <load_address>0x7044</load_address>
         <run_address>0x7044</run_address>
         <size>0x14</size>
         <input_file_ref idref="fl-f2"/>
      </object_component>
      <object_component id="oc-1a6">
         <name>.text:strlen</name>
         <load_address>0x7058</load_address>
         <run_address>0x7058</run_address>
         <size>0x14</size>
         <input_file_ref idref="fl-f3"/>
      </object_component>
      <object_component id="oc-35b">
         <name>.text:wcslen</name>
         <load_address>0x706c</load_address>
         <run_address>0x706c</run_address>
         <size>0x12</size>
         <input_file_ref idref="fl-fa"/>
      </object_component>
      <object_component id="oc-1c5">
         <name>.text:IntMasterEnable</name>
         <load_address>0x707e</load_address>
         <run_address>0x707e</run_address>
         <size>0x10</size>
         <input_file_ref idref="fl-113"/>
      </object_component>
      <object_component id="oc-18d">
         <name>.text:lcd_clear</name>
         <load_address>0x708e</load_address>
         <run_address>0x708e</run_address>
         <size>0x10</size>
         <input_file_ref idref="fl-4"/>
      </object_component>
      <object_component id="oc-1b">
         <name>.text:decompress:none:__TI_decompress_none</name>
         <load_address>0x709e</load_address>
         <run_address>0x709e</run_address>
         <size>0xe</size>
         <input_file_ref idref="fl-e4"/>
      </object_component>
      <object_component id="oc-2d4">
         <name>.text:CPUcpsie</name>
         <load_address>0x70ac</load_address>
         <run_address>0x70ac</run_address>
         <size>0xc</size>
         <input_file_ref idref="fl-114"/>
      </object_component>
      <object_component id="oc-50">
         <name>.text:decompress:ZI:__TI_zero_init</name>
         <load_address>0x70b8</load_address>
         <run_address>0x70b8</run_address>
         <size>0xc</size>
         <input_file_ref idref="fl-e3"/>
      </object_component>
      <object_component id="oc-2a">
         <name>.text</name>
         <load_address>0x70c4</load_address>
         <run_address>0x70c4</run_address>
         <size>0xc</size>
         <input_file_ref idref="fl-a"/>
      </object_component>
      <object_component id="oc-250">
         <name>.text:_outc</name>
         <load_address>0x70d0</load_address>
         <run_address>0x70d0</run_address>
         <size>0xa</size>
         <input_file_ref idref="fl-d1"/>
      </object_component>
      <object_component id="oc-217">
         <name>.text:__aeabi_errno_addr</name>
         <load_address>0x70dc</load_address>
         <run_address>0x70dc</run_address>
         <size>0x8</size>
         <input_file_ref idref="fl-f6"/>
      </object_component>
      <object_component id="oc-2df">
         <name>.text:malloc</name>
         <load_address>0x70e4</load_address>
         <run_address>0x70e4</run_address>
         <size>0x8</size>
         <input_file_ref idref="fl-ef"/>
      </object_component>
      <object_component id="oc-264">
         <name>.text:_outc</name>
         <load_address>0x70ec</load_address>
         <run_address>0x70ec</run_address>
         <size>0x4</size>
         <input_file_ref idref="fl-cf"/>
      </object_component>
      <object_component id="oc-25e">
         <name>.text:_outs</name>
         <load_address>0x70f0</load_address>
         <run_address>0x70f0</run_address>
         <size>0x4</size>
         <input_file_ref idref="fl-cf"/>
      </object_component>
      <object_component id="oc-9c">
         <name>.text:_system_pre_init</name>
         <load_address>0x70f4</load_address>
         <run_address>0x70f4</run_address>
         <size>0x4</size>
         <input_file_ref idref="fl-100"/>
      </object_component>
      <object_component id="oc-142">
         <name>.text:abort:abort</name>
         <load_address>0x70f8</load_address>
         <run_address>0x70f8</run_address>
         <size>0x4</size>
         <input_file_ref idref="fl-e7"/>
      </object_component>
      <object_component id="oc-324">
         <name>.const:$O1$$</name>
         <load_address>0x7100</load_address>
         <run_address>0x7100</run_address>
         <size>0x158</size>
         <input_file_ref idref="fl-e6"/>
      </object_component>
      <object_component id="oc-3ec">
         <name>.const:.string:_ctypes_</name>
         <load_address>0x7258</load_address>
         <run_address>0x7258</run_address>
         <size>0x101</size>
         <input_file_ref idref="fl-eb"/>
      </object_component>
      <object_component id="oc-1ac">
         <name>.const:.string:lineAddress$1</name>
         <load_address>0x7359</load_address>
         <run_address>0x7359</run_address>
         <size>0x4</size>
         <input_file_ref idref="fl-4"/>
      </object_component>
      <object_component id="oc-32a">
         <name>.const:xxx</name>
         <load_address>0x7360</load_address>
         <run_address>0x7360</run_address>
         <size>0x80</size>
         <input_file_ref idref="fl-f8"/>
      </object_component>
      <object_component id="oc-1af">
         <name>.const:.string:$P$T0$4</name>
         <load_address>0x73e0</load_address>
         <run_address>0x73e0</run_address>
         <size>0x36</size>
         <input_file_ref idref="fl-4"/>
      </object_component>
      <object_component id="oc-21d">
         <name>.const:$O1$$</name>
         <load_address>0x7418</load_address>
         <run_address>0x7418</run_address>
         <size>0x30</size>
         <input_file_ref idref="fl-c9"/>
      </object_component>
      <object_component id="oc-2cd">
         <name>.const:Zero</name>
         <load_address>0x7448</load_address>
         <run_address>0x7448</run_address>
         <size>0x10</size>
         <input_file_ref idref="fl-c8"/>
      </object_component>
      <object_component id="oc-1eb">
         <name>.const:.string:$P$T0$3</name>
         <load_address>0x7458</load_address>
         <run_address>0x7458</run_address>
         <size>0xf</size>
         <input_file_ref idref="fl-7"/>
      </object_component>
      <object_component id="oc-1ad">
         <name>.const:.string:lineAddresses$2</name>
         <load_address>0x7467</load_address>
         <run_address>0x7467</run_address>
         <size>0x4</size>
         <input_file_ref idref="fl-4"/>
      </object_component>
      <object_component id="oc-5c0">
         <name>.cinit..data.load</name>
         <load_address>0x7470</load_address>
         <run_address>0x7470</run_address>
         <size>0x7d</size>
      </object_component>
      <object_component id="oc-5bd">
         <name>__TI_handler_table</name>
         <load_address>0x74f0</load_address>
         <run_address>0x74f0</run_address>
         <size>0xc</size>
      </object_component>
      <object_component id="oc-5c1">
         <name>.cinit..bss.load</name>
         <load_address>0x7500</load_address>
         <run_address>0x7500</run_address>
         <size>0x8</size>
      </object_component>
      <object_component id="oc-5bf">
         <name>.cinit..vtable.load</name>
         <load_address>0x7508</load_address>
         <run_address>0x7508</run_address>
         <size>0x8</size>
      </object_component>
      <object_component id="oc-5be">
         <name>__TI_cinit_table</name>
         <load_address>0x7510</load_address>
         <run_address>0x7510</run_address>
         <size>0x18</size>
      </object_component>
      <object_component id="oc-29a">
         <name>.vtable</name>
         <uninitialized>true</uninitialized>
         <run_address>0x20000000</run_address>
         <size>0x26c</size>
         <input_file_ref idref="fl-113"/>
      </object_component>
      <object_component id="oc-188">
         <name>.data</name>
         <load_address>0x200046a1</load_address>
         <run_address>0x200046a1</run_address>
         <size>0x1</size>
         <input_file_ref idref="fl-2"/>
      </object_component>
      <object_component id="oc-1e8">
         <name>.data</name>
         <load_address>0x20004670</load_address>
         <run_address>0x20004670</run_address>
         <size>0x20</size>
         <input_file_ref idref="fl-7"/>
      </object_component>
      <object_component id="oc-121">
         <name>.data</name>
         <load_address>0x20004690</load_address>
         <run_address>0x20004690</run_address>
         <size>0x11</size>
         <input_file_ref idref="fl-8"/>
      </object_component>
      <object_component id="oc-1cb">
         <name>.data</name>
         <load_address>0x200046d0</load_address>
         <run_address>0x200046d0</run_address>
         <size>0x8</size>
         <input_file_ref idref="fl-b"/>
      </object_component>
      <object_component id="oc-27e">
         <name>.data:$O1$$</name>
         <load_address>0x200046b4</load_address>
         <run_address>0x200046b4</run_address>
         <size>0xc</size>
         <input_file_ref idref="fl-e7"/>
      </object_component>
      <object_component id="oc-258">
         <name>.data:$O1$$</name>
         <load_address>0x200046c0</load_address>
         <run_address>0x200046c0</run_address>
         <size>0x8</size>
         <input_file_ref idref="fl-e8"/>
      </object_component>
      <object_component id="oc-25b">
         <name>.data:_ftable</name>
         <load_address>0x200044b8</load_address>
         <run_address>0x200044b8</run_address>
         <size>0xf0</size>
         <input_file_ref idref="fl-ec"/>
      </object_component>
      <object_component id="oc-4ef">
         <name>.data</name>
         <load_address>0x200046a4</load_address>
         <run_address>0x200046a4</run_address>
         <size>0x10</size>
         <input_file_ref idref="fl-ec"/>
      </object_component>
      <object_component id="oc-3d1">
         <name>.data:$O1$$</name>
         <load_address>0x200046c8</load_address>
         <run_address>0x200046c8</run_address>
         <size>0x8</size>
         <input_file_ref idref="fl-ef"/>
      </object_component>
      <object_component id="oc-4d3">
         <name>.data:_device</name>
         <load_address>0x200045a8</load_address>
         <run_address>0x200045a8</run_address>
         <size>0x78</size>
         <input_file_ref idref="fl-f5"/>
      </object_component>
      <object_component id="oc-4a5">
         <name>.data:_stream</name>
         <load_address>0x20004620</load_address>
         <run_address>0x20004620</run_address>
         <size>0x50</size>
         <input_file_ref idref="fl-f5"/>
      </object_component>
      <object_component id="oc-303">
         <name>.data</name>
         <load_address>0x200046d8</load_address>
         <run_address>0x200046d8</run_address>
         <size>0x4</size>
         <input_file_ref idref="fl-f6"/>
      </object_component>
      <object_component id="oc-1ae">
         <name>.bss:lastbuffer$3</name>
         <uninitialized>true</uninitialized>
         <run_address>0x20004430</run_address>
         <size>0x54</size>
         <input_file_ref idref="fl-4"/>
      </object_component>
      <object_component id="oc-1f8">
         <name>.bss:firmware$2</name>
         <uninitialized>true</uninitialized>
         <run_address>0x20004484</run_address>
         <size>0x18</size>
         <input_file_ref idref="fl-7"/>
      </object_component>
      <object_component id="oc-55e">
         <name>.bss:_CIOBUF_</name>
         <uninitialized>true</uninitialized>
         <run_address>0x20004270</run_address>
         <size>0x120</size>
         <input_file_ref idref="fl-10a"/>
      </object_component>
      <object_component id="oc-18b">
         <name>.common:_timeout_ticks</name>
         <uninitialized>true</uninitialized>
         <run_address>0x2000449c</run_address>
         <size>0x4</size>
      </object_component>
      <object_component id="oc-205">
         <name>.common:sensor</name>
         <uninitialized>true</uninitialized>
         <run_address>0x200044b4</run_address>
         <size>0x4</size>
      </object_component>
      <object_component id="oc-20a">
         <name>.common:ang</name>
         <uninitialized>true</uninitialized>
         <run_address>0x200044a0</run_address>
         <size>0x8</size>
      </object_component>
      <object_component id="oc-20d">
         <name>.common:clockwise</name>
         <uninitialized>true</uninitialized>
         <run_address>0x200044b0</run_address>
         <size>0x4</size>
      </object_component>
      <object_component id="oc-531">
         <name>.common:__TI_tmpnams</name>
         <uninitialized>true</uninitialized>
         <run_address>0x20004390</run_address>
         <size>0xa0</size>
      </object_component>
      <object_component id="oc-542">
         <name>.common:parmbuf</name>
         <uninitialized>true</uninitialized>
         <run_address>0x200044a8</run_address>
         <size>0x8</size>
      </object_component>
      <object_component id="oc-24">
         <name>.sysmem</name>
         <uninitialized>true</uninitialized>
         <run_address>0x20002270</run_address>
         <size>0x10</size>
         <input_file_ref idref="fl-ef"/>
      </object_component>
      <object_component id="oc-5c4">
         <name>.sysmem</name>
         <uninitialized>true</uninitialized>
         <run_address>0x20002270</run_address>
         <size>0x0</size>
      </object_component>
      <object_component id="oc-27">
         <name>.stack</name>
         <uninitialized>true</uninitialized>
         <run_address>0x20000270</run_address>
         <size>0x4</size>
         <input_file_ref idref="fl-f7"/>
      </object_component>
      <object_component id="oc-5c3">
         <name>.stack</name>
         <uninitialized>true</uninitialized>
         <run_address>0x20000270</run_address>
         <size>0x0</size>
      </object_component>
      <object_component id="oc-c5">
         <name>.debug_info</name>
         <load_address>0x0</load_address>
         <run_address>0x0</run_address>
         <size>0x2ae</size>
         <input_file_ref idref="fl-2"/>
      </object_component>
      <object_component id="oc-189">
         <name>.debug_info</name>
         <load_address>0x2ae</load_address>
         <run_address>0x2ae</run_address>
         <size>0xbc</size>
         <input_file_ref idref="fl-2"/>
      </object_component>
      <object_component id="oc-d8">
         <name>.debug_info</name>
         <load_address>0x36a</load_address>
         <run_address>0x36a</run_address>
         <size>0x504</size>
         <input_file_ref idref="fl-2"/>
      </object_component>
      <object_component id="oc-77">
         <name>.debug_info</name>
         <load_address>0x86e</load_address>
         <run_address>0x86e</run_address>
         <size>0x26b</size>
         <input_file_ref idref="fl-2"/>
      </object_component>
      <object_component id="oc-39">
         <name>.debug_info</name>
         <load_address>0xad9</load_address>
         <run_address>0xad9</run_address>
         <size>0x84</size>
         <input_file_ref idref="fl-2"/>
      </object_component>
      <object_component id="oc-c0">
         <name>.debug_info</name>
         <load_address>0xb5d</load_address>
         <run_address>0xb5d</run_address>
         <size>0x2a4</size>
         <input_file_ref idref="fl-2"/>
      </object_component>
      <object_component id="oc-7c">
         <name>.debug_info</name>
         <load_address>0xe01</load_address>
         <run_address>0xe01</run_address>
         <size>0xbb</size>
         <input_file_ref idref="fl-2"/>
      </object_component>
      <object_component id="oc-104">
         <name>.debug_info</name>
         <load_address>0xebc</load_address>
         <run_address>0xebc</run_address>
         <size>0x13d</size>
         <input_file_ref idref="fl-3"/>
      </object_component>
      <object_component id="oc-1b3">
         <name>.debug_info</name>
         <load_address>0xff9</load_address>
         <run_address>0xff9</run_address>
         <size>0x3dd</size>
         <input_file_ref idref="fl-4"/>
      </object_component>
      <object_component id="oc-1b0">
         <name>.debug_info</name>
         <load_address>0x13d6</load_address>
         <run_address>0x13d6</run_address>
         <size>0xb8</size>
         <input_file_ref idref="fl-4"/>
      </object_component>
      <object_component id="oc-18e">
         <name>.debug_info</name>
         <load_address>0x148e</load_address>
         <run_address>0x148e</run_address>
         <size>0x111</size>
         <input_file_ref idref="fl-4"/>
      </object_component>
      <object_component id="oc-de">
         <name>.debug_info</name>
         <load_address>0x159f</load_address>
         <run_address>0x159f</run_address>
         <size>0x9bc</size>
         <input_file_ref idref="fl-4"/>
      </object_component>
      <object_component id="oc-2c8">
         <name>.debug_info</name>
         <load_address>0x1f5b</load_address>
         <run_address>0x1f5b</run_address>
         <size>0xcc</size>
         <input_file_ref idref="fl-4"/>
      </object_component>
      <object_component id="oc-1b4">
         <name>.debug_info</name>
         <load_address>0x2027</load_address>
         <run_address>0x2027</run_address>
         <size>0x2c</size>
         <input_file_ref idref="fl-4"/>
      </object_component>
      <object_component id="oc-278">
         <name>.debug_info</name>
         <load_address>0x2053</load_address>
         <run_address>0x2053</run_address>
         <size>0x35</size>
         <input_file_ref idref="fl-4"/>
      </object_component>
      <object_component id="oc-141">
         <name>.debug_info</name>
         <load_address>0x2088</load_address>
         <run_address>0x2088</run_address>
         <size>0x659</size>
         <input_file_ref idref="fl-5"/>
      </object_component>
      <object_component id="oc-a3">
         <name>.debug_info</name>
         <load_address>0x26e1</load_address>
         <run_address>0x26e1</run_address>
         <size>0x853</size>
         <input_file_ref idref="fl-5"/>
      </object_component>
      <object_component id="oc-26e">
         <name>.debug_info</name>
         <load_address>0x2f34</load_address>
         <run_address>0x2f34</run_address>
         <size>0x5aa</size>
         <input_file_ref idref="fl-5"/>
      </object_component>
      <object_component id="oc-273">
         <name>.debug_info</name>
         <load_address>0x34de</load_address>
         <run_address>0x34de</run_address>
         <size>0xc5</size>
         <input_file_ref idref="fl-5"/>
      </object_component>
      <object_component id="oc-206">
         <name>.debug_info</name>
         <load_address>0x35a3</load_address>
         <run_address>0x35a3</run_address>
         <size>0x35f</size>
         <input_file_ref idref="fl-6"/>
      </object_component>
      <object_component id="oc-f2">
         <name>.debug_info</name>
         <load_address>0x3902</load_address>
         <run_address>0x3902</run_address>
         <size>0x746</size>
         <input_file_ref idref="fl-6"/>
      </object_component>
      <object_component id="oc-1fa">
         <name>.debug_info</name>
         <load_address>0x4048</load_address>
         <run_address>0x4048</run_address>
         <size>0x3f9</size>
         <input_file_ref idref="fl-7"/>
      </object_component>
      <object_component id="oc-1e9">
         <name>.debug_info</name>
         <load_address>0x4441</load_address>
         <run_address>0x4441</run_address>
         <size>0x10e</size>
         <input_file_ref idref="fl-7"/>
      </object_component>
      <object_component id="oc-1ec">
         <name>.debug_info</name>
         <load_address>0x454f</load_address>
         <run_address>0x454f</run_address>
         <size>0xc3</size>
         <input_file_ref idref="fl-7"/>
      </object_component>
      <object_component id="oc-1e2">
         <name>.debug_info</name>
         <load_address>0x4612</load_address>
         <run_address>0x4612</run_address>
         <size>0x13b</size>
         <input_file_ref idref="fl-7"/>
      </object_component>
      <object_component id="oc-ea">
         <name>.debug_info</name>
         <load_address>0x474d</load_address>
         <run_address>0x474d</run_address>
         <size>0x1985</size>
         <input_file_ref idref="fl-7"/>
      </object_component>
      <object_component id="oc-1cf">
         <name>.debug_info</name>
         <load_address>0x60d2</load_address>
         <run_address>0x60d2</run_address>
         <size>0x8b</size>
         <input_file_ref idref="fl-7"/>
      </object_component>
      <object_component id="oc-233">
         <name>.debug_info</name>
         <load_address>0x615d</load_address>
         <run_address>0x615d</run_address>
         <size>0x2ea</size>
         <input_file_ref idref="fl-8"/>
      </object_component>
      <object_component id="oc-122">
         <name>.debug_info</name>
         <load_address>0x6447</load_address>
         <run_address>0x6447</run_address>
         <size>0x14e</size>
         <input_file_ref idref="fl-8"/>
      </object_component>
      <object_component id="oc-f6">
         <name>.debug_info</name>
         <load_address>0x6595</load_address>
         <run_address>0x6595</run_address>
         <size>0x303</size>
         <input_file_ref idref="fl-8"/>
      </object_component>
      <object_component id="oc-320">
         <name>.debug_info</name>
         <load_address>0x6898</load_address>
         <run_address>0x6898</run_address>
         <size>0x44</size>
         <input_file_ref idref="fl-8"/>
      </object_component>
      <object_component id="oc-20b">
         <name>.debug_info</name>
         <load_address>0x68dc</load_address>
         <run_address>0x68dc</run_address>
         <size>0x281</size>
         <input_file_ref idref="fl-9"/>
      </object_component>
      <object_component id="oc-fd">
         <name>.debug_info</name>
         <load_address>0x6b5d</load_address>
         <run_address>0x6b5d</run_address>
         <size>0x222</size>
         <input_file_ref idref="fl-9"/>
      </object_component>
      <object_component id="oc-32">
         <name>.debug_info</name>
         <load_address>0x6d7f</load_address>
         <run_address>0x6d7f</run_address>
         <size>0x298</size>
         <input_file_ref idref="fl-a"/>
      </object_component>
      <object_component id="oc-13">
         <name>.debug_info</name>
         <load_address>0x7017</load_address>
         <run_address>0x7017</run_address>
         <size>0xd7</size>
         <input_file_ref idref="fl-a"/>
      </object_component>
      <object_component id="oc-2e">
         <name>.debug_info</name>
         <load_address>0x70ee</load_address>
         <run_address>0x70ee</run_address>
         <size>0x253</size>
         <input_file_ref idref="fl-a"/>
      </object_component>
      <object_component id="oc-1d4">
         <name>.debug_info</name>
         <load_address>0x7341</load_address>
         <run_address>0x7341</run_address>
         <size>0x2ee</size>
         <input_file_ref idref="fl-b"/>
      </object_component>
      <object_component id="oc-1cc">
         <name>.debug_info</name>
         <load_address>0x762f</load_address>
         <run_address>0x762f</run_address>
         <size>0xf6</size>
         <input_file_ref idref="fl-b"/>
      </object_component>
      <object_component id="oc-e4">
         <name>.debug_info</name>
         <load_address>0x7725</load_address>
         <run_address>0x7725</run_address>
         <size>0x45e</size>
         <input_file_ref idref="fl-b"/>
      </object_component>
      <object_component id="oc-2d1">
         <name>.debug_info</name>
         <load_address>0x7b83</load_address>
         <run_address>0x7b83</run_address>
         <size>0x297</size>
         <input_file_ref idref="fl-c8"/>
      </object_component>
      <object_component id="oc-2ce">
         <name>.debug_info</name>
         <load_address>0x7e1a</load_address>
         <run_address>0x7e1a</run_address>
         <size>0xfd</size>
         <input_file_ref idref="fl-c8"/>
      </object_component>
      <object_component id="oc-1bd">
         <name>.debug_info</name>
         <load_address>0x7f17</load_address>
         <run_address>0x7f17</run_address>
         <size>0x288</size>
         <input_file_ref idref="fl-c8"/>
      </object_component>
      <object_component id="oc-317">
         <name>.debug_info</name>
         <load_address>0x819f</load_address>
         <run_address>0x819f</run_address>
         <size>0x46</size>
         <input_file_ref idref="fl-c8"/>
      </object_component>
      <object_component id="oc-227">
         <name>.debug_info</name>
         <load_address>0x81e5</load_address>
         <run_address>0x81e5</run_address>
         <size>0x39</size>
         <input_file_ref idref="fl-c8"/>
      </object_component>
      <object_component id="oc-22c">
         <name>.debug_info</name>
         <load_address>0x821e</load_address>
         <run_address>0x821e</run_address>
         <size>0x35e</size>
         <input_file_ref idref="fl-c9"/>
      </object_component>
      <object_component id="oc-21e">
         <name>.debug_info</name>
         <load_address>0x857c</load_address>
         <run_address>0x857c</run_address>
         <size>0x128</size>
         <input_file_ref idref="fl-c9"/>
      </object_component>
      <object_component id="oc-10f">
         <name>.debug_info</name>
         <load_address>0x86a4</load_address>
         <run_address>0x86a4</run_address>
         <size>0xbf2</size>
         <input_file_ref idref="fl-c9"/>
      </object_component>
      <object_component id="oc-302">
         <name>.debug_info</name>
         <load_address>0x9296</load_address>
         <run_address>0x9296</run_address>
         <size>0x2c5</size>
         <input_file_ref idref="fl-ca"/>
      </object_component>
      <object_component id="oc-212">
         <name>.debug_info</name>
         <load_address>0x955b</load_address>
         <run_address>0x955b</run_address>
         <size>0x24e</size>
         <input_file_ref idref="fl-ca"/>
      </object_component>
      <object_component id="oc-2d3">
         <name>.debug_info</name>
         <load_address>0x97a9</load_address>
         <run_address>0x97a9</run_address>
         <size>0x28a</size>
         <input_file_ref idref="fl-cb"/>
      </object_component>
      <object_component id="oc-1c1">
         <name>.debug_info</name>
         <load_address>0x9a33</load_address>
         <run_address>0x9a33</run_address>
         <size>0x22a</size>
         <input_file_ref idref="fl-cb"/>
      </object_component>
      <object_component id="oc-311">
         <name>.debug_info</name>
         <load_address>0x9c5d</load_address>
         <run_address>0x9c5d</run_address>
         <size>0x2f8</size>
         <input_file_ref idref="fl-cc"/>
      </object_component>
      <object_component id="oc-222">
         <name>.debug_info</name>
         <load_address>0x9f55</load_address>
         <run_address>0x9f55</run_address>
         <size>0x225</size>
         <input_file_ref idref="fl-cc"/>
      </object_component>
      <object_component id="oc-3df">
         <name>.debug_info</name>
         <load_address>0xa17a</load_address>
         <run_address>0xa17a</run_address>
         <size>0x39</size>
         <input_file_ref idref="fl-cc"/>
      </object_component>
      <object_component id="oc-312">
         <name>.debug_info</name>
         <load_address>0xa1b3</load_address>
         <run_address>0xa1b3</run_address>
         <size>0x2c</size>
         <input_file_ref idref="fl-cc"/>
      </object_component>
      <object_component id="oc-243">
         <name>.debug_info</name>
         <load_address>0xa1df</load_address>
         <run_address>0xa1df</run_address>
         <size>0x36a</size>
         <input_file_ref idref="fl-cd"/>
      </object_component>
      <object_component id="oc-130">
         <name>.debug_info</name>
         <load_address>0xa549</load_address>
         <run_address>0xa549</run_address>
         <size>0x5d4</size>
         <input_file_ref idref="fl-cd"/>
      </object_component>
      <object_component id="oc-30d">
         <name>.debug_info</name>
         <load_address>0xab1d</load_address>
         <run_address>0xab1d</run_address>
         <size>0x161</size>
         <input_file_ref idref="fl-ce"/>
      </object_component>
      <object_component id="oc-26b">
         <name>.debug_info</name>
         <load_address>0xac7e</load_address>
         <run_address>0xac7e</run_address>
         <size>0x3e5</size>
         <input_file_ref idref="fl-cf"/>
      </object_component>
      <object_component id="oc-265">
         <name>.debug_info</name>
         <load_address>0xb063</load_address>
         <run_address>0xb063</run_address>
         <size>0x157</size>
         <input_file_ref idref="fl-cf"/>
      </object_component>
      <object_component id="oc-25f">
         <name>.debug_info</name>
         <load_address>0xb1ba</load_address>
         <run_address>0xb1ba</run_address>
         <size>0x166</size>
         <input_file_ref idref="fl-cf"/>
      </object_component>
      <object_component id="oc-13b">
         <name>.debug_info</name>
         <load_address>0xb320</load_address>
         <run_address>0xb320</run_address>
         <size>0x1ac</size>
         <input_file_ref idref="fl-cf"/>
      </object_component>
      <object_component id="oc-38f">
         <name>.debug_info</name>
         <load_address>0xb4cc</load_address>
         <run_address>0xb4cc</run_address>
         <size>0xb2</size>
         <input_file_ref idref="fl-cf"/>
      </object_component>
      <object_component id="oc-362">
         <name>.debug_info</name>
         <load_address>0xb57e</load_address>
         <run_address>0xb57e</run_address>
         <size>0x590</size>
         <input_file_ref idref="fl-d0"/>
      </object_component>
      <object_component id="oc-339">
         <name>.debug_info</name>
         <load_address>0xbb0e</load_address>
         <run_address>0xbb0e</run_address>
         <size>0x21e</size>
         <input_file_ref idref="fl-d0"/>
      </object_component>
      <object_component id="oc-3ff">
         <name>.debug_info</name>
         <load_address>0xbd2c</load_address>
         <run_address>0xbd2c</run_address>
         <size>0x1b3</size>
         <input_file_ref idref="fl-d0"/>
      </object_component>
      <object_component id="oc-405">
         <name>.debug_info</name>
         <load_address>0xbedf</load_address>
         <run_address>0xbedf</run_address>
         <size>0x21b</size>
         <input_file_ref idref="fl-d0"/>
      </object_component>
      <object_component id="oc-33f">
         <name>.debug_info</name>
         <load_address>0xc0fa</load_address>
         <run_address>0xc0fa</run_address>
         <size>0x3c0</size>
         <input_file_ref idref="fl-d0"/>
      </object_component>
      <object_component id="oc-40c">
         <name>.debug_info</name>
         <load_address>0xc4ba</load_address>
         <run_address>0xc4ba</run_address>
         <size>0x30a</size>
         <input_file_ref idref="fl-d0"/>
      </object_component>
      <object_component id="oc-412">
         <name>.debug_info</name>
         <load_address>0xc7c4</load_address>
         <run_address>0xc7c4</run_address>
         <size>0x215</size>
         <input_file_ref idref="fl-d0"/>
      </object_component>
      <object_component id="oc-345">
         <name>.debug_info</name>
         <load_address>0xc9d9</load_address>
         <run_address>0xc9d9</run_address>
         <size>0x215</size>
         <input_file_ref idref="fl-d0"/>
      </object_component>
      <object_component id="oc-34b">
         <name>.debug_info</name>
         <load_address>0xcbee</load_address>
         <run_address>0xcbee</run_address>
         <size>0x304</size>
         <input_file_ref idref="fl-d0"/>
      </object_component>
      <object_component id="oc-351">
         <name>.debug_info</name>
         <load_address>0xcef2</load_address>
         <run_address>0xcef2</run_address>
         <size>0x4b5</size>
         <input_file_ref idref="fl-d0"/>
      </object_component>
      <object_component id="oc-246">
         <name>.debug_info</name>
         <load_address>0xd3a7</load_address>
         <run_address>0xd3a7</run_address>
         <size>0x5f4</size>
         <input_file_ref idref="fl-d0"/>
      </object_component>
      <object_component id="oc-363">
         <name>.debug_info</name>
         <load_address>0xd99b</load_address>
         <run_address>0xd99b</run_address>
         <size>0x86</size>
         <input_file_ref idref="fl-d0"/>
      </object_component>
      <object_component id="oc-430">
         <name>.debug_info</name>
         <load_address>0xda21</load_address>
         <run_address>0xda21</run_address>
         <size>0x39</size>
         <input_file_ref idref="fl-d0"/>
      </object_component>
      <object_component id="oc-48e">
         <name>.debug_info</name>
         <load_address>0xda5a</load_address>
         <run_address>0xda5a</run_address>
         <size>0xb6</size>
         <input_file_ref idref="fl-d0"/>
      </object_component>
      <object_component id="oc-435">
         <name>.debug_info</name>
         <load_address>0xdb10</load_address>
         <run_address>0xdb10</run_address>
         <size>0x46</size>
         <input_file_ref idref="fl-d0"/>
      </object_component>
      <object_component id="oc-368">
         <name>.debug_info</name>
         <load_address>0xdb56</load_address>
         <run_address>0xdb56</run_address>
         <size>0x46</size>
         <input_file_ref idref="fl-d0"/>
      </object_component>
      <object_component id="oc-2b4">
         <name>.debug_info</name>
         <load_address>0xdb9c</load_address>
         <run_address>0xdb9c</run_address>
         <size>0x2c</size>
         <input_file_ref idref="fl-d0"/>
      </object_component>
      <object_component id="oc-257">
         <name>.debug_info</name>
         <load_address>0xdbc8</load_address>
         <run_address>0xdbc8</run_address>
         <size>0x333</size>
         <input_file_ref idref="fl-d1"/>
      </object_component>
      <object_component id="oc-138">
         <name>.debug_info</name>
         <load_address>0xdefb</load_address>
         <run_address>0xdefb</run_address>
         <size>0x1d1</size>
[...]
      </symbol>
      <symbol id="sm-343">
         <name>uart_receive</name>
         <value>0x4b29</value>
         <object_component_ref idref="oc-e3"/>
      </symbol>
      <symbol id="sm-344">
         <name>uart_sendStr</name>
         <value>0x4b79</value>
         <object_component_ref idref="oc-e3"/>
      </symbol>
      <symbol id="sm-38d">
         <name>fmod</name>
         <value>0x47fd</value>
         <object_component_ref idref="oc-1b9"/>
      </symbol>
      <symbol id="sm-38e">
         <name>fmodl</name>
         <value>0x47fd</value>
         <object_component_ref idref="oc-1b9"/>
      </symbol>
      <symbol id="sm-41a">
         <name>pow</name>
         <value>0x18dd</value>
         <object_component_ref idref="oc-10c"/>
      </symbol>
      <symbol id="sm-41b">
         <name>powl</name>
         <value>0x18dd</value>
         <object_component_ref idref="oc-10c"/>
      </symbol>
      <symbol id="sm-43d">
         <name>sqrtl</name>
         <value>0x5165</value>
         <object_component_ref idref="oc-211"/>
      </symbol>
      <symbol id="sm-43e">
         <name>sqrt</name>
         <value>0x5165</value>
         <object_component_ref idref="oc-211"/>
      </symbol>
      <symbol id="sm-45b">
         <name>floorl</name>
         <value>0x5bb9</value>
         <object_component_ref idref="oc-1bf"/>
      </symbol>
      <symbol id="sm-45c">
         <name>floor</name>
         <value>0x5bb9</value>
         <object_component_ref idref="oc-1bf"/>
      </symbol>
      <symbol id="sm-483">
         <name>scalbn</name>
         <value>0x58ad</value>
         <object_component_ref idref="oc-220"/>
      </symbol>
      <symbol id="sm-484">
         <name>scalbnl</name>
         <value>0x58ad</value>
         <object_component_ref idref="oc-220"/>
      </symbol>
      <symbol id="sm-485">
         <name>ldexpl</name>
         <value>0x58ad</value>
         <object_component_ref idref="oc-220"/>
      </symbol>
      <symbol id="sm-486">
         <name>ldexp</name>
         <value>0x58ad</value>
         <object_component_ref idref="oc-220"/>
      </symbol>
      <symbol id="sm-4d7">
         <name>tanl</name>
         <value>0x3229</value>
         <object_component_ref idref="oc-12e"/>
      </symbol>
      <symbol id="sm-4d8">
         <name>tan</name>
         <value>0x3229</value>
         <object_component_ref idref="oc-12e"/>
      </symbol>
      <symbol id="sm-4e2">
         <name>copysign</name>
         <value>0x6fb5</value>
         <object_component_ref idref="oc-30a"/>
      </symbol>
      <symbol id="sm-4e3">
         <name>copysignl</name>
         <value>0x6fb5</value>
         <object_component_ref idref="oc-30a"/>
      </symbol>
      <symbol id="sm-50f">
         <name>printf</name>
         <value>0x6565</value>
         <object_component_ref idref="oc-13a"/>
      </symbol>
      <symbol id="sm-679">
         <name>__TI_printfi</name>
         <value>0xe8d</value>
         <object_component_ref idref="oc-244"/>
      </symbol>
      <symbol id="sm-69b">
         <name>sprintf</name>
         <value>0x6b99</value>
         <object_component_ref idref="oc-134"/>
      </symbol>
      <symbol id="sm-6c5">
         <name>vsnprintf</name>
         <value>0x6bd9</value>
         <object_component_ref idref="oc-194"/>
      </symbol>
      <symbol id="sm-6da">
         <name>putc</name>
         <value>0x6055</value>
         <object_component_ref idref="oc-386"/>
      </symbol>
      <symbol id="sm-6db">
         <name>fputc</name>
         <value>0x6055</value>
         <object_component_ref idref="oc-386"/>
      </symbol>
      <symbol id="sm-6fe">
         <name>fputs</name>
         <value>0x5799</value>
         <object_component_ref idref="oc-37f"/>
      </symbol>
      <symbol id="sm-716">
         <name>__TI_wrt_ok</name>
         <value>0x6695</value>
         <object_component_ref idref="oc-43f"/>
      </symbol>
      <symbol id="sm-732">
         <name>setvbuf</name>
         <value>0x5d95</value>
         <object_component_ref idref="oc-499"/>
      </symbol>
      <symbol id="sm-749">
         <name>__aeabi_dsub</name>
         <value>0x4e1d</value>
         <object_component_ref idref="oc-117"/>
      </symbol>
      <symbol id="sm-74a">
         <name>__aeabi_dadd</name>
         <value>0x4e27</value>
         <object_component_ref idref="oc-117"/>
      </symbol>
      <symbol id="sm-76c">
         <name>__aeabi_cdcmpeq</name>
         <value>0x60e1</value>
         <object_component_ref idref="oc-1fb"/>
      </symbol>
      <symbol id="sm-76d">
         <name>__aeabi_cdcmple</name>
         <value>0x60e1</value>
         <object_component_ref idref="oc-1fb"/>
      </symbol>
      <symbol id="sm-76e">
         <name>__aeabi_cdrcmple</name>
         <value>0x6167</value>
         <object_component_ref idref="oc-200"/>
      </symbol>
      <symbol id="sm-782">
         <name>__aeabi_ddiv</name>
         <value>0x553d</value>
         <object_component_ref idref="oc-129"/>
      </symbol>
      <symbol id="sm-78d">
         <name>__aeabi_dmul</name>
         <value>0x5abd</value>
         <object_component_ref idref="oc-112"/>
      </symbol>
      <symbol id="sm-797">
         <name>__aeabi_d2iz</name>
         <value>0x6a41</value>
         <object_component_ref idref="oc-11c"/>
      </symbol>
      <symbol id="sm-7a3">
         <name>__aeabi_d2f</name>
         <value>0x63bb</value>
         <object_component_ref idref="oc-1ee"/>
      </symbol>
      <symbol id="sm-7ae">
         <name>__aeabi_f2d</name>
         <value>0x6cc9</value>
         <object_component_ref idref="oc-1f3"/>
      </symbol>
      <symbol id="sm-7b8">
         <name>__aeabi_i2d</name>
         <value>0x6e69</value>
         <object_component_ref idref="oc-124"/>
      </symbol>
      <symbol id="sm-7d3">
         <name>memcpy</name>
         <value>0x5f23</value>
         <object_component_ref idref="oc-3e"/>
      </symbol>
      <symbol id="sm-7d4">
         <name>__aeabi_memcpy</name>
         <value>0x5f23</value>
         <object_component_ref idref="oc-3e"/>
      </symbol>
      <symbol id="sm-7d5">
         <name>__aeabi_memcpy8</name>
         <value>0x5f23</value>
         <object_component_ref idref="oc-3e"/>
      </symbol>
      <symbol id="sm-7d6">
         <name>__aeabi_memcpy4</name>
         <value>0x5f23</value>
         <object_component_ref idref="oc-3e"/>
      </symbol>
      <symbol id="sm-7e0">
         <name>__aeabi_ui2d</name>
         <value>0x6f5d</value>
         <object_component_ref idref="oc-107"/>
      </symbol>
      <symbol id="sm-7ef">
         <name>__aeabi_memset</name>
         <value>0x61ef</value>
         <object_component_ref idref="oc-96"/>
      </symbol>
      <symbol id="sm-7f0">
         <name>memset</name>
         <value>0x61f5</value>
         <object_component_ref idref="oc-96"/>
      </symbol>
      <symbol id="sm-7f1">
         <name>__aeabi_memset8</name>
         <value>0x61ef</value>
         <object_component_ref idref="oc-96"/>
      </symbol>
      <symbol id="sm-7f2">
         <name>__aeabi_memset4</name>
         <value>0x61ef</value>
         <object_component_ref idref="oc-96"/>
      </symbol>
      <symbol id="sm-7f3">
         <name>__aeabi_memclr8</name>
         <value>0x61ed</value>
         <object_component_ref idref="oc-96"/>
      </symbol>
      <symbol id="sm-7f4">
         <name>__aeabi_memclr4</name>
         <value>0x61ed</value>
         <object_component_ref idref="oc-96"/>
      </symbol>
      <symbol id="sm-7f5">
         <name>__aeabi_memclr</name>
         <value>0x61ed</value>
         <object_component_ref idref="oc-96"/>
      </symbol>
      <symbol id="sm-802">
         <name>__aeabi_uldivmod</name>
         <value>0x5fbf</value>
         <object_component_ref idref="oc-3f1"/>
      </symbol>
      <symbol id="sm-814">
         <name>__TI_zero_init</name>
         <value>0x70b9</value>
         <object_component_ref idref="oc-50"/>
      </symbol>
      <symbol id="sm-82b">
         <name>__TI_decompress_none</name>
         <value>0x709f</value>
         <object_component_ref idref="oc-1b"/>
      </symbol>
      <symbol id="sm-84e">
         <name>__TI_decompress_lzss</name>
         <value>0x64fd</value>
         <object_component_ref idref="oc-15"/>
      </symbol>
      <symbol id="sm-8b4">
         <name>__kernel_rem_pio2</name>
         <value>0x2af1</value>
         <object_component_ref idref="oc-236"/>
      </symbol>
      <symbol id="sm-8da">
         <name>C$$EXIT</name>
         <value>0x70f9</value>
         <object_component_ref idref="oc-142"/>
      </symbol>
      <symbol id="sm-8db">
         <name>abort</name>
         <value>0x70f9</value>
         <object_component_ref idref="oc-142"/>
      </symbol>
      <symbol id="sm-8dc">
         <name>__TI_dtors_ptr</name>
         <value>0x200046b8</value>
         <object_component_ref idref="oc-27e"/>
      </symbol>
      <symbol id="sm-8dd">
         <name>__TI_cleanup_ptr</name>
         <value>0x200046b4</value>
         <object_component_ref idref="oc-27e"/>
      </symbol>
      <symbol id="sm-8de">
         <name>__TI_enable_exit_profile_output</name>
         <value>0x200046bc</value>
         <object_component_ref idref="oc-27e"/>
      </symbol>
      <symbol id="sm-8df">
         <name>exit</name>
         <value>0x69f9</value>
         <object_component_ref idref="oc-148"/>
      </symbol>
      <symbol id="sm-8f4">
         <name>_nop</name>
         <value>0x18db</value>
         <object_component_ref idref="oc-371"/>
      </symbol>
      <symbol id="sm-8f5">
         <name>_lock</name>
         <value>0x200046c0</value>
         <object_component_ref idref="oc-258"/>
      </symbol>
      <symbol id="sm-8f6">
         <name>_unlock</name>
         <value>0x200046c4</value>
         <object_component_ref idref="oc-258"/>
      </symbol>
      <symbol id="sm-905">
         <name>__TI_ltoa</name>
         <value>0x68bb</value>
         <object_component_ref idref="oc-3f7"/>
      </symbol>
      <symbol id="sm-91b">
         <name>atoi</name>
         <value>0x69ad</value>
         <object_component_ref idref="oc-331"/>
      </symbol>
      <symbol id="sm-926">
         <name>_ctypes_</name>
         <value>0x7258</value>
         <object_component_ref idref="oc-3ec"/>
      </symbol>
      <symbol id="sm-93b">
         <name>__TI_tmpnams</name>
         <value>0x20004390</value>
      </symbol>
      <symbol id="sm-93c">
         <name>__aeabi_stdout</name>
         <value>0x200046ac</value>
         <object_component_ref idref="oc-4ef"/>
      </symbol>
      <symbol id="sm-93d">
         <name>__aeabi_stderr</name>
         <value>0x200046b0</value>
         <object_component_ref idref="oc-4ef"/>
      </symbol>
      <symbol id="sm-93e">
         <name>__aeabi_stdin</name>
         <value>0x200046a8</value>
         <object_component_ref idref="oc-4ef"/>
      </symbol>
      <symbol id="sm-93f">
         <name>_ftable</name>
         <value>0x200044b8</value>
         <object_component_ref idref="oc-25b"/>
      </symbol>
      <symbol id="sm-940">
         <name>__TI_ft_end</name>
         <value>0x200046a4</value>
         <object_component_ref idref="oc-4ef"/>
      </symbol>
      <symbol id="sm-950">
         <name>memccpy</name>
         <value>0x6f99</value>
         <object_component_ref idref="oc-355"/>
      </symbol>
      <symbol id="sm-960">
         <name>memchr</name>
         <value>0x6f3d</value>
         <object_component_ref idref="oc-445"/>
      </symbol>
      <symbol id="sm-9f5">
         <name>_sys_memory</name>
         <value>0x20002270</value>
         <object_component_ref idref="oc-24"/>
      </symbol>
      <symbol id="sm-9f6">
         <name>free</name>
         <value>0x5cb1</value>
         <object_component_ref idref="oc-1db"/>
      </symbol>
      <symbol id="sm-9f7">
         <name>memalign</name>
         <value>0x59bd</value>
         <object_component_ref idref="oc-3ca"/>
      </symbol>
      <symbol id="sm-9f8">
         <name>calloc</name>
         <value>0x6c91</value>
         <object_component_ref idref="oc-1d5"/>
      </symbol>
      <symbol id="sm-9f9">
         <name>malloc</name>
         <value>0x70e5</value>
         <object_component_ref idref="oc-2df"/>
      </symbol>
      <symbol id="sm-9fa">
         <name>aligned_alloc</name>
         <value>0x59bd</value>
         <object_component_ref idref="oc-3ca"/>
      </symbol>
      <symbol id="sm-a0a">
         <name>strchr</name>
         <value>0x702f</value>
         <object_component_ref idref="oc-41e"/>
      </symbol>
      <symbol id="sm-a19">
         <name>strcmp</name>
         <value>0x7017</value>
         <object_component_ref idref="oc-19a"/>
      </symbol>
      <symbol id="sm-a27">
         <name>strcpy</name>
         <value>0x7045</value>
         <object_component_ref idref="oc-1a0"/>
      </symbol>
      <symbol id="sm-a35">
         <name>strlen</name>
         <value>0x7059</value>
         <object_component_ref idref="oc-1a6"/>
      </symbol>
      <symbol id="sm-a4f">
         <name>write</name>
         <value>0x6f15</value>
         <object_component_ref idref="oc-451"/>
      </symbol>
      <symbol id="sm-a60">
         <name>_stream</name>
         <value>0x20004620</value>
         <object_component_ref idref="oc-4a5"/>
      </symbol>
      <symbol id="sm-a61">
         <name>_device</name>
         <value>0x200045a8</value>
         <object_component_ref idref="oc-4d3"/>
      </symbol>
      <symbol id="sm-a77">
         <name>__aeabi_errno_addr</name>
         <value>0x70dd</value>
         <object_component_ref idref="oc-217"/>
      </symbol>
      <symbol id="sm-a78">
         <name>errno</name>
         <value>0x200046d8</value>
         <object_component_ref idref="oc-303"/>
      </symbol>
      <symbol id="sm-a8b">
         <name>__stack</name>
         <value>0x20000270</value>
         <object_component_ref idref="oc-27"/>
      </symbol>
      <symbol id="sm-a8c">
         <name>_c_int00_noargs</name>
         <value>0x6dd5</value>
         <object_component_ref idref="oc-5c"/>
      </symbol>
      <symbol id="sm-aab">
         <name>__kernel_tan</name>
         <value>0x3ad9</value>
         <object_component_ref idref="oc-23c"/>
      </symbol>
      <symbol id="sm-ac1">
         <name>frexpl</name>
         <value>0x65cd</value>
         <object_component_ref idref="oc-418"/>
      </symbol>
      <symbol id="sm-ac2">
         <name>frexp</name>
         <value>0x65cd</value>
         <object_component_ref idref="oc-418"/>
      </symbol>
      <symbol id="sm-adb">
         <name>wcslen</name>
         <value>0x706d</value>
         <object_component_ref idref="oc-35b"/>
      </symbol>
      <symbol id="sm-aeb">
         <name>__TI_doflush</name>
         <value>0x6961</value>
         <object_component_ref idref="oc-44b"/>
      </symbol>
      <symbol id="sm-afb">
         <name>__TI_cleanup</name>
         <value>0x6d6d</value>
         <object_component_ref idref="oc-4c0"/>
      </symbol>
      <symbol id="sm-b0d">
         <name>fseek</name>
         <value>0x6631</value>
         <object_component_ref idref="oc-493"/>
      </symbol>
      <symbol id="sm-b17">
         <name>__aeabi_idiv0</name>
         <value>0x4fd3</value>
         <object_component_ref idref="oc-475"/>
      </symbol>
      <symbol id="sm-b18">
         <name>__aeabi_ldiv0</name>
         <value>0x4fd3</value>
         <object_component_ref idref="oc-475"/>
      </symbol>
      <symbol id="sm-b40">
         <name>__TI_auto_init_nobinit_nopinit</name>
         <value>0x6b11</value>
         <object_component_ref idref="oc-14e"/>
      </symbol>
      <symbol id="sm-b4a">
         <name>_system_pre_init</name>
         <value>0x70f5</value>
         <object_component_ref idref="oc-9c"/>
      </symbol>
      <symbol id="sm-b5d">
         <name>HOSTclose</name>
         <value>0x6a89</value>
         <object_component_ref idref="oc-4fb"/>
      </symbol>
      <symbol id="sm-b6e">
         <name>HOSTlseek</name>
         <value>0x6495</value>
         <object_component_ref idref="oc-50d"/>
      </symbol>
      <symbol id="sm-b80">
         <name>parmbuf</name>
         <value>0x200044a8</value>
      </symbol>
      <symbol id="sm-b81">
         <name>HOSTopen</name>
         <value>0x66f9</value>
         <object_component_ref idref="oc-4f5"/>
      </symbol>
      <symbol id="sm-b92">
         <name>HOSTread</name>
         <value>0x67b5</value>
         <object_component_ref idref="oc-501"/>
      </symbol>
      <symbol id="sm-ba3">
         <name>HOSTrename</name>
         <value>0x6429</value>
         <object_component_ref idref="oc-519"/>
      </symbol>
      <symbol id="sm-bb4">
         <name>HOSTunlink</name>
         <value>0x6acd</value>
         <object_component_ref idref="oc-513"/>
      </symbol>
      <symbol id="sm-bc5">
         <name>HOSTwrite</name>
         <value>0x680d</value>
         <object_component_ref idref="oc-507"/>
      </symbol>
      <symbol id="sm-be9">
         <name>__TI_readmsg</name>
         <value>0x6da1</value>
         <object_component_ref idref="oc-53c"/>
      </symbol>
      <symbol id="sm-bea">
         <name>C$$IO$$</name>
         <value>0x6c87</value>
         <object_component_ref idref="oc-536"/>
      </symbol>
      <symbol id="sm-beb">
         <name>__CIOBUF_</name>
         <value>0x20004270</value>
         <object_component_ref idref="oc-55e"/>
      </symbol>
      <symbol id="sm-bec">
         <name>__TI_writemsg</name>
         <value>0x6c59</value>
         <object_component_ref idref="oc-536"/>
      </symbol>
      <symbol id="sm-bfd">
         <name>lseek</name>
         <value>0x6eed</value>
         <object_component_ref idref="oc-4b8"/>
      </symbol>
      <symbol id="sm-c12">
         <name>__TI_closefile</name>
         <value>0x6269</value>
         <object_component_ref idref="oc-4e9"/>
      </symbol>
      <symbol id="sm-c35">
         <name>finddevice</name>
         <value>0x6e39</value>
         <object_component_ref idref="oc-57a"/>
      </symbol>
      <symbol id="sm-c36">
         <name>getdevice</name>
         <value>0x6b55</value>
         <object_component_ref idref="oc-554"/>
      </symbol>
      <symbol id="sm-c46">
         <name>strncpy</name>
         <value>0x6d01</value>
         <object_component_ref idref="oc-574"/>
      </symbol>
      <symbol id="sm-c5b">
         <name>close</name>
         <value>0x6759</value>
         <object_component_ref idref="oc-525"/>
      </symbol>
      <symbol id="sm-c6b">
         <name>unlink</name>
         <value>0x6e99</value>
         <object_component_ref idref="oc-52b"/>
      </symbol>
      <symbol id="sm-c9a">
         <name>IntRegister</name>
         <value>0x6d39</value>
         <object_component_ref idref="oc-182"/>
      </symbol>
      <symbol id="sm-c9b">
         <name>g_pfnRAMVectors</name>
         <value>0x20000000</value>
         <object_component_ref idref="oc-29a"/>
      </symbol>
      <symbol id="sm-c9c">
         <name>IntMasterEnable</name>
         <value>0x707f</value>
         <object_component_ref idref="oc-1c5"/>
      </symbol>
      <symbol id="sm-ca6">
         <name>CPUcpsie</name>
         <value>0x70ad</value>
         <object_component_ref idref="oc-2d4"/>
      </symbol>
      <symbol id="sm-ca7">
         <name>__TI_static_base__</name>
         <value>0x0</value>
      </symbol>
      <symbol id="sm-caa">
         <name>__mpu_init</name>
         <value>0x0</value>
      </symbol>
      <symbol id="sm-cab">
         <name>_system_post_cinit</name>
         <value>0x0</value>
      </symbol>
      <symbol id="sm-cac">
         <name>remove</name>
         <value>0x6e99</value>
      </symbol>
   </symbol_table>
   <title>Link successful</title>
</link_info>
