******************************************************************************
                  TI ARM Linker PC v20.2.6                     
******************************************************************************
>> Linked Tue Apr 11 18:35:00 2023

OUTPUT FILE NAME:   <Lab10.out>
ENTRY POINT SYMBOL: "_c_int00_noargs"  address: 00002a81


MEMORY CONFIGURATION

         name            origin    length      used     unused   attr    fill
----------------------  --------  ---------  --------  --------  ----  --------
  FLASH                 00000000   00040000  00002ddb  0003d225  R  X
  SRAM                  20000000   00008000  000022e8  00005d18  RW X


SEGMENT ALLOCATION MAP

run origin  load origin   length   init length attrs members
----------  ----------- ---------- ----------- ----- -------
00000000    00000000    00002de0   00002de0    r-x
  00000000    00000000    0000026c   0000026c    r-- .intvecs
  0000026c    0000026c    000029f0   000029f0    r-x .text
  00002c5c    00002c5c    0000013f   0000013f    r-- .const
  00002da0    00002da0    00000040   00000040    r-- .cinit
20000000    20000000    000022ec   00000000    rw-
  20000000    20000000    0000026c   00000000    rw- .vtable
  20000270    20000270    00001000   00000000    rw- .stack
  20001270    20001270    00001000   00000000    rw- .sysmem
  20002270    20002270    00000064   00000000    rw- .bss
  200022d4    200022d4    00000018   00000000    rw- .data


SECTION ALLOCATION MAP

 output                                  attributes/
section   page    origin      length       input sections
--------  ----  ----------  ----------   ----------------
.intvecs   0    00000000    0000026c     
                  00000000    0000026c     tm4c123gh6pm_startup_ccs.obj (.intvecs)

.text      0    0000026c    000029f0     
                  0000026c    00000a4e     rtsv7M4_T_le_v4SPD16_eabi.lib : _printfi.c.obj (.text:__TI_printfi)
                  00000cba    00000002                                   : div0.asm.obj (.text)
                  00000cbc    000003a8     lcd.obj (.text)
                  00001064    00000274     ping_template.obj (.text)
                  000012d8    00000270     rtsv7M4_T_le_v4SPD16_eabi.lib : _printfi.c.obj (.text:_pconv_a)
                  00001548    00000248     Timer.obj (.text)
                  00001790    000001d8     servo.obj (.text)
                  00001968    000001d0     rtsv7M4_T_le_v4SPD16_eabi.lib : _printfi.c.obj (.text:_pconv_g)
                  00001b38    000001b6                                   : fd_add_t2.asm.obj (.text)
                  00001cee    00000002     --HOLE-- [fill = 0]
                  00001cf0    0000013c                                   : _printfi.c.obj (.text:_pconv_e)
                  00001e2c    00000136                                   : fd_div_t2.asm.obj (.text)
                  00001f62    00000002     --HOLE-- [fill = 0]
                  00001f64    00000124                                   : _printfi.c.obj (.text:fcvt)
                  00002088    00000110                                   : s_scalbn.c.obj (.text:scalbn)
                  00002198    000000fc                                   : fd_mul_t2.asm.obj (.text)
                  00002294    000000b1                                   : _printfi.c.obj (.text:_ltostr)
                  00002345    00000001     --HOLE-- [fill = 0]
                  00002346    0000009c                                   : memcpy_t2.asm.obj (.text)
                  000023e2    00000096                                   : ull_div_t2.asm.obj (.text)
                  00002478    00000086                                   : fd_cmp_t2.asm.obj (.text:__aeabi_cdcmple)
                  000024fe    00000086                                   : fd_cmp_t2.asm.obj (.text:__aeabi_cdrcmple)
                  00002584    0000007a                                   : memset_t2.asm.obj (.text)
                  000025fe    0000006e                                   : _printfi.c.obj (.text:_mcpy)
                  0000266c    0000006e                                   : fd_tos_t2.asm.obj (.text)
                  000026da    00000068                                   : copy_decompress_lzss.c.obj (.text:decompress:lzss:__TI_decompress_lzss)
                  00002742    00000002     --HOLE-- [fill = 0]
                  00002744    00000064                                   : s_frexp.c.obj (.text:frexp)
                  000027a8    00000056                                   : _printfi.c.obj (.text:_pconv_f)
                  000027fe    00000054                                   : _ltoa.c.obj (.text:__TI_ltoa)
                  00002852    00000052                                   : _printfi.c.obj (.text:_ecpy)
                  000028a4    0000004e     main.obj (.text)
                  000028f2    00000002     --HOLE-- [fill = 0]
                  000028f4    0000004c     rtsv7M4_T_le_v4SPD16_eabi.lib : atoi.c.obj (.text:atoi)
                  00002940    00000048                                   : fd_toi_t2.asm.obj (.text)
                  00002988    00000044                                   : autoinit.c.obj (.text:__TI_auto_init_nobinit_nopinit:__TI_auto_init_nobinit_nopinit)
                  000029cc    00000040                                   : vsnprintf.c.obj (.text:vsnprintf)
                  00002a0c    0000003e                                   : _printfi.c.obj (.text:_fcpy)
                  00002a4a    00000002     --HOLE-- [fill = 0]
                  00002a4c    00000034     driverlib.lib : interrupt.obj (.text:IntRegister)
                  00002a80    00000034     rtsv7M4_T_le_v4SPD16_eabi.lib : boot_cortex_m.c.obj (.text:_c_int00_noargs:_c_int00_noargs)
                  00002ab4    00000030                                   : vsnprintf.c.obj (.text:_outs)
                  00002ae4    0000002e                                   : i_tofd_t2.asm.obj (.text)
                  00002b12    00000020                                   : u_tofd_t2.asm.obj (.text)
                  00002b32    0000001c                                   : copy_zero_init.c.obj (.text:decompress:ZI:__TI_zero_init_nomemset:__TI_zero_init_nomemset)
                  00002b4e    0000001c                                   : memccpy.c.obj (.text:memccpy)
                  00002b6a    0000001a                                   : s_copysign.c.obj (.text:copysign)
                  00002b84    00000018                                   : vsnprintf.c.obj (.text:_outc)
                  00002b9c    00000018                                   : strcmp.c.obj (.text:strcmp)
                  00002bb4    00000016                                   : strchr.c.obj (.text:strchr)
                  00002bca    00000014                                   : strcpy.c.obj (.text:strcpy)
                  00002bde    00000014                                   : strlen.c.obj (.text:strlen)
                  00002bf2    00000012                                   : wcslen.c.obj (.text:wcslen)
                  00002c04    00000010     driverlib.lib : interrupt.obj (.text:IntMasterEnable)
                  00002c14    00000010     lcd.obj (.text:lcd_clear)
                  00002c24    0000000e     rtsv7M4_T_le_v4SPD16_eabi.lib : copy_decompress_none.c.obj (.text:decompress:none:__TI_decompress_none)
                  00002c32    0000000c     driverlib.lib : cpu.obj (.text:CPUcpsie)
                  00002c3e    0000000c     tm4c123gh6pm_startup_ccs.obj (.text)
                  00002c4a    00000002     --HOLE-- [fill = 0]
                  00002c4c    00000008     rtsv7M4_T_le_v4SPD16_eabi.lib : errno.c.obj (.text:__aeabi_errno_addr)
                  00002c54    00000004                                   : pre_init.c.obj (.text:_system_pre_init)
                  00002c58    00000004                                   : exit.c.obj (.text:abort:abort)

.const     0    00002c5c    0000013f     
                  00002c5c    00000101     rtsv7M4_T_le_v4SPD16_eabi.lib : ctype.c.obj (.const:.string:_ctypes_)
                  00002d5d    00000036     lcd.obj (.const:.string:$P$T0$4)
                  00002d93    00000004     lcd.obj (.const:.string:lineAddress$1)
                  00002d97    00000004     lcd.obj (.const:.string:lineAddresses$2)

.cinit     0    00002da0    00000040     
                  00002da0    0000000c     (__TI_handler_table)
                  00002dac    00000004     --HOLE-- [fill = 0]
                  00002db0    00000008     (.cinit..bss.load) [load image, compression = zero_init]
                  00002db8    00000008     (.cinit..data.load) [load image, compression = lzss]
                  00002dc0    00000008     (.cinit..vtable.load) [load image, compression = zero_init]
                  00002dc8    00000018     (__TI_cinit_table)

.init_array 
*          0    00000000    00000000     UNINITIALIZED

.vtable    0    20000000    0000026c     UNINITIALIZED
                  20000000    0000026c     driverlib.lib : interrupt.obj (.vtable)

.stack     0    20000270    00001000     UNINITIALIZED
                  20000270    00000004     rtsv7M4_T_le_v4SPD16_eabi.lib : boot_cortex_m.c.obj (.stack)
                  20000274    00000ffc     --HOLE--

.sysmem    0    20001270    00001000     UNINITIALIZED
                  20001270    00000010     rtsv7M4_T_le_v4SPD16_eabi.lib : memory.c.obj (.sysmem)
                  20001280    00000ff0     --HOLE--

.bss       0    20002270    00000064     UNINITIALIZED
                  20002270    00000054     lcd.obj (.bss:lastbuffer$3)
                  200022c4    00000004     (.common:_timeout_ticks)
                  200022c8    00000008     (.common:ang)
                  200022d0    00000004     (.common:clockwise)

.data      0    200022d4    00000018     UNINITIALIZED
                  200022d4    00000011     ping_template.obj (.data)
                  200022e5    00000001     Timer.obj (.data)
                  200022e6    00000002     --HOLE--
                  200022e8    00000004     rtsv7M4_T_le_v4SPD16_eabi.lib : errno.c.obj (.data)

__llvm_prf_cnts 
*          0    20000000    00000000     UNINITIALIZED

MODULE SUMMARY

       Module                         code    ro data   rw data
       ------                         ----    -------   -------
    .\
       lcd.obj                        952     62        84     
       ping_template.obj              628     0         17     
       tm4c123gh6pm_startup_ccs.obj   12      620       0      
       Timer.obj                      584     0         5      
       servo.obj                      472     0         12     
       main.obj                       78      0         0      
    +--+------------------------------+-------+---------+---------+
       Total:                         2726    682       118    
                                                               
    C:/ti/TivaWare_C_Series-2.2.0.295/driverlib/ccs/Debug/driverlib.lib
       interrupt.obj                  68      0         620    
       cpu.obj                        12      0         0      
    +--+------------------------------+-------+---------+---------+
       Total:                         80      0         620    
                                                               
    C:\ti\ccs1200\ccs\tools\compiler\ti-cgt-arm_20.2.6.LTS\lib\rtsv7M4_T_le_v4SPD16_eabi.lib
       _printfi.c.obj                 4851    0         0      
       fd_add_t2.asm.obj              438     0         0      
       fd_div_t2.asm.obj              310     0         0      
       s_scalbn.c.obj                 272     0         0      
       fd_cmp_t2.asm.obj              268     0         0      
       ctype.c.obj                    0       257       0      
       fd_mul_t2.asm.obj              252     0         0      
       memcpy_t2.asm.obj              156     0         0      
       ull_div_t2.asm.obj             150     0         0      
       vsnprintf.c.obj                136     0         0      
       memset_t2.asm.obj              122     0         0      
       fd_tos_t2.asm.obj              110     0         0      
       copy_decompress_lzss.c.obj     104     0         0      
       s_frexp.c.obj                  100     0         0      
       _ltoa.c.obj                    84      0         0      
       atoi.c.obj                     76      0         0      
       fd_toi_t2.asm.obj              72      0         0      
       autoinit.c.obj                 68      0         0      
       boot_cortex_m.c.obj            52      0         0      
       i_tofd_t2.asm.obj              46      0         0      
       u_tofd_t2.asm.obj              32      0         0      
       copy_zero_init.c.obj           28      0         0      
       memccpy.c.obj                  28      0         0      
       s_copysign.c.obj               26      0         0      
       strcmp.c.obj                   24      0         0      
       strchr.c.obj                   22      0         0      
       strcpy.c.obj                   20      0         0      
       strlen.c.obj                   20      0         0      
       wcslen.c.obj                   18      0         0      
       copy_decompress_none.c.obj     14      0         0      
       errno.c.obj                    8       0         4      
       exit.c.obj                     4       0         0      
       pre_init.c.obj                 4       0         0      
       div0.asm.obj                   2       0         0      
    +--+------------------------------+-------+---------+---------+
       Total:                         7917    257       4      
                                                               
       Heap:                          0       0         4096   
       Stack:                         0       0         4096   
       Linker Generated:              0       60        0      
    +--+------------------------------+-------+---------+---------+
       Grand Total:                   10723   999       8934   


LINKER GENERATED COPY TABLES

__TI_cinit_table @ 00002dc8 records: 3, size/record: 8, table size: 24
	.bss: load addr=00002db0, load size=00000008 bytes, run addr=20002270, run size=00000064 bytes, compression=zero_init
	.data: load addr=00002db8, load size=00000008 bytes, run addr=200022d4, run size=00000018 bytes, compression=lzss
	.vtable: load addr=00002dc0, load size=00000008 bytes, run addr=20000000, run size=0000026c bytes, compression=zero_init


LINKER GENERATED HANDLER TABLE

__TI_handler_table @ 00002da0 records: 3, size/record: 4, table size: 12
	index: 0, handler: __TI_zero_init
	index: 1, handler: __TI_decompress_lzss
	index: 2, handler: __TI_decompress_none


GLOBAL SYMBOLS: SORTED ALPHABETICALLY BY Name 

address   name                          
-------   ----                          
00002c59  C$$EXIT                       
00002c33  CPUcpsie                      
200022e0  CUR_OVERFLOW                  
200022d8  END_TIME                      
00002c05  IntMasterEnable               
00002a4d  IntRegister                   
200022dc  OVERFLOW                      
00002c3f  ResetISR                      
200022d4  START_TIME                    
200022e4  STATE                         
000011a5  TIMER3B_Handler               
20001270  __STACK_END                   
00001000  __STACK_SIZE                  
20000470  __STACK_TOP                   
00001000  __SYSMEM_SIZE                 
00002dc8  __TI_CINIT_Base               
00002de0  __TI_CINIT_Limit              
00002da0  __TI_Handler_Table_Base       
00002dac  __TI_Handler_Table_Limit      
00002989  __TI_auto_init_nobinit_nopinit
000026db  __TI_decompress_lzss          
00002c25  __TI_decompress_none          
000027ff  __TI_ltoa                     
ffffffff  __TI_pprof_out_hndl           
0000026d  __TI_printfi                  
ffffffff  __TI_prof_data_size           
ffffffff  __TI_prof_data_start          
00000000  __TI_static_base__            
00002b33  __TI_zero_init_nomemset       
00002479  __aeabi_cdcmpeq               
00002479  __aeabi_cdcmple               
000024ff  __aeabi_cdrcmple              
0000266d  __aeabi_d2f                   
00002941  __aeabi_d2iz                  
00001b43  __aeabi_dadd                  
00001e2d  __aeabi_ddiv                  
00002199  __aeabi_dmul                  
00001b39  __aeabi_dsub                  
00002c4d  __aeabi_errno_addr            
00002ae5  __aeabi_i2d                   
00000cbb  __aeabi_idiv0                 
00000cbb  __aeabi_ldiv0                 
00002585  __aeabi_memclr                
00002585  __aeabi_memclr4               
00002585  __aeabi_memclr8               
00002347  __aeabi_memcpy                
00002347  __aeabi_memcpy4               
00002347  __aeabi_memcpy8               
00002587  __aeabi_memset                
00002587  __aeabi_memset4               
00002587  __aeabi_memset8               
00002b13  __aeabi_ui2d                  
000023e3  __aeabi_uldivmod              
ffffffff  __binit__                     
ffffffff  __c_args__                    
UNDEFED   __mpu_init                    
20000270  __stack                       
20000000  __start___llvm_prf_cnts       
20000000  __stop___llvm_prf_cnts        
00002a81  _c_int00_noargs               
00002c5c  _ctypes_                      
200022e5  _running                      
20001270  _sys_memory                   
UNDEFED   _system_post_cinit            
00002c55  _system_pre_init              
200022c4  _timeout_ticks                
00002c59  abort                         
200022c8  ang                           
000028f5  atoi                          
ffffffff  binit                         
200022d0  clockwise                     
00002b6b  copysign                      
00002b6b  copysignl                     
200022e8  errno                         
00002745  frexp                         
00002745  frexpl                        
20000000  g_pfnRAMVectors               
00000000  g_pfnVectors                  
00002c15  lcd_clear                     
00000e91  lcd_gotoLine                  
00000cf9  lcd_init                      
00000ef7  lcd_printf                    
00000db9  lcd_putc                      
00000df1  lcd_puts                      
00000cbd  lcd_reverseNibble             
00000fc9  lcd_rotatingBanner            
00000e0f  lcd_sendCommand               
00000e4d  lcd_sendNibble                
00000eb9  lcd_setCursorPos              
00002089  ldexp                         
00002089  ldexpl                        
000028a5  main                          
00002b4f  memccpy                       
00002347  memcpy                        
0000258d  memset                        
000011e5  ping_getDistance              
00001065  ping_init                     
00001117  ping_trigger                  
00002089  scalbn                        
00002089  scalbnl                       
00001791  servo_init                    
00001895  servo_move                    
00002bb5  strchr                        
00002b9d  strcmp                        
00002bcb  strcpy                        
00002bdf  strlen                        
00001667  timer_getMicros               
0000160f  timer_getMillis               
00001549  timer_init                    
000015eb  timer_pause                   
000015fd  timer_resume                  
000015c1  timer_stop                    
000016c1  timer_waitMicros              
000016f3  timer_waitMillis              
000029cd  vsnprintf                     
00002bf3  wcslen                        


GLOBAL SYMBOLS: SORTED BY Symbol Address 

address   name                          
-------   ----                          
00000000  __TI_static_base__            
00000000  g_pfnVectors                  
0000026d  __TI_printfi                  
00000cbb  __aeabi_idiv0                 
00000cbb  __aeabi_ldiv0                 
00000cbd  lcd_reverseNibble             
00000cf9  lcd_init                      
00000db9  lcd_putc                      
00000df1  lcd_puts                      
00000e0f  lcd_sendCommand               
00000e4d  lcd_sendNibble                
00000e91  lcd_gotoLine                  
00000eb9  lcd_setCursorPos              
00000ef7  lcd_printf                    
00000fc9  lcd_rotatingBanner            
00001000  __STACK_SIZE                  
00001000  __SYSMEM_SIZE                 
00001065  ping_init                     
00001117  ping_trigger                  
000011a5  TIMER3B_Handler               
000011e5  ping_getDistance              
00001549  timer_init                    
000015c1  timer_stop                    
000015eb  timer_pause                   
000015fd  timer_resume                  
0000160f  timer_getMillis               
00001667  timer_getMicros               
000016c1  timer_waitMicros              
000016f3  timer_waitMillis              
00001791  servo_init                    
00001895  servo_move                    
00001b39  __aeabi_dsub                  
00001b43  __aeabi_dadd                  
00001e2d  __aeabi_ddiv                  
00002089  ldexp                         
00002089  ldexpl                        
00002089  scalbn                        
00002089  scalbnl                       
00002199  __aeabi_dmul                  
00002347  __aeabi_memcpy                
00002347  __aeabi_memcpy4               
00002347  __aeabi_memcpy8               
00002347  memcpy                        
000023e3  __aeabi_uldivmod              
00002479  __aeabi_cdcmpeq               
00002479  __aeabi_cdcmple               
000024ff  __aeabi_cdrcmple              
00002585  __aeabi_memclr                
00002585  __aeabi_memclr4               
00002585  __aeabi_memclr8               
00002587  __aeabi_memset                
00002587  __aeabi_memset4               
00002587  __aeabi_memset8               
0000258d  memset                        
0000266d  __aeabi_d2f                   
000026db  __TI_decompress_lzss          
00002745  frexp                         
00002745  frexpl                        
000027ff  __TI_ltoa                     
000028a5  main                          
000028f5  atoi                          
00002941  __aeabi_d2iz                  
00002989  __TI_auto_init_nobinit_nopinit
000029cd  vsnprintf                     
00002a4d  IntRegister                   
00002a81  _c_int00_noargs               
00002ae5  __aeabi_i2d                   
00002b13  __aeabi_ui2d                  
00002b33  __TI_zero_init_nomemset       
00002b4f  memccpy                       
00002b6b  copysign                      
00002b6b  copysignl                     
00002b9d  strcmp                        
00002bb5  strchr                        
00002bcb  strcpy                        
00002bdf  strlen                        
00002bf3  wcslen                        
00002c05  IntMasterEnable               
00002c15  lcd_clear                     
00002c25  __TI_decompress_none          
00002c33  CPUcpsie                      
00002c3f  ResetISR                      
00002c4d  __aeabi_errno_addr            
00002c55  _system_pre_init              
00002c59  C$$EXIT                       
00002c59  abort                         
00002c5c  _ctypes_                      
00002da0  __TI_Handler_Table_Base       
00002dac  __TI_Handler_Table_Limit      
00002dc8  __TI_CINIT_Base               
00002de0  __TI_CINIT_Limit              
20000000  __start___llvm_prf_cnts       
20000000  __stop___llvm_prf_cnts        
20000000  g_pfnRAMVectors               
20000270  __stack                       
20000470  __STACK_TOP                   
20001270  __STACK_END                   
20001270  _sys_memory                   
200022c4  _timeout_ticks                
200022c8  ang                           
200022d0  clockwise                     
200022d4  START_TIME                    
200022d8  END_TIME                      
200022dc  OVERFLOW                      
200022e0  CUR_OVERFLOW                  
200022e4  STATE                         
200022e5  _running                      
200022e8  errno                         
ffffffff  __TI_pprof_out_hndl           
ffffffff  __TI_prof_data_size           
ffffffff  __TI_prof_data_start          
ffffffff  __binit__                     
ffffffff  __c_args__                    
ffffffff  binit                         
UNDEFED   __mpu_init                    
UNDEFED   _system_post_cinit            

[116 symbols]
