******************************************************************************
                  TI ARM Linker PC v20.2.6                     
******************************************************************************
>> Linked Wed Apr 26 10:42:22 2023

OUTPUT FILE NAME:   <Lab10.out>
ENTRY POINT SYMBOL: "_c_int00_noargs"  address: 000040d5


MEMORY CONFIGURATION

         name            origin    length      used     unused   attr    fill
----------------------  --------  ---------  --------  --------  ----  --------
  FLASH                 00000000   00040000  000044ba  0003bb46  R  X
  SRAM                  20000000   00008000  00002330  00005cd0  RW X


SEGMENT ALLOCATION MAP

run origin  load origin   length   init length attrs members
----------  ----------- ---------- ----------- ----- -------
00000000    00000000    000044c0   000044c0    r-x
  00000000    00000000    0000026c   0000026c    r-- .intvecs
  0000026c    0000026c    000040a8   000040a8    r-x .text
  00004314    00004314    0000014e   0000014e    r-- .const
  00004468    00004468    00000058   00000058    r-- .cinit
20000000    20000000    00002334   00000000    rw-
  20000000    20000000    0000026c   00000000    rw- .vtable
  20000270    20000270    00001000   00000000    rw- .stack
  20001270    20001270    00001000   00000000    rw- .sysmem
  20002270    20002270    00000074   00000000    rw- .bss
  200022e4    200022e4    00000050   00000000    rw- .data


SECTION ALLOCATION MAP

 output                                  attributes/
section   page    origin      length       input sections
--------  ----  ----------  ----------   ----------------
.intvecs   0    00000000    0000026c     
                  00000000    0000026c     tm4c123gh6pm_startup_ccs.obj (.intvecs)

.text      0    0000026c    000040a8     
                  0000026c    00000c20     open_interface.obj (.text)
                  00000e8c    00000a4e     rtsv7M4_T_le_v4SPD16_eabi.lib : _printfi.c.obj (.text:__TI_printfi)
                  000018da    00000002                                   : _lock.c.obj (.text:_nop)
                  000018dc    000003a8     lcd.obj (.text)
                  00001c84    0000035c     movement.obj (.text)
                  00001fe0    000002ec     main.obj (.text)
                  000022cc    00000274     ping_template.obj (.text)
                  00002540    00000270     rtsv7M4_T_le_v4SPD16_eabi.lib : _printfi.c.obj (.text:_pconv_a)
                  000027b0    00000248     Timer.obj (.text)
                  000029f8    0000020c     uart-interrupt.obj (.text)
                  00002c04    000001d0     rtsv7M4_T_le_v4SPD16_eabi.lib : _printfi.c.obj (.text:_pconv_g)
                  00002dd4    000001b6                                   : fd_add_t2.asm.obj (.text)
                  00002f8a    00000002                                   : div0.asm.obj (.text)
                  00002f8c    00000144     adc.obj (.text)
                  000030d0    0000013c     rtsv7M4_T_le_v4SPD16_eabi.lib : _printfi.c.obj (.text:_pconv_e)
                  0000320c    00000136                                   : fd_div_t2.asm.obj (.text)
                  00003342    00000002     --HOLE-- [fill = 0]
                  00003344    00000124                                   : _printfi.c.obj (.text:fcvt)
                  00003468    00000110                                   : s_scalbn.c.obj (.text:scalbn)
                  00003578    00000100                                   : memory.c.obj (.text:aligned_alloc)
                  00003678    000000fc                                   : fd_mul_t2.asm.obj (.text)
                  00003774    000000e4                                   : memory.c.obj (.text:free)
                  00003858    000000b1                                   : _printfi.c.obj (.text:_ltostr)
                  00003909    00000001     --HOLE-- [fill = 0]
                  0000390a    0000009c                                   : memcpy_t2.asm.obj (.text)
                  000039a6    00000096                                   : ull_div_t2.asm.obj (.text)
                  00003a3c    00000086                                   : fd_cmp_t2.asm.obj (.text:__aeabi_cdcmple)
                  00003ac2    00000086                                   : fd_cmp_t2.asm.obj (.text:__aeabi_cdrcmple)
                  00003b48    0000007a                                   : memset_t2.asm.obj (.text)
                  00003bc2    00000002     --HOLE-- [fill = 0]
                  00003bc4    00000070                                   : memory.c.obj (.text:split)
                  00003c34    0000006e                                   : _printfi.c.obj (.text:_mcpy)
                  00003ca2    0000006e                                   : fd_tos_t2.asm.obj (.text)
                  00003d10    00000068                                   : copy_decompress_lzss.c.obj (.text:decompress:lzss:__TI_decompress_lzss)
                  00003d78    00000064                                   : s_frexp.c.obj (.text:frexp)
                  00003ddc    00000056                                   : _printfi.c.obj (.text:_pconv_f)
                  00003e32    00000054                                   : _ltoa.c.obj (.text:__TI_ltoa)
                  00003e86    00000052                                   : _printfi.c.obj (.text:_ecpy)
                  00003ed8    0000004c                                   : atoi.c.obj (.text:atoi)
                  00003f24    00000048                                   : fd_toi_t2.asm.obj (.text)
                  00003f6c    00000044                                   : autoinit.c.obj (.text:__TI_auto_init_nobinit_nopinit:__TI_auto_init_nobinit_nopinit)
                  00003fb0    00000040                                   : vsnprintf.c.obj (.text:vsnprintf)
                  00003ff0    0000003e                                   : _printfi.c.obj (.text:_fcpy)
                  0000402e    00000002     --HOLE-- [fill = 0]
                  00004030    00000038                                   : memory.c.obj (.text:calloc)
                  00004068    00000038                                   : fs_tod_t2.asm.obj (.text)
                  000040a0    00000034     driverlib.lib : interrupt.obj (.text:IntRegister)
                  000040d4    00000034     rtsv7M4_T_le_v4SPD16_eabi.lib : boot_cortex_m.c.obj (.text:_c_int00_noargs:_c_int00_noargs)
                  00004108    00000030                                   : vsnprintf.c.obj (.text:_outs)
                  00004138    0000002e                                   : i_tofd_t2.asm.obj (.text)
                  00004166    00000002     --HOLE-- [fill = 0]
                  00004168    00000028                                   : memory.c.obj (.text:free_list_insert)
                  00004190    00000020                                   : u_tofd_t2.asm.obj (.text)
                  000041b0    0000001c                                   : copy_zero_init.c.obj (.text:decompress:ZI:__TI_zero_init_nomemset:__TI_zero_init_nomemset)
                  000041cc    0000001c                                   : memory.c.obj (.text:free_list_remove)
                  000041e8    0000001c                                   : memccpy.c.obj (.text:memccpy)
                  00004204    0000001a                                   : s_copysign.c.obj (.text:copysign)
                  0000421e    00000018                                   : vsnprintf.c.obj (.text:_outc)
                  00004236    00000018     open_interface.obj (.text:oi_parseInt)
                  0000424e    00000018     rtsv7M4_T_le_v4SPD16_eabi.lib : strcmp.c.obj (.text:strcmp)
                  00004266    00000016                                   : strchr.c.obj (.text:strchr)
                  0000427c    00000014                                   : strcpy.c.obj (.text:strcpy)
                  00004290    00000014                                   : strlen.c.obj (.text:strlen)
                  000042a4    00000012                                   : wcslen.c.obj (.text:wcslen)
                  000042b6    00000010     driverlib.lib : interrupt.obj (.text:IntMasterEnable)
                  000042c6    00000010     lcd.obj (.text:lcd_clear)
                  000042d6    0000000e     rtsv7M4_T_le_v4SPD16_eabi.lib : copy_decompress_none.c.obj (.text:decompress:none:__TI_decompress_none)
                  000042e4    0000000c     driverlib.lib : cpu.obj (.text:CPUcpsie)
                  000042f0    0000000c     tm4c123gh6pm_startup_ccs.obj (.text)
                  000042fc    00000008     rtsv7M4_T_le_v4SPD16_eabi.lib : errno.c.obj (.text:__aeabi_errno_addr)
                  00004304    00000008                                   : memory.c.obj (.text:malloc)
                  0000430c    00000004                                   : pre_init.c.obj (.text:_system_pre_init)
                  00004310    00000004                                   : exit.c.obj (.text:abort:abort)

.const     0    00004314    0000014e     
                  00004314    00000101     rtsv7M4_T_le_v4SPD16_eabi.lib : ctype.c.obj (.const:.string:_ctypes_)
                  00004415    00000036     lcd.obj (.const:.string:$P$T0$4)
                  0000444b    0000000f     open_interface.obj (.const:.string:$P$T0$3)
                  0000445a    00000004     lcd.obj (.const:.string:lineAddress$1)
                  0000445e    00000004     lcd.obj (.const:.string:lineAddresses$2)

.cinit     0    00004468    00000058     
                  00004468    0000001f     (.cinit..data.load) [load image, compression = lzss]
                  00004487    00000001     --HOLE-- [fill = 0]
                  00004488    0000000c     (__TI_handler_table)
                  00004494    00000004     --HOLE-- [fill = 0]
                  00004498    00000008     (.cinit..bss.load) [load image, compression = zero_init]
                  000044a0    00000008     (.cinit..vtable.load) [load image, compression = zero_init]
                  000044a8    00000018     (__TI_cinit_table)

.init_array 
*          0    00000000    00000000     UNINITIALIZED

.vtable    0    20000000    0000026c     UNINITIALIZED
                  20000000    0000026c     driverlib.lib : interrupt.obj (.vtable)

.stack     0    20000270    00001000     UNINITIALIZED
                  20000270    00000004     rtsv7M4_T_le_v4SPD16_eabi.lib : boot_cortex_m.c.obj (.stack)
                  20000274    00000ffc     --HOLE--

.sysmem    0    20001270    00001000     UNINITIALIZED
                  20001270    00000010     rtsv7M4_T_le_v4SPD16_eabi.lib : memory.c.obj (.sysmem)
                  20001280    00000ff0     --HOLE--

.bss       0    20002270    00000074     UNINITIALIZED
                  20002270    00000054     lcd.obj (.bss:lastbuffer$3)
                  200022c4    00000018     open_interface.obj (.bss:firmware$2)
                  200022dc    00000004     (.common:_timeout_ticks)
                  200022e0    00000004     (.common:sensor)

.data      0    200022e4    00000050     UNINITIALIZED
                  200022e4    00000020     open_interface.obj (.data)
                  20002304    00000011     ping_template.obj (.data)
                  20002315    00000001     Timer.obj (.data)
                  20002316    00000002     --HOLE--
                  20002318    00000008     rtsv7M4_T_le_v4SPD16_eabi.lib : _lock.c.obj (.data:$O1$$)
                  20002320    00000008                                   : memory.c.obj (.data:$O1$$)
                  20002328    00000008     uart-interrupt.obj (.data)
                  20002330    00000004     rtsv7M4_T_le_v4SPD16_eabi.lib : errno.c.obj (.data)

__llvm_prf_cnts 
*          0    20000000    00000000     UNINITIALIZED

MODULE SUMMARY

       Module                         code    ro data   rw data
       ------                         ----    -------   -------
    .\
       open_interface.obj             3128    15        56     
       lcd.obj                        952     62        84     
       movement.obj                   860     0         4      
       main.obj                       748     0         0      
       ping_template.obj              628     0         17     
       tm4c123gh6pm_startup_ccs.obj   12      620       0      
       Timer.obj                      584     0         5      
       uart-interrupt.obj             524     0         8      
       adc.obj                        324     0         0      
    +--+------------------------------+-------+---------+---------+
       Total:                         7760    697       174    
                                                               
    C:/ti/TivaWare_C_Series-2.2.0.295/driverlib/ccs/Debug/driverlib.lib
       interrupt.obj                  68      0         620    
       cpu.obj                        12      0         0      
    +--+------------------------------+-------+---------+---------+
       Total:                         80      0         620    
                                                               
    C:\ti\ccs1200\ccs\tools\compiler\ti-cgt-arm_20.2.6.LTS\lib\rtsv7M4_T_le_v4SPD16_eabi.lib
       _printfi.c.obj                 4851    0         0      
       memory.c.obj                   728     0         8      
       fd_add_t2.asm.obj              438     0         0      
       fd_div_t2.asm.obj              310     0         0      
       s_scalbn.c.obj                 272     0         0      
       fd_cmp_t2.asm.obj              268     0         0      
       ctype.c.obj                    0       257       0      
       fd_mul_t2.asm.obj              252     0         0      
       memcpy_t2.asm.obj              156     0         0      
       ull_div_t2.asm.obj             150     0         0      
       vsnprintf.c.obj                136     0         0      
       memset_t2.asm.obj              122     0         0      
       fd_tos_t2.asm.obj              110     0         0      
       copy_decompress_lzss.c.obj     104     0         0      
       s_frexp.c.obj                  100     0         0      
       _ltoa.c.obj                    84      0         0      
       atoi.c.obj                     76      0         0      
       fd_toi_t2.asm.obj              72      0         0      
       autoinit.c.obj                 68      0         0      
       fs_tod_t2.asm.obj              56      0         0      
       boot_cortex_m.c.obj            52      0         0      
       i_tofd_t2.asm.obj              46      0         0      
       u_tofd_t2.asm.obj              32      0         0      
       copy_zero_init.c.obj           28      0         0      
       memccpy.c.obj                  28      0         0      
       s_copysign.c.obj               26      0         0      
       strcmp.c.obj                   24      0         0      
       strchr.c.obj                   22      0         0      
       strcpy.c.obj                   20      0         0      
       strlen.c.obj                   20      0         0      
       wcslen.c.obj                   18      0         0      
       copy_decompress_none.c.obj     14      0         0      
       errno.c.obj                    8       0         4      
       _lock.c.obj                    2       0         8      
       exit.c.obj                     4       0         0      
       pre_init.c.obj                 4       0         0      
       div0.asm.obj                   2       0         0      
    +--+------------------------------+-------+---------+---------+
       Total:                         8703    257       20     
                                                               
       Heap:                          0       0         4096   
       Stack:                         0       0         4096   
       Linker Generated:              0       83        0      
    +--+------------------------------+-------+---------+---------+
       Grand Total:                   16543   1037      9006   


LINKER GENERATED COPY TABLES

__TI_cinit_table @ 000044a8 records: 3, size/record: 8, table size: 24
	.data: load addr=00004468, load size=0000001f bytes, run addr=200022e4, run size=00000050 bytes, compression=lzss
	.bss: load addr=00004498, load size=00000008 bytes, run addr=20002270, run size=00000074 bytes, compression=zero_init
	.vtable: load addr=000044a0, load size=00000008 bytes, run addr=20000000, run size=0000026c bytes, compression=zero_init


LINKER GENERATED HANDLER TABLE

__TI_handler_table @ 00004488 records: 3, size/record: 4, table size: 12
	index: 0, handler: __TI_zero_init
	index: 1, handler: __TI_decompress_lzss
	index: 2, handler: __TI_decompress_none


GLOBAL SYMBOLS: SORTED ALPHABETICALLY BY Name 

address   name                          
-------   ----                          
00004311  C$$EXIT                       
000042e5  CPUcpsie                      
20002310  CUR_OVERFLOW                  
20002308  END_TIME                      
00000bc3  GPIOF_Handler                 
000042b7  IntMasterEnable               
000040a1  IntRegister                   
2000230c  OVERFLOW                      
000042f1  ResetISR                      
20002304  START_TIME                    
20002314  STATE                         
0000240d  TIMER3B_Handler               
00002b63  UART1_Handler                 
20001270  __STACK_END                   
00001000  __STACK_SIZE                  
20000470  __STACK_TOP                   
00001000  __SYSMEM_SIZE                 
000044a8  __TI_CINIT_Base               
000044c0  __TI_CINIT_Limit              
00004488  __TI_Handler_Table_Base       
00004494  __TI_Handler_Table_Limit      
00003f6d  __TI_auto_init_nobinit_nopinit
00003d11  __TI_decompress_lzss          
000042d7  __TI_decompress_none          
00003e33  __TI_ltoa                     
ffffffff  __TI_pprof_out_hndl           
00000e8d  __TI_printfi                  
ffffffff  __TI_prof_data_size           
ffffffff  __TI_prof_data_start          
00000000  __TI_static_base__            
000041b1  __TI_zero_init_nomemset       
00003a3d  __aeabi_cdcmpeq               
00003a3d  __aeabi_cdcmple               
00003ac3  __aeabi_cdrcmple              
00003ca3  __aeabi_d2f                   
00003f25  __aeabi_d2iz                  
00002ddf  __aeabi_dadd                  
0000320d  __aeabi_ddiv                  
00003679  __aeabi_dmul                  
00002dd5  __aeabi_dsub                  
000042fd  __aeabi_errno_addr            
00004069  __aeabi_f2d                   
00004139  __aeabi_i2d                   
00002f8b  __aeabi_idiv0                 
00002f8b  __aeabi_ldiv0                 
00003b49  __aeabi_memclr                
00003b49  __aeabi_memclr4               
00003b49  __aeabi_memclr8               
0000390b  __aeabi_memcpy                
0000390b  __aeabi_memcpy4               
0000390b  __aeabi_memcpy8               
00003b4b  __aeabi_memset                
00003b4b  __aeabi_memset4               
00003b4b  __aeabi_memset8               
00004191  __aeabi_ui2d                  
000039a7  __aeabi_uldivmod              
ffffffff  __binit__                     
ffffffff  __c_args__                    
UNDEFED   __mpu_init                    
20000270  __stack                       
20000000  __start___llvm_prf_cnts       
20000000  __stop___llvm_prf_cnts        
000040d5  _c_int00_noargs               
00004314  _ctypes_                      
20002318  _lock                         
000018db  _nop                          
20002315  _running                      
20001270  _sys_memory                   
UNDEFED   _system_post_cinit            
0000430d  _system_pre_init              
200022dc  _timeout_ticks                
2000231c  _unlock                       
00004311  abort                         
00002f8d  adc_init                      
00003049  adc_read                      
00003579  aligned_alloc                 
00003ed9  atoi                          
ffffffff  binit                         
00004031  calloc                        
00001e51  check_Interrupts              
20002328  command_byte                  
2000232c  command_flag                  
00004205  copysign                      
00004205  copysignl                     
20002330  errno                         
00003775  free                          
00003d79  frexp                         
00003d79  frexpl                        
20000000  g_pfnRAMVectors               
00000000  g_pfnVectors                  
0000097f  go_charge                     
000042c7  lcd_clear                     
00001ab1  lcd_gotoLine                  
00001919  lcd_init                      
00001b17  lcd_printf                    
000019d9  lcd_putc                      
00001a11  lcd_puts                      
000018dd  lcd_reverseNibble             
00001be9  lcd_rotatingBanner            
00001a2f  lcd_sendCommand               
00001a6d  lcd_sendNibble                
00001ad9  lcd_setCursorPos              
00003469  ldexp                         
00003469  ldexpl                        
00001fe1  main                          
00004305  malloc                        
00003579  memalign                      
000041e9  memccpy                       
0000390b  memcpy                        
00003b51  memset                        
200022e4  motor_cal_factor_L            
200022e8  motor_cal_factor_R            
00001dd7  move_backward                 
00001c95  move_forward                  
00001c85  movement_init                 
0000026d  oi_alloc                      
00000aa9  oi_checkFirmware              
000002c7  oi_close                      
00000279  oi_free                       
00000ded  oi_getMotorCalibrationLeft    
00000e01  oi_getMotorCalibrationRight   
000002b1  oi_init                       
00000289  oi_init_noupdate              
00000915  oi_loadSong                   
00004237  oi_parseInt                   
0000032b  oi_parsePacket                
0000096b  oi_play_song                  
0000084b  oi_setLeds                    
00000db1  oi_setMotorCalibration        
0000088f  oi_setWheels                  
00000b51  oi_shutoff_init               
0000098d  oi_uartInit                   
00000a31  oi_uartReceive                
00000a77  oi_uartSendBuff               
00000a15  oi_uartSendChar               
00000a59  oi_uartSendStr                
000002d9  oi_update                     
0000244d  ping_getDistance              
000022cd  ping_init                     
0000237f  ping_trigger                  
00003469  scalbn                        
00003469  scalbnl                       
200022e0  sensor                        
00004267  strchr                        
0000424f  strcmp                        
0000427d  strcpy                        
00004291  strlen                        
000028cf  timer_getMicros               
00002877  timer_getMillis               
000027b1  timer_init                    
00002853  timer_pause                   
00002865  timer_resume                  
00002829  timer_stop                    
00002929  timer_waitMicros              
0000295b  timer_waitMillis              
00001d6b  turn_left                     
00001cff  turn_right                    
000029f9  uart_interrupt_init           
00002ae9  uart_receive                  
00002b1d  uart_receive_nonblocking      
00002ac7  uart_sendChar                 
00002b45  uart_sendStr                  
00003fb1  vsnprintf                     
000042a5  wcslen                        


GLOBAL SYMBOLS: SORTED BY Symbol Address 

address   name                          
-------   ----                          
00000000  __TI_static_base__            
00000000  g_pfnVectors                  
0000026d  oi_alloc                      
00000279  oi_free                       
00000289  oi_init_noupdate              
000002b1  oi_init                       
000002c7  oi_close                      
000002d9  oi_update                     
0000032b  oi_parsePacket                
0000084b  oi_setLeds                    
0000088f  oi_setWheels                  
00000915  oi_loadSong                   
0000096b  oi_play_song                  
0000097f  go_charge                     
0000098d  oi_uartInit                   
00000a15  oi_uartSendChar               
00000a31  oi_uartReceive                
00000a59  oi_uartSendStr                
00000a77  oi_uartSendBuff               
00000aa9  oi_checkFirmware              
00000b51  oi_shutoff_init               
00000bc3  GPIOF_Handler                 
00000db1  oi_setMotorCalibration        
00000ded  oi_getMotorCalibrationLeft    
00000e01  oi_getMotorCalibrationRight   
00000e8d  __TI_printfi                  
00001000  __STACK_SIZE                  
00001000  __SYSMEM_SIZE                 
000018db  _nop                          
000018dd  lcd_reverseNibble             
00001919  lcd_init                      
000019d9  lcd_putc                      
00001a11  lcd_puts                      
00001a2f  lcd_sendCommand               
00001a6d  lcd_sendNibble                
00001ab1  lcd_gotoLine                  
00001ad9  lcd_setCursorPos              
00001b17  lcd_printf                    
00001be9  lcd_rotatingBanner            
00001c85  movement_init                 
00001c95  move_forward                  
00001cff  turn_right                    
00001d6b  turn_left                     
00001dd7  move_backward                 
00001e51  check_Interrupts              
00001fe1  main                          
000022cd  ping_init                     
0000237f  ping_trigger                  
0000240d  TIMER3B_Handler               
0000244d  ping_getDistance              
000027b1  timer_init                    
00002829  timer_stop                    
00002853  timer_pause                   
00002865  timer_resume                  
00002877  timer_getMillis               
000028cf  timer_getMicros               
00002929  timer_waitMicros              
0000295b  timer_waitMillis              
000029f9  uart_interrupt_init           
00002ac7  uart_sendChar                 
00002ae9  uart_receive                  
00002b1d  uart_receive_nonblocking      
00002b45  uart_sendStr                  
00002b63  UART1_Handler                 
00002dd5  __aeabi_dsub                  
00002ddf  __aeabi_dadd                  
00002f8b  __aeabi_idiv0                 
00002f8b  __aeabi_ldiv0                 
00002f8d  adc_init                      
00003049  adc_read                      
0000320d  __aeabi_ddiv                  
00003469  ldexp                         
00003469  ldexpl                        
00003469  scalbn                        
00003469  scalbnl                       
00003579  aligned_alloc                 
00003579  memalign                      
00003679  __aeabi_dmul                  
00003775  free                          
0000390b  __aeabi_memcpy                
0000390b  __aeabi_memcpy4               
0000390b  __aeabi_memcpy8               
0000390b  memcpy                        
000039a7  __aeabi_uldivmod              
00003a3d  __aeabi_cdcmpeq               
00003a3d  __aeabi_cdcmple               
00003ac3  __aeabi_cdrcmple              
00003b49  __aeabi_memclr                
00003b49  __aeabi_memclr4               
00003b49  __aeabi_memclr8               
00003b4b  __aeabi_memset                
00003b4b  __aeabi_memset4               
00003b4b  __aeabi_memset8               
00003b51  memset                        
00003ca3  __aeabi_d2f                   
00003d11  __TI_decompress_lzss          
00003d79  frexp                         
00003d79  frexpl                        
00003e33  __TI_ltoa                     
00003ed9  atoi                          
00003f25  __aeabi_d2iz                  
00003f6d  __TI_auto_init_nobinit_nopinit
00003fb1  vsnprintf                     
00004031  calloc                        
00004069  __aeabi_f2d                   
000040a1  IntRegister                   
000040d5  _c_int00_noargs               
00004139  __aeabi_i2d                   
00004191  __aeabi_ui2d                  
000041b1  __TI_zero_init_nomemset       
000041e9  memccpy                       
00004205  copysign                      
00004205  copysignl                     
00004237  oi_parseInt                   
0000424f  strcmp                        
00004267  strchr                        
0000427d  strcpy                        
00004291  strlen                        
000042a5  wcslen                        
000042b7  IntMasterEnable               
000042c7  lcd_clear                     
000042d7  __TI_decompress_none          
000042e5  CPUcpsie                      
000042f1  ResetISR                      
000042fd  __aeabi_errno_addr            
00004305  malloc                        
0000430d  _system_pre_init              
00004311  C$$EXIT                       
00004311  abort                         
00004314  _ctypes_                      
00004488  __TI_Handler_Table_Base       
00004494  __TI_Handler_Table_Limit      
000044a8  __TI_CINIT_Base               
000044c0  __TI_CINIT_Limit              
20000000  __start___llvm_prf_cnts       
20000000  __stop___llvm_prf_cnts        
20000000  g_pfnRAMVectors               
20000270  __stack                       
20000470  __STACK_TOP                   
20001270  __STACK_END                   
20001270  _sys_memory                   
200022dc  _timeout_ticks                
200022e0  sensor                        
200022e4  motor_cal_factor_L            
200022e8  motor_cal_factor_R            
20002304  START_TIME                    
20002308  END_TIME                      
2000230c  OVERFLOW                      
20002310  CUR_OVERFLOW                  
20002314  STATE                         
20002315  _running                      
20002318  _lock                         
2000231c  _unlock                       
20002328  command_byte                  
2000232c  command_flag                  
20002330  errno                         
ffffffff  __TI_pprof_out_hndl           
ffffffff  __TI_prof_data_size           
ffffffff  __TI_prof_data_start          
ffffffff  __binit__                     
ffffffff  __c_args__                    
ffffffff  binit                         
UNDEFED   __mpu_init                    
UNDEFED   _system_post_cinit            

[164 symbols]
