******************************************************************************
                  TI ARM Linker PC v20.2.6                     
******************************************************************************
>> Linked Fri Feb 24 12:43:57 2023

OUTPUT FILE NAME:   <Lab3.out>
ENTRY POINT SYMBOL: "_c_int00_noargs"  address: 00004485


MEMORY CONFIGURATION

         name            origin    length      used     unused   attr    fill
----------------------  --------  ---------  --------  --------  ----  --------
  FLASH                 00000000   00040000  00004866  0003b79a  R  X
  SRAM                  20000000   00008000  00002366  00005c9a  RW X


SEGMENT ALLOCATION MAP

run origin  load origin   length   init length attrs members
----------  ----------- ---------- ----------- ----- -------
00000000    00000000    00004868   00004868    r-x
  00000000    00000000    0000026c   0000026c    r-- .intvecs
  0000026c    0000026c    0000445c   0000445c    r-x .text
  000046c8    000046c8    0000014e   0000014e    r-- .const
  00004818    00004818    00000050   00000050    r-- .cinit
20000000    20000000    0000236d   00000000    rw-
  20000000    20000000    0000026c   00000000    rw- .vtable
  20000270    20000270    00001000   00000000    rw- .stack
  20001270    20001270    00001000   00000000    rw- .sysmem
  20002270    20002270    000000bd   00000000    rw- .bss
  20002330    20002330    0000003d   00000000    rw- .data


SECTION ALLOCATION MAP

 output                                  attributes/
section   page    origin      length       input sections
--------  ----  ----------  ----------   ----------------
.intvecs   0    00000000    0000026c     
                  00000000    0000026c     tm4c123gh6pm_startup_ccs.obj (.intvecs)

.text      0    0000026c    0000445c     
                  0000026c    00000c20     open_interface.obj (.text)
                  00000e8c    00000a4e     rtsv7M4_T_le_v4SPD16_eabi.lib : _printfi.c.obj (.text:__TI_printfi)
                  000018da    00000002                                   : _lock.c.obj (.text:_nop)
                  000018dc    000004c8     main.obj (.text)
                  00001da4    000003a8     lcd.obj (.text)
                  0000214c    0000029c     movement.obj (.text)
                  000023e8    00000270     rtsv7M4_T_le_v4SPD16_eabi.lib : _printfi.c.obj (.text:_pconv_a)
                  00002658    00000260     libcybotScan.lib : cyBot_Scan.obj (.text)
                  000028b8    00000248     Timer.obj (.text)
                  00002b00    000001ec     libcybotScan.lib : ping.obj (.text)
                  00002cec    000001d0     rtsv7M4_T_le_v4SPD16_eabi.lib : _printfi.c.obj (.text:_pconv_g)
                  00002ebc    000001b6                                   : fd_add_t2.asm.obj (.text)
                  00003072    00000002                                   : div0.asm.obj (.text)
                  00003074    0000015c     libcybotUART.lib : uart.obj (.text)
                  000031d0    00000158     libcybotScan.lib : servo.obj (.text)
                  00003328    0000013c     rtsv7M4_T_le_v4SPD16_eabi.lib : _printfi.c.obj (.text:_pconv_e)
                  00003464    00000136                                   : fd_div_t2.asm.obj (.text)
                  0000359a    00000002     --HOLE-- [fill = 0]
                  0000359c    00000124                                   : _printfi.c.obj (.text:fcvt)
                  000036c0    00000118     libcybotScan.lib : ir.obj (.text)
                  000037d8    00000110     rtsv7M4_T_le_v4SPD16_eabi.lib : s_scalbn.c.obj (.text:scalbn)
                  000038e8    00000100                                   : memory.c.obj (.text:aligned_alloc)
                  000039e8    000000fc                                   : fd_mul_t2.asm.obj (.text)
                  00003ae4    000000e4                                   : memory.c.obj (.text:free)
                  00003bc8    000000b1                                   : _printfi.c.obj (.text:_ltostr)
                  00003c79    00000001     --HOLE-- [fill = 0]
                  00003c7a    0000009c                                   : memcpy_t2.asm.obj (.text)
                  00003d16    00000096                                   : ull_div_t2.asm.obj (.text)
                  00003dac    00000086                                   : fd_cmp_t2.asm.obj (.text:__aeabi_cdcmple)
                  00003e32    00000086                                   : fd_cmp_t2.asm.obj (.text:__aeabi_cdrcmple)
                  00003eb8    0000007a                                   : memset_t2.asm.obj (.text)
                  00003f32    00000002     --HOLE-- [fill = 0]
                  00003f34    00000070                                   : memory.c.obj (.text:split)
                  00003fa4    0000006e                                   : _printfi.c.obj (.text:_mcpy)
                  00004012    0000006e                                   : fd_tos_t2.asm.obj (.text)
                  00004080    00000068                                   : copy_decompress_lzss.c.obj (.text:decompress:lzss:__TI_decompress_lzss)
                  000040e8    00000064                                   : s_frexp.c.obj (.text:frexp)
                  0000414c    00000056                                   : _printfi.c.obj (.text:_pconv_f)
                  000041a2    00000054                                   : _ltoa.c.obj (.text:__TI_ltoa)
                  000041f6    00000052                                   : _printfi.c.obj (.text:_ecpy)
                  00004248    0000004c                                   : atoi.c.obj (.text:atoi)
                  00004294    00000048                                   : fd_toi_t2.asm.obj (.text)
                  000042dc    00000044                                   : autoinit.c.obj (.text:__TI_auto_init_nobinit_nopinit:__TI_auto_init_nobinit_nopinit)
                  00004320    00000040                                   : sprintf.c.obj (.text:sprintf)
                  00004360    00000040                                   : vsnprintf.c.obj (.text:vsnprintf)
                  000043a0    0000003e                                   : _printfi.c.obj (.text:_fcpy)
                  000043de    00000002     --HOLE-- [fill = 0]
                  000043e0    00000038                                   : memory.c.obj (.text:calloc)
                  00004418    00000038                                   : fs_tod_t2.asm.obj (.text)
                  00004450    00000034     driverlib.lib : interrupt.obj (.text:IntRegister)
                  00004484    00000034     rtsv7M4_T_le_v4SPD16_eabi.lib : boot_cortex_m.c.obj (.text:_c_int00_noargs:_c_int00_noargs)
                  000044b8    00000030                                   : vsnprintf.c.obj (.text:_outs)
                  000044e8    0000002e                                   : i_tofd_t2.asm.obj (.text)
                  00004516    00000002     --HOLE-- [fill = 0]
                  00004518    00000028                                   : memory.c.obj (.text:free_list_insert)
                  00004540    0000001c                                   : copy_zero_init.c.obj (.text:decompress:ZI:__TI_zero_init_nomemset:__TI_zero_init_nomemset)
                  0000455c    0000001c                                   : memory.c.obj (.text:free_list_remove)
                  00004578    0000001c                                   : memccpy.c.obj (.text:memccpy)
                  00004594    0000001a                                   : s_copysign.c.obj (.text:copysign)
                  000045ae    00000018                                   : vsnprintf.c.obj (.text:_outc)
                  000045c6    00000018                                   : sprintf.c.obj (.text:_outs)
                  000045de    00000018     open_interface.obj (.text:oi_parseInt)
                  000045f6    00000018     rtsv7M4_T_le_v4SPD16_eabi.lib : strcmp.c.obj (.text:strcmp)
                  0000460e    00000016                                   : strchr.c.obj (.text:strchr)
                  00004624    00000014                                   : strcpy.c.obj (.text:strcpy)
                  00004638    00000014                                   : strlen.c.obj (.text:strlen)
                  0000464c    00000012                                   : wcslen.c.obj (.text:wcslen)
                  0000465e    00000010     driverlib.lib : interrupt.obj (.text:IntMasterEnable)
                  0000466e    00000010     lcd.obj (.text:lcd_clear)
                  0000467e    0000000e     rtsv7M4_T_le_v4SPD16_eabi.lib : copy_decompress_none.c.obj (.text:decompress:none:__TI_decompress_none)
                  0000468c    0000000c     driverlib.lib : cpu.obj (.text:CPUcpsie)
                  00004698    0000000c     tm4c123gh6pm_startup_ccs.obj (.text)
                  000046a4    0000000a     rtsv7M4_T_le_v4SPD16_eabi.lib : sprintf.c.obj (.text:_outc)
                  000046ae    00000002     --HOLE-- [fill = 0]
                  000046b0    00000008                                   : errno.c.obj (.text:__aeabi_errno_addr)
                  000046b8    00000008                                   : memory.c.obj (.text:malloc)
                  000046c0    00000004                                   : pre_init.c.obj (.text:_system_pre_init)
                  000046c4    00000004                                   : exit.c.obj (.text:abort:abort)

.const     0    000046c8    0000014e     
                  000046c8    00000101     rtsv7M4_T_le_v4SPD16_eabi.lib : ctype.c.obj (.const:.string:_ctypes_)
                  000047c9    00000036     lcd.obj (.const:.string:$P$T0$4)
                  000047ff    0000000f     open_interface.obj (.const:.string:$P$T0$3)
                  0000480e    00000004     lcd.obj (.const:.string:lineAddress$1)
                  00004812    00000004     lcd.obj (.const:.string:lineAddresses$2)

.cinit     0    00004818    00000050     
                  00004818    00000019     (.cinit..data.load) [load image, compression = lzss]
                  00004831    00000003     --HOLE-- [fill = 0]
                  00004834    0000000c     (__TI_handler_table)
                  00004840    00000008     (.cinit..bss.load) [load image, compression = zero_init]
                  00004848    00000008     (.cinit..vtable.load) [load image, compression = zero_init]
                  00004850    00000018     (__TI_cinit_table)

.init_array 
*          0    00000000    00000000     UNINITIALIZED

.vtable    0    20000000    0000026c     UNINITIALIZED
                  20000000    0000026c     driverlib.lib : interrupt.obj (.vtable)

.stack     0    20000270    00001000     UNINITIALIZED
                  20000270    00000004     rtsv7M4_T_le_v4SPD16_eabi.lib : boot_cortex_m.c.obj (.stack)
                  20000274    00000ffc     --HOLE--

.sysmem    0    20001270    00001000     UNINITIALIZED
                  20001270    00000010     rtsv7M4_T_le_v4SPD16_eabi.lib : memory.c.obj (.sysmem)
                  20001280    00000ff0     --HOLE--

.bss       0    20002270    000000bd     UNINITIALIZED
                  20002270    00000054     lcd.obj (.bss:lastbuffer$3)
                  200022c4    00000034     (.common:isr_char_buffer)
                  200022f8    00000018     open_interface.obj (.bss:firmware$2)
                  20002310    00000004     (.common:_timeout_ticks)
                  20002314    00000004     (.common:fallingEdge)
                  20002318    00000004     (.common:isr_int_value)
                  2000231c    00000004     (.common:left_calibration_value)
                  20002320    00000004     (.common:pulseLength)
                  20002324    00000004     (.common:right_calibration_value)
                  20002328    00000004     (.common:risingEdge)
                  2000232c    00000001     (.common:isRisingEdge)

.data      0    20002330    0000003d     UNINITIALIZED
                  20002330    00000020     open_interface.obj (.data)
                  20002350    00000008     rtsv7M4_T_le_v4SPD16_eabi.lib : _lock.c.obj (.data:$O1$$)
                  20002358    00000008                                   : memory.c.obj (.data:$O1$$)
                  20002360    00000004     libcybotScan.lib : cyBot_Scan.obj (.data)
                  20002364    00000004     libcybotUART.lib : uart.obj (.data)
                  20002368    00000004     rtsv7M4_T_le_v4SPD16_eabi.lib : errno.c.obj (.data)
                  2000236c    00000001     Timer.obj (.data)

__llvm_prf_cnts 
*          0    20000000    00000000     UNINITIALIZED

MODULE SUMMARY

       Module                         code    ro data   rw data
       ------                         ----    -------   -------
    .\
       open_interface.obj             3128    15        56     
       main.obj                       1224    0         8      
       lcd.obj                        952     62        84     
       movement.obj                   668     0         0      
       tm4c123gh6pm_startup_ccs.obj   12      620       0      
       Timer.obj                      584     0         5      
    +--+------------------------------+-------+---------+---------+
       Total:                         6568    697       153    
                                                               
    ../libcybotScan.lib
       cyBot_Scan.obj                 608     0         4      
       ping.obj                       492     0         13     
       servo.obj                      344     0         0      
       ir.obj                         280     0         4      
    +--+------------------------------+-------+---------+---------+
       Total:                         1724    0         21     
                                                               
    ../libcybotUART.lib
       uart.obj                       348     0         56     
    +--+------------------------------+-------+---------+---------+
       Total:                         348     0         56     
                                                               
    C:/ti/TivaWare_C_Series-2.2.0.295/driverlib/ccs/Debug/driverlib.lib
       interrupt.obj                  68      0         620    
       cpu.obj                        12      0         0      
    +--+------------------------------+-------+---------+---------+
       Total:                         80      0         620    
                                                               
    C:\ti\ccs1200\ccs\tools\compiler\ti-cgt-arm_20.2.6.LTS\lib\rtsv7M4_T_le_v4SPD16_eabi.lib
       _printfi.c.obj                 4851    0         0      
       memory.c.obj                   728     0         8      
       fd_add_t2.asm.obj              438     0         0      
       fd_div_t2.asm.obj              310     0         0      
       s_scalbn.c.obj                 272     0         0      
       fd_cmp_t2.asm.obj              268     0         0      
       ctype.c.obj                    0       257       0      
       fd_mul_t2.asm.obj              252     0         0      
       memcpy_t2.asm.obj              156     0         0      
       ull_div_t2.asm.obj             150     0         0      
       vsnprintf.c.obj                136     0         0      
       memset_t2.asm.obj              122     0         0      
       fd_tos_t2.asm.obj              110     0         0      
       copy_decompress_lzss.c.obj     104     0         0      
       s_frexp.c.obj                  100     0         0      
       sprintf.c.obj                  98      0         0      
       _ltoa.c.obj                    84      0         0      
       atoi.c.obj                     76      0         0      
       fd_toi_t2.asm.obj              72      0         0      
       autoinit.c.obj                 68      0         0      
       fs_tod_t2.asm.obj              56      0         0      
       boot_cortex_m.c.obj            52      0         0      
       i_tofd_t2.asm.obj              46      0         0      
       copy_zero_init.c.obj           28      0         0      
       memccpy.c.obj                  28      0         0      
       s_copysign.c.obj               26      0         0      
       strcmp.c.obj                   24      0         0      
       strchr.c.obj                   22      0         0      
       strcpy.c.obj                   20      0         0      
       strlen.c.obj                   20      0         0      
       wcslen.c.obj                   18      0         0      
       copy_decompress_none.c.obj     14      0         0      
       errno.c.obj                    8       0         4      
       _lock.c.obj                    2       0         8      
       exit.c.obj                     4       0         0      
       pre_init.c.obj                 4       0         0      
       div0.asm.obj                   2       0         0      
    +--+------------------------------+-------+---------+---------+
       Total:                         8769    257       20     
                                                               
       Heap:                          0       0         4096   
       Stack:                         0       0         4096   
       Linker Generated:              0       77        0      
    +--+------------------------------+-------+---------+---------+
       Grand Total:                   17489   1031      9062   


LINKER GENERATED COPY TABLES

__TI_cinit_table @ 00004850 records: 3, size/record: 8, table size: 24
	.data: load addr=00004818, load size=00000019 bytes, run addr=20002330, run size=0000003d bytes, compression=lzss
	.bss: load addr=00004840, load size=00000008 bytes, run addr=20002270, run size=000000bd bytes, compression=zero_init
	.vtable: load addr=00004848, load size=00000008 bytes, run addr=20000000, run size=0000026c bytes, compression=zero_init


LINKER GENERATED HANDLER TABLE

__TI_handler_table @ 00004834 records: 3, size/record: 4, table size: 12
	index: 0, handler: __TI_zero_init
	index: 1, handler: __TI_decompress_lzss
	index: 2, handler: __TI_decompress_none


GLOBAL SYMBOLS: SORTED ALPHABETICALLY BY Name 

address   name                          
-------   ----                          
00003759  ADC0SS0_Handler               
000046c5  C$$EXIT                       
0000468d  CPUcpsie                      
00000bc3  GPIOF_Handler                 
0000465f  IntMasterEnable               
00004451  IntRegister                   
00004699  ResetISR                      
00002bf1  TIMER3B_Handler               
20001270  __STACK_END                   
00001000  __STACK_SIZE                  
20000470  __STACK_TOP                   
00001000  __SYSMEM_SIZE                 
00004850  __TI_CINIT_Base               
00004868  __TI_CINIT_Limit              
00004834  __TI_Handler_Table_Base       
00004840  __TI_Handler_Table_Limit      
000042dd  __TI_auto_init_nobinit_nopinit
00004081  __TI_decompress_lzss          
0000467f  __TI_decompress_none          
000041a3  __TI_ltoa                     
ffffffff  __TI_pprof_out_hndl           
00000e8d  __TI_printfi                  
ffffffff  __TI_prof_data_size           
ffffffff  __TI_prof_data_start          
00000000  __TI_static_base__            
00004541  __TI_zero_init_nomemset       
00003dad  __aeabi_cdcmpeq               
00003dad  __aeabi_cdcmple               
00003e33  __aeabi_cdrcmple              
00004013  __aeabi_d2f                   
00004295  __aeabi_d2iz                  
00002ec7  __aeabi_dadd                  
00003465  __aeabi_ddiv                  
000039e9  __aeabi_dmul                  
00002ebd  __aeabi_dsub                  
000046b1  __aeabi_errno_addr            
00004419  __aeabi_f2d                   
000044e9  __aeabi_i2d                   
00003073  __aeabi_idiv0                 
00003073  __aeabi_ldiv0                 
00003eb9  __aeabi_memclr                
00003eb9  __aeabi_memclr4               
00003eb9  __aeabi_memclr8               
00003c7b  __aeabi_memcpy                
00003c7b  __aeabi_memcpy4               
00003c7b  __aeabi_memcpy8               
00003ebb  __aeabi_memset                
00003ebb  __aeabi_memset4               
00003ebb  __aeabi_memset8               
00003d17  __aeabi_uldivmod              
ffffffff  __binit__                     
ffffffff  __c_args__                    
UNDEFED   __mpu_init                    
20000270  __stack                       
20000000  __start___llvm_prf_cnts       
20000000  __stop___llvm_prf_cnts        
00004485  _c_int00_noargs               
000046c8  _ctypes_                      
20002350  _lock                         
000018db  _nop                          
2000236c  _running                      
20001270  _sys_memory                   
UNDEFED   _system_post_cinit            
000046c1  _system_pre_init              
20002310  _timeout_ticks                
20002354  _unlock                       
000046c5  abort                         
000038e9  aligned_alloc                 
00004249  atoi                          
ffffffff  binit                         
000043e1  calloc                        
00004595  copysign                      
00004595  copysignl                     
00002731  cyBOT_SERVO_cal               
000026bf  cyBOT_Scan                    
00002667  cyBOT_init_Scan               
20002360  cyBOT_scan_features           
00002659  cyBOT_scan_version            
0000317d  cyBot_UART1_Handler           
00003163  cyBot_getByte                 
00003075  cyBot_sendByte                
00003145  cyBot_uart_flush              
000030b3  cyBot_uart_init               
0000309b  cyBot_uart_sendBuffer         
00003081  cyBot_uart_sendStr            
20002368  errno                         
20002314  fallingEdge                   
00003ae5  free                          
000040e9  frexp                         
000040e9  frexpl                        
20000000  g_pfnRAMVectors               
00000000  g_pfnVectors                  
0000097f  go_charge                     
0000376f  ir_enableInterrupt            
00003751  ir_getDistance                
00003729  ir_getValue                   
000036c1  ir_init                       
2000232c  isRisingEdge                  
200022c4  isr_char_buffer               
20002364  isr_counter                   
20002318  isr_int_value                 
0000466f  lcd_clear                     
00001f79  lcd_gotoLine                  
00001de1  lcd_init                      
00001fdf  lcd_printf                    
00001ea1  lcd_putc                      
00001ed9  lcd_puts                      
00001da5  lcd_reverseNibble             
000020b1  lcd_rotatingBanner            
00001ef7  lcd_sendCommand               
00001f35  lcd_sendNibble                
00001fa1  lcd_setCursorPos              
000037d9  ldexp                         
000037d9  ldexpl                        
2000231c  left_calibration_value        
000018dd  main                          
000046b9  malloc                        
000038e9  memalign                      
00004579  memccpy                       
00003c7b  memcpy                        
00003ec1  memset                        
20002330  motor_cal_factor_L            
20002334  motor_cal_factor_R            
00002351  move_backward                 
0000214d  move_forward                  
0000026d  oi_alloc                      
00000aa9  oi_checkFirmware              
000002c7  oi_close                      
00000279  oi_free                       
00000ded  oi_getMotorCalibrationLeft    
00000e01  oi_getMotorCalibrationRight   
000002b1  oi_init                       
00000289  oi_init_noupdate              
00000915  oi_loadSong                   
000045df  oi_parseInt                   
0000032b  oi_parsePacket                
0000096b  oi_play_song                  
0000084b  oi_setLeds                    
00000db1  oi_setMotorCalibration        
0000088f  oi_setWheels                  
00000b51  oi_shutoff_init               
0000098d  oi_uartInit                   
00000a31  oi_uartReceive                
00000a77  oi_uartSendBuff               
00000a15  oi_uartSendChar               
00000a59  oi_uartSendStr                
000002d9  oi_update                     
00002c43  ping_getDistance              
00002b01  ping_init                     
00002b87  ping_trigger                  
20002320  pulseLength                   
20002324  right_calibration_value       
20002328  risingEdge                    
000037d9  scalbn                        
000037d9  scalbnl                       
000031d1  servo_init                    
00003261  servo_move                    
000032c1  servo_setPWM                  
00003255  servo_stop                    
00004321  sprintf                       
0000460f  strchr                        
000045f7  strcmp                        
00004625  strcpy                        
00004639  strlen                        
000029d7  timer_getMicros               
0000297f  timer_getMillis               
000028b9  timer_init                    
0000295b  timer_pause                   
0000296d  timer_resume                  
00002931  timer_stop                    
00002a31  timer_waitMicros              
00002a63  timer_waitMillis              
000022eb  turn_left                     
00002285  turn_right                    
00004361  vsnprintf                     
0000464d  wcslen                        


GLOBAL SYMBOLS: SORTED BY Symbol Address 

address   name                          
-------   ----                          
00000000  __TI_static_base__            
00000000  g_pfnVectors                  
0000026d  oi_alloc                      
00000279  oi_free                       
00000289  oi_init_noupdate              
000002b1  oi_init                       
000002c7  oi_close                      
000002d9  oi_update                     
0000032b  oi_parsePacket                
0000084b  oi_setLeds                    
0000088f  oi_setWheels                  
00000915  oi_loadSong                   
0000096b  oi_play_song                  
0000097f  go_charge                     
0000098d  oi_uartInit                   
00000a15  oi_uartSendChar               
00000a31  oi_uartReceive                
00000a59  oi_uartSendStr                
00000a77  oi_uartSendBuff               
00000aa9  oi_checkFirmware              
00000b51  oi_shutoff_init               
00000bc3  GPIOF_Handler                 
00000db1  oi_setMotorCalibration        
00000ded  oi_getMotorCalibrationLeft    
00000e01  oi_getMotorCalibrationRight   
00000e8d  __TI_printfi                  
00001000  __STACK_SIZE                  
00001000  __SYSMEM_SIZE                 
000018db  _nop                          
000018dd  main                          
00001da5  lcd_reverseNibble             
00001de1  lcd_init                      
00001ea1  lcd_putc                      
00001ed9  lcd_puts                      
00001ef7  lcd_sendCommand               
00001f35  lcd_sendNibble                
00001f79  lcd_gotoLine                  
00001fa1  lcd_setCursorPos              
00001fdf  lcd_printf                    
000020b1  lcd_rotatingBanner            
0000214d  move_forward                  
00002285  turn_right                    
000022eb  turn_left                     
00002351  move_backward                 
00002659  cyBOT_scan_version            
00002667  cyBOT_init_Scan               
000026bf  cyBOT_Scan                    
00002731  cyBOT_SERVO_cal               
000028b9  timer_init                    
00002931  timer_stop                    
0000295b  timer_pause                   
0000296d  timer_resume                  
0000297f  timer_getMillis               
000029d7  timer_getMicros               
00002a31  timer_waitMicros              
00002a63  timer_waitMillis              
00002b01  ping_init                     
00002b87  ping_trigger                  
00002bf1  TIMER3B_Handler               
00002c43  ping_getDistance              
00002ebd  __aeabi_dsub                  
00002ec7  __aeabi_dadd                  
00003073  __aeabi_idiv0                 
00003073  __aeabi_ldiv0                 
00003075  cyBot_sendByte                
00003081  cyBot_uart_sendStr            
0000309b  cyBot_uart_sendBuffer         
000030b3  cyBot_uart_init               
00003145  cyBot_uart_flush              
00003163  cyBot_getByte                 
0000317d  cyBot_UART1_Handler           
000031d1  servo_init                    
00003255  servo_stop                    
00003261  servo_move                    
000032c1  servo_setPWM                  
00003465  __aeabi_ddiv                  
000036c1  ir_init                       
00003729  ir_getValue                   
00003751  ir_getDistance                
00003759  ADC0SS0_Handler               
0000376f  ir_enableInterrupt            
000037d9  ldexp                         
000037d9  ldexpl                        
000037d9  scalbn                        
000037d9  scalbnl                       
000038e9  aligned_alloc                 
000038e9  memalign                      
000039e9  __aeabi_dmul                  
00003ae5  free                          
00003c7b  __aeabi_memcpy                
00003c7b  __aeabi_memcpy4               
00003c7b  __aeabi_memcpy8               
00003c7b  memcpy                        
00003d17  __aeabi_uldivmod              
00003dad  __aeabi_cdcmpeq               
00003dad  __aeabi_cdcmple               
00003e33  __aeabi_cdrcmple              
00003eb9  __aeabi_memclr                
00003eb9  __aeabi_memclr4               
00003eb9  __aeabi_memclr8               
00003ebb  __aeabi_memset                
00003ebb  __aeabi_memset4               
00003ebb  __aeabi_memset8               
00003ec1  memset                        
00004013  __aeabi_d2f                   
00004081  __TI_decompress_lzss          
000040e9  frexp                         
000040e9  frexpl                        
000041a3  __TI_ltoa                     
00004249  atoi                          
00004295  __aeabi_d2iz                  
000042dd  __TI_auto_init_nobinit_nopinit
00004321  sprintf                       
00004361  vsnprintf                     
000043e1  calloc                        
00004419  __aeabi_f2d                   
00004451  IntRegister                   
00004485  _c_int00_noargs               
000044e9  __aeabi_i2d                   
00004541  __TI_zero_init_nomemset       
00004579  memccpy                       
00004595  copysign                      
00004595  copysignl                     
000045df  oi_parseInt                   
000045f7  strcmp                        
0000460f  strchr                        
00004625  strcpy                        
00004639  strlen                        
0000464d  wcslen                        
0000465f  IntMasterEnable               
0000466f  lcd_clear                     
0000467f  __TI_decompress_none          
0000468d  CPUcpsie                      
00004699  ResetISR                      
000046b1  __aeabi_errno_addr            
000046b9  malloc                        
000046c1  _system_pre_init              
000046c5  C$$EXIT                       
000046c5  abort                         
000046c8  _ctypes_                      
00004834  __TI_Handler_Table_Base       
00004840  __TI_Handler_Table_Limit      
00004850  __TI_CINIT_Base               
00004868  __TI_CINIT_Limit              
20000000  __start___llvm_prf_cnts       
20000000  __stop___llvm_prf_cnts        
20000000  g_pfnRAMVectors               
20000270  __stack                       
20000470  __STACK_TOP                   
20001270  __STACK_END                   
20001270  _sys_memory                   
200022c4  isr_char_buffer               
20002310  _timeout_ticks                
20002314  fallingEdge                   
20002318  isr_int_value                 
2000231c  left_calibration_value        
20002320  pulseLength                   
20002324  right_calibration_value       
20002328  risingEdge                    
2000232c  isRisingEdge                  
20002330  motor_cal_factor_L            
20002334  motor_cal_factor_R            
20002350  _lock                         
20002354  _unlock                       
20002360  cyBOT_scan_features           
20002364  isr_counter                   
20002368  errno                         
2000236c  _running                      
ffffffff  __TI_pprof_out_hndl           
ffffffff  __TI_prof_data_size           
ffffffff  __TI_prof_data_start          
ffffffff  __binit__                     
ffffffff  __c_args__                    
ffffffff  binit                         
UNDEFED   __mpu_init                    
UNDEFED   _system_post_cinit            

[176 symbols]
