******************************************************************************
                  TI ARM Linker PC v20.2.6                     
******************************************************************************
>> Linked Fri Mar  3 12:13:39 2023

OUTPUT FILE NAME:   <Lab5.out>
ENTRY POINT SYMBOL: "_c_int00_noargs"  address: 000026cd


MEMORY CONFIGURATION

         name            origin    length      used     unused   attr    fill
----------------------  --------  ---------  --------  --------  ----  --------
  FLASH                 00000000   00040000  000029eb  0003d615  R  X
  SRAM                  20000000   00008000  000022c9  00005d37  RW X


SEGMENT ALLOCATION MAP

run origin  load origin   length   init length attrs members
----------  ----------- ---------- ----------- ----- -------
00000000    00000000    000029f0   000029f0    r-x
  00000000    00000000    0000026c   0000026c    r-- .intvecs
  0000026c    0000026c    00002600   00002600    r-x .text
  0000286c    0000286c    0000013f   0000013f    r-- .const
  000029b0    000029b0    00000040   00000040    r-- .cinit
20000000    20000000    000022cd   00000000    rw-
  20000000    20000000    0000026c   00000000    rw- .vtable
  20000270    20000270    00001000   00000000    rw- .stack
  20001270    20001270    00001000   00000000    rw- .sysmem
  20002270    20002270    00000058   00000000    rw- .bss
  200022c8    200022c8    00000005   00000000    rw- .data


SECTION ALLOCATION MAP

 output                                  attributes/
section   page    origin      length       input sections
--------  ----  ----------  ----------   ----------------
.intvecs   0    00000000    0000026c     
                  00000000    0000026c     tm4c123gh6pm_startup_ccs.obj (.intvecs)

.text      0    0000026c    00002600     
                  0000026c    00000a4e     rtsv7M4_T_le_v4SPD16_eabi.lib : _printfi.c.obj (.text:__TI_printfi)
                  00000cba    00000002                                   : div0.asm.obj (.text)
                  00000cbc    000003a8     lcd.obj (.text)
                  00001064    00000270     rtsv7M4_T_le_v4SPD16_eabi.lib : _printfi.c.obj (.text:_pconv_a)
                  000012d4    00000248     Timer.obj (.text)
                  0000151c    000001d0     rtsv7M4_T_le_v4SPD16_eabi.lib : _printfi.c.obj (.text:_pconv_g)
                  000016ec    000001b6                                   : fd_add_t2.asm.obj (.text)
                  000018a2    00000002     --HOLE-- [fill = 0]
                  000018a4    0000013c                                   : _printfi.c.obj (.text:_pconv_e)
                  000019e0    00000136                                   : fd_div_t2.asm.obj (.text)
                  00001b16    00000002     --HOLE-- [fill = 0]
                  00001b18    00000124                                   : _printfi.c.obj (.text:fcvt)
                  00001c3c    00000110                                   : s_scalbn.c.obj (.text:scalbn)
                  00001d4c    00000110     uart.obj (.text)
                  00001e5c    000000fc     rtsv7M4_T_le_v4SPD16_eabi.lib : fd_mul_t2.asm.obj (.text)
                  00001f58    000000b1                                   : _printfi.c.obj (.text:_ltostr)
                  00002009    00000001     --HOLE-- [fill = 0]
                  0000200a    0000009c                                   : memcpy_t2.asm.obj (.text)
                  000020a6    00000096                                   : ull_div_t2.asm.obj (.text)
                  0000213c    00000086                                   : fd_cmp_t2.asm.obj (.text:__aeabi_cdcmple)
                  000021c2    00000086                                   : fd_cmp_t2.asm.obj (.text:__aeabi_cdrcmple)
                  00002248    0000007a                                   : memset_t2.asm.obj (.text)
                  000022c2    0000006e                                   : _printfi.c.obj (.text:_mcpy)
                  00002330    00000068                                   : copy_decompress_lzss.c.obj (.text:decompress:lzss:__TI_decompress_lzss)
                  00002398    00000064                                   : s_frexp.c.obj (.text:frexp)
                  000023fc    00000056                                   : _printfi.c.obj (.text:_pconv_f)
                  00002452    00000054                                   : _ltoa.c.obj (.text:__TI_ltoa)
                  000024a6    00000052                                   : _printfi.c.obj (.text:_ecpy)
                  000024f8    0000004c                                   : atoi.c.obj (.text:atoi)
                  00002544    00000048     lab5_template.obj (.text)
                  0000258c    00000048     rtsv7M4_T_le_v4SPD16_eabi.lib : fd_toi_t2.asm.obj (.text)
                  000025d4    00000044                                   : autoinit.c.obj (.text:__TI_auto_init_nobinit_nopinit:__TI_auto_init_nobinit_nopinit)
                  00002618    00000040                                   : vsnprintf.c.obj (.text:vsnprintf)
                  00002658    0000003e                                   : _printfi.c.obj (.text:_fcpy)
                  00002696    00000002     --HOLE-- [fill = 0]
                  00002698    00000034     driverlib.lib : interrupt.obj (.text:IntRegister)
                  000026cc    00000034     rtsv7M4_T_le_v4SPD16_eabi.lib : boot_cortex_m.c.obj (.text:_c_int00_noargs:_c_int00_noargs)
                  00002700    00000030                                   : vsnprintf.c.obj (.text:_outs)
                  00002730    0000002e                                   : i_tofd_t2.asm.obj (.text)
                  0000275e    0000001c                                   : copy_zero_init.c.obj (.text:decompress:ZI:__TI_zero_init_nomemset:__TI_zero_init_nomemset)
                  0000277a    0000001c                                   : memccpy.c.obj (.text:memccpy)
                  00002796    0000001a                                   : s_copysign.c.obj (.text:copysign)
                  000027b0    00000018                                   : vsnprintf.c.obj (.text:_outc)
                  000027c8    00000018                                   : strcmp.c.obj (.text:strcmp)
                  000027e0    00000016                                   : strchr.c.obj (.text:strchr)
                  000027f6    00000014                                   : strcpy.c.obj (.text:strcpy)
                  0000280a    00000014                                   : strlen.c.obj (.text:strlen)
                  0000281e    00000012                                   : wcslen.c.obj (.text:wcslen)
                  00002830    00000010     lcd.obj (.text:lcd_clear)
                  00002840    0000000e     rtsv7M4_T_le_v4SPD16_eabi.lib : copy_decompress_none.c.obj (.text:decompress:none:__TI_decompress_none)
                  0000284e    0000000c     tm4c123gh6pm_startup_ccs.obj (.text)
                  0000285a    00000002     --HOLE-- [fill = 0]
                  0000285c    00000008     rtsv7M4_T_le_v4SPD16_eabi.lib : errno.c.obj (.text:__aeabi_errno_addr)
                  00002864    00000004                                   : pre_init.c.obj (.text:_system_pre_init)
                  00002868    00000004                                   : exit.c.obj (.text:abort:abort)

.const     0    0000286c    0000013f     
                  0000286c    00000101     rtsv7M4_T_le_v4SPD16_eabi.lib : ctype.c.obj (.const:.string:_ctypes_)
                  0000296d    00000036     lcd.obj (.const:.string:$P$T0$4)
                  000029a3    00000004     lcd.obj (.const:.string:lineAddress$1)
                  000029a7    00000004     lcd.obj (.const:.string:lineAddresses$2)

.cinit     0    000029b0    00000040     
                  000029b0    0000000c     (__TI_handler_table)
                  000029bc    00000004     --HOLE-- [fill = 0]
                  000029c0    00000008     (.cinit..bss.load) [load image, compression = zero_init]
                  000029c8    00000008     (.cinit..vtable.load) [load image, compression = zero_init]
                  000029d0    00000007     (.cinit..data.load) [load image, compression = lzss]
                  000029d7    00000001     --HOLE-- [fill = 0]
                  000029d8    00000018     (__TI_cinit_table)

.init_array 
*          0    00000000    00000000     UNINITIALIZED

.vtable    0    20000000    0000026c     UNINITIALIZED
                  20000000    0000026c     driverlib.lib : interrupt.obj (.vtable)

.stack     0    20000270    00001000     UNINITIALIZED
                  20000270    00000004     rtsv7M4_T_le_v4SPD16_eabi.lib : boot_cortex_m.c.obj (.stack)
                  20000274    00000ffc     --HOLE--

.sysmem    0    20001270    00001000     UNINITIALIZED
                  20001270    00000010     rtsv7M4_T_le_v4SPD16_eabi.lib : memory.c.obj (.sysmem)
                  20001280    00000ff0     --HOLE--

.bss       0    20002270    00000058     UNINITIALIZED
                  20002270    00000054     lcd.obj (.bss:lastbuffer$3)
                  200022c4    00000004     (.common:_timeout_ticks)

.data      0    200022c8    00000005     UNINITIALIZED
                  200022c8    00000004     rtsv7M4_T_le_v4SPD16_eabi.lib : errno.c.obj (.data)
                  200022cc    00000001     Timer.obj (.data)

__llvm_prf_cnts 
*          0    20000000    00000000     UNINITIALIZED

MODULE SUMMARY

       Module                         code   ro data   rw data
       ------                         ----   -------   -------
    .\
       lcd.obj                        952    62        84     
       tm4c123gh6pm_startup_ccs.obj   12     620       0      
       Timer.obj                      584    0         5      
       uart.obj                       272    0         0      
       lab5_template.obj              72     0         0      
    +--+------------------------------+------+---------+---------+
       Total:                         1892   682       89     
                                                              
    C:/ti/TivaWare_C_Series-2.2.0.295/driverlib/ccs/Debug/driverlib.lib
       interrupt.obj                  52     0         620    
    +--+------------------------------+------+---------+---------+
       Total:                         52     0         620    
                                                              
    C:\ti\ccs1200\ccs\tools\compiler\ti-cgt-arm_20.2.6.LTS\lib\rtsv7M4_T_le_v4SPD16_eabi.lib
       _printfi.c.obj                 4851   0         0      
       fd_add_t2.asm.obj              438    0         0      
       fd_div_t2.asm.obj              310    0         0      
       s_scalbn.c.obj                 272    0         0      
       fd_cmp_t2.asm.obj              268    0         0      
       ctype.c.obj                    0      257       0      
       fd_mul_t2.asm.obj              252    0         0      
       memcpy_t2.asm.obj              156    0         0      
       ull_div_t2.asm.obj             150    0         0      
       vsnprintf.c.obj                136    0         0      
       memset_t2.asm.obj              122    0         0      
       copy_decompress_lzss.c.obj     104    0         0      
       s_frexp.c.obj                  100    0         0      
       _ltoa.c.obj                    84     0         0      
       atoi.c.obj                     76     0         0      
       fd_toi_t2.asm.obj              72     0         0      
       autoinit.c.obj                 68     0         0      
       boot_cortex_m.c.obj            52     0         0      
       i_tofd_t2.asm.obj              46     0         0      
       copy_zero_init.c.obj           28     0         0      
       memccpy.c.obj                  28     0         0      
       s_copysign.c.obj               26     0         0      
       strcmp.c.obj                   24     0         0      
       strchr.c.obj                   22     0         0      
       strcpy.c.obj                   20     0         0      
       strlen.c.obj                   20     0         0      
       wcslen.c.obj                   18     0         0      
       copy_decompress_none.c.obj     14     0         0      
       errno.c.obj                    8      0         4      
       exit.c.obj                     4      0         0      
       pre_init.c.obj                 4      0         0      
       div0.asm.obj                   2      0         0      
    +--+------------------------------+------+---------+---------+
       Total:                         7775   257       4      
                                                              
       Heap:                          0      0         4096   
       Stack:                         0      0         4096   
       Linker Generated:              0      59        0      
    +--+------------------------------+------+---------+---------+
       Grand Total:                   9719   998       8905   


LINKER GENERATED COPY TABLES

__TI_cinit_table @ 000029d8 records: 3, size/record: 8, table size: 24
	.bss: load addr=000029c0, load size=00000008 bytes, run addr=20002270, run size=00000058 bytes, compression=zero_init
	.vtable: load addr=000029c8, load size=00000008 bytes, run addr=20000000, run size=0000026c bytes, compression=zero_init
	.data: load addr=000029d0, load size=00000007 bytes, run addr=200022c8, run size=00000005 bytes, compression=lzss


LINKER GENERATED HANDLER TABLE

__TI_handler_table @ 000029b0 records: 3, size/record: 4, table size: 12
	index: 0, handler: __TI_zero_init
	index: 1, handler: __TI_decompress_lzss
	index: 2, handler: __TI_decompress_none


GLOBAL SYMBOLS: SORTED ALPHABETICALLY BY Name 

address   name                          
-------   ----                          
00002869  C$$EXIT                       
00002699  IntRegister                   
0000284f  ResetISR                      
20001270  __STACK_END                   
00001000  __STACK_SIZE                  
20000470  __STACK_TOP                   
00001000  __SYSMEM_SIZE                 
000029d8  __TI_CINIT_Base               
000029f0  __TI_CINIT_Limit              
000029b0  __TI_Handler_Table_Base       
000029bc  __TI_Handler_Table_Limit      
000025d5  __TI_auto_init_nobinit_nopinit
00002331  __TI_decompress_lzss          
00002841  __TI_decompress_none          
00002453  __TI_ltoa                     
ffffffff  __TI_pprof_out_hndl           
0000026d  __TI_printfi                  
ffffffff  __TI_prof_data_size           
ffffffff  __TI_prof_data_start          
00000000  __TI_static_base__            
0000275f  __TI_zero_init_nomemset       
0000213d  __aeabi_cdcmpeq               
0000213d  __aeabi_cdcmple               
000021c3  __aeabi_cdrcmple              
0000258d  __aeabi_d2iz                  
000016f7  __aeabi_dadd                  
000019e1  __aeabi_ddiv                  
00001e5d  __aeabi_dmul                  
000016ed  __aeabi_dsub                  
0000285d  __aeabi_errno_addr            
00002731  __aeabi_i2d                   
00000cbb  __aeabi_idiv0                 
00000cbb  __aeabi_ldiv0                 
00002249  __aeabi_memclr                
00002249  __aeabi_memclr4               
00002249  __aeabi_memclr8               
0000200b  __aeabi_memcpy                
0000200b  __aeabi_memcpy4               
0000200b  __aeabi_memcpy8               
0000224b  __aeabi_memset                
0000224b  __aeabi_memset4               
0000224b  __aeabi_memset8               
000020a7  __aeabi_uldivmod              
ffffffff  __binit__                     
ffffffff  __c_args__                    
UNDEFED   __mpu_init                    
20000270  __stack                       
20000000  __start___llvm_prf_cnts       
20000000  __stop___llvm_prf_cnts        
000026cd  _c_int00_noargs               
0000286c  _ctypes_                      
200022cc  _running                      
20001270  _sys_memory                   
UNDEFED   _system_post_cinit            
00002865  _system_pre_init              
200022c4  _timeout_ticks                
00002869  abort                         
000024f9  atoi                          
ffffffff  binit                         
00002797  copysign                      
00002797  copysignl                     
200022c8  errno                         
00002399  frexp                         
00002399  frexpl                        
20000000  g_pfnRAMVectors               
00000000  g_pfnVectors                  
00002831  lcd_clear                     
00000e91  lcd_gotoLine                  
00000cf9  lcd_init                      
00000ef7  lcd_printf                    
00000db9  lcd_putc                      
00000df1  lcd_puts                      
00000cbd  lcd_reverseNibble             
00000fc9  lcd_rotatingBanner            
00000e0f  lcd_sendCommand               
00000e4d  lcd_sendNibble                
00000eb9  lcd_setCursorPos              
00001c3d  ldexp                         
00001c3d  ldexpl                        
00002545  main                          
0000277b  memccpy                       
0000200b  memcpy                        
00002251  memset                        
00001c3d  scalbn                        
00001c3d  scalbnl                       
000027e1  strchr                        
000027c9  strcmp                        
000027f7  strcpy                        
0000280b  strlen                        
000013f3  timer_getMicros               
0000139b  timer_getMillis               
000012d5  timer_init                    
00001377  timer_pause                   
00001389  timer_resume                  
0000134d  timer_stop                    
0000144d  timer_waitMicros              
0000147f  timer_waitMillis              
00001d4d  uart_init                     
00001ddf  uart_receive                  
00001dc3  uart_sendChar                 
00001e07  uart_sendStr                  
00002619  vsnprintf                     
0000281f  wcslen                        


GLOBAL SYMBOLS: SORTED BY Symbol Address 

address   name                          
-------   ----                          
00000000  __TI_static_base__            
00000000  g_pfnVectors                  
0000026d  __TI_printfi                  
00000cbb  __aeabi_idiv0                 
00000cbb  __aeabi_ldiv0                 
00000cbd  lcd_reverseNibble             
00000cf9  lcd_init                      
00000db9  lcd_putc                      
00000df1  lcd_puts                      
00000e0f  lcd_sendCommand               
00000e4d  lcd_sendNibble                
00000e91  lcd_gotoLine                  
00000eb9  lcd_setCursorPos              
00000ef7  lcd_printf                    
00000fc9  lcd_rotatingBanner            
00001000  __STACK_SIZE                  
00001000  __SYSMEM_SIZE                 
000012d5  timer_init                    
0000134d  timer_stop                    
00001377  timer_pause                   
00001389  timer_resume                  
0000139b  timer_getMillis               
000013f3  timer_getMicros               
0000144d  timer_waitMicros              
0000147f  timer_waitMillis              
000016ed  __aeabi_dsub                  
000016f7  __aeabi_dadd                  
000019e1  __aeabi_ddiv                  
00001c3d  ldexp                         
00001c3d  ldexpl                        
00001c3d  scalbn                        
00001c3d  scalbnl                       
00001d4d  uart_init                     
00001dc3  uart_sendChar                 
00001ddf  uart_receive                  
00001e07  uart_sendStr                  
00001e5d  __aeabi_dmul                  
0000200b  __aeabi_memcpy                
0000200b  __aeabi_memcpy4               
0000200b  __aeabi_memcpy8               
0000200b  memcpy                        
000020a7  __aeabi_uldivmod              
0000213d  __aeabi_cdcmpeq               
0000213d  __aeabi_cdcmple               
000021c3  __aeabi_cdrcmple              
00002249  __aeabi_memclr                
00002249  __aeabi_memclr4               
00002249  __aeabi_memclr8               
0000224b  __aeabi_memset                
0000224b  __aeabi_memset4               
0000224b  __aeabi_memset8               
00002251  memset                        
00002331  __TI_decompress_lzss          
00002399  frexp                         
00002399  frexpl                        
00002453  __TI_ltoa                     
000024f9  atoi                          
00002545  main                          
0000258d  __aeabi_d2iz                  
000025d5  __TI_auto_init_nobinit_nopinit
00002619  vsnprintf                     
00002699  IntRegister                   
000026cd  _c_int00_noargs               
00002731  __aeabi_i2d                   
0000275f  __TI_zero_init_nomemset       
0000277b  memccpy                       
00002797  copysign                      
00002797  copysignl                     
000027c9  strcmp                        
000027e1  strchr                        
000027f7  strcpy                        
0000280b  strlen                        
0000281f  wcslen                        
00002831  lcd_clear                     
00002841  __TI_decompress_none          
0000284f  ResetISR                      
0000285d  __aeabi_errno_addr            
00002865  _system_pre_init              
00002869  C$$EXIT                       
00002869  abort                         
0000286c  _ctypes_                      
000029b0  __TI_Handler_Table_Base       
000029bc  __TI_Handler_Table_Limit      
000029d8  __TI_CINIT_Base               
000029f0  __TI_CINIT_Limit              
20000000  __start___llvm_prf_cnts       
20000000  __stop___llvm_prf_cnts        
20000000  g_pfnRAMVectors               
20000270  __stack                       
20000470  __STACK_TOP                   
20001270  __STACK_END                   
20001270  _sys_memory                   
200022c4  _timeout_ticks                
200022c8  errno                         
200022cc  _running                      
ffffffff  __TI_pprof_out_hndl           
ffffffff  __TI_prof_data_size           
ffffffff  __TI_prof_data_start          
ffffffff  __binit__                     
ffffffff  __c_args__                    
ffffffff  binit                         
UNDEFED   __mpu_init                    
UNDEFED   _system_post_cinit            

[103 symbols]
