******************************************************************************
                  TI ARM Linker PC v20.2.6                     
******************************************************************************
>> Linked Thu Mar  9 20:45:29 2023

OUTPUT FILE NAME:   <Lab6.out>
ENTRY POINT SYMBOL: "_c_int00_noargs"  address: 000032ad


MEMORY CONFIGURATION

         name            origin    length      used     unused   attr    fill
----------------------  --------  ---------  --------  --------  ----  --------
  FLASH                 00000000   00040000  00003638  0003c9c8  R  X
  SRAM                  20000000   00008000  000022ee  00005d12  RW X


SEGMENT ALLOCATION MAP

run origin  load origin   length   init length attrs members
----------  ----------- ---------- ----------- ----- -------
00000000    00000000    00003638   00003638    r-x
  00000000    00000000    0000026c   0000026c    r-- .intvecs
  0000026c    0000026c    0000321c   0000321c    r-x .text
  00003488    00003488    00000170   00000170    r-- .const
  000035f8    000035f8    00000040   00000040    r-- .cinit
20000000    20000000    000022f5   00000000    rw-
  20000000    20000000    0000026c   00000000    rw- .vtable
  20000270    20000270    00001000   00000000    rw- .stack
  20001270    20001270    00001000   00000000    rw- .sysmem
  20002270    20002270    00000071   00000000    rw- .bss
  200022e4    200022e4    00000011   00000000    rw- .data


SECTION ALLOCATION MAP

 output                                  attributes/
section   page    origin      length       input sections
--------  ----  ----------  ----------   ----------------
.intvecs   0    00000000    0000026c     
                  00000000    0000026c     tm4c123gh6pm_startup_ccs.obj (.intvecs)

.text      0    0000026c    0000321c     
                  0000026c    00000a4e     rtsv7M4_T_le_v4SPD16_eabi.lib : _printfi.c.obj (.text:__TI_printfi)
                  00000cba    00000002                                   : div0.asm.obj (.text)
                  00000cbc    000003a8     lcd.obj (.text)
                  00001064    00000270     rtsv7M4_T_le_v4SPD16_eabi.lib : _printfi.c.obj (.text:_pconv_a)
                  000012d4    00000260     libcybotScan.lib : cyBot_Scan.obj (.text)
                  00001534    00000248     Timer.obj (.text)
                  0000177c    00000234     rtsv7M4_T_le_v4SPD16_eabi.lib : e_fmod.c.obj (.text:fmod)
                  000019b0    0000021c     uart-interrupt.obj (.text)
                  00001bcc    000001ec     libcybotScan.lib : ping.obj (.text)
                  00001db8    000001d0     rtsv7M4_T_le_v4SPD16_eabi.lib : _printfi.c.obj (.text:_pconv_g)
                  00001f88    000001b6                                   : fd_add_t2.asm.obj (.text)
                  0000213e    00000002     --HOLE-- [fill = 0]
                  00002140    00000158     libcybotScan.lib : servo.obj (.text)
                  00002298    0000013c     rtsv7M4_T_le_v4SPD16_eabi.lib : _printfi.c.obj (.text:_pconv_e)
                  000023d4    00000136                                   : fd_div_t2.asm.obj (.text)
                  0000250a    00000002     --HOLE-- [fill = 0]
                  0000250c    00000124                                   : _printfi.c.obj (.text:fcvt)
                  00002630    00000118     libcybotScan.lib : ir.obj (.text)
                  00002748    00000110     rtsv7M4_T_le_v4SPD16_eabi.lib : s_scalbn.c.obj (.text:scalbn)
                  00002858    000000fc                                   : fd_mul_t2.asm.obj (.text)
                  00002954    000000f8                                   : s_floor.c.obj (.text:floor)
                  00002a4c    000000bc     lab6-interrupt_template.obj (.text)
                  00002b08    000000b1     rtsv7M4_T_le_v4SPD16_eabi.lib : _printfi.c.obj (.text:_ltostr)
                  00002bb9    00000001     --HOLE-- [fill = 0]
                  00002bba    0000009c                                   : memcpy_t2.asm.obj (.text)
                  00002c56    00000096                                   : ull_div_t2.asm.obj (.text)
                  00002cec    00000086                                   : fd_cmp_t2.asm.obj (.text:__aeabi_cdcmple)
                  00002d72    00000086                                   : fd_cmp_t2.asm.obj (.text:__aeabi_cdrcmple)
                  00002df8    0000007a                                   : memset_t2.asm.obj (.text)
                  00002e72    0000006e                                   : _printfi.c.obj (.text:_mcpy)
                  00002ee0    00000068                                   : copy_decompress_lzss.c.obj (.text:decompress:lzss:__TI_decompress_lzss)
                  00002f48    00000064                                   : s_frexp.c.obj (.text:frexp)
                  00002fac    00000056                                   : _printfi.c.obj (.text:_pconv_f)
                  00003002    00000054                                   : _ltoa.c.obj (.text:__TI_ltoa)
                  00003056    00000052                                   : _printfi.c.obj (.text:_ecpy)
                  000030a8    0000004c                                   : atoi.c.obj (.text:atoi)
                  000030f4    00000048                                   : fd_toi_t2.asm.obj (.text)
                  0000313c    00000044                                   : autoinit.c.obj (.text:__TI_auto_init_nobinit_nopinit:__TI_auto_init_nobinit_nopinit)
                  00003180    00000040                                   : sprintf.c.obj (.text:sprintf)
                  000031c0    00000040                                   : vsnprintf.c.obj (.text:vsnprintf)
                  00003200    0000003e                                   : _printfi.c.obj (.text:_fcpy)
                  0000323e    00000038                                   : fs_tod_t2.asm.obj (.text)
                  00003276    00000002     --HOLE-- [fill = 0]
                  00003278    00000034     driverlib.lib : interrupt.obj (.text:IntRegister)
                  000032ac    00000034     rtsv7M4_T_le_v4SPD16_eabi.lib : boot_cortex_m.c.obj (.text:_c_int00_noargs:_c_int00_noargs)
                  000032e0    00000030                                   : vsnprintf.c.obj (.text:_outs)
                  00003310    0000002e                                   : i_tofd_t2.asm.obj (.text)
                  0000333e    0000001c                                   : copy_zero_init.c.obj (.text:decompress:ZI:__TI_zero_init_nomemset:__TI_zero_init_nomemset)
                  0000335a    0000001c                                   : memccpy.c.obj (.text:memccpy)
                  00003376    0000001a                                   : s_copysign.c.obj (.text:copysign)
                  00003390    00000018                                   : vsnprintf.c.obj (.text:_outc)
                  000033a8    00000018                                   : sprintf.c.obj (.text:_outs)
                  000033c0    00000018                                   : strcmp.c.obj (.text:strcmp)
                  000033d8    00000016                                   : strchr.c.obj (.text:strchr)
                  000033ee    00000014                                   : strcpy.c.obj (.text:strcpy)
                  00003402    00000014                                   : strlen.c.obj (.text:strlen)
                  00003416    00000012                                   : wcslen.c.obj (.text:wcslen)
                  00003428    00000010     driverlib.lib : interrupt.obj (.text:IntMasterEnable)
                  00003438    00000010     lcd.obj (.text:lcd_clear)
                  00003448    0000000e     rtsv7M4_T_le_v4SPD16_eabi.lib : copy_decompress_none.c.obj (.text:decompress:none:__TI_decompress_none)
                  00003456    0000000c     driverlib.lib : cpu.obj (.text:CPUcpsie)
                  00003462    0000000c     tm4c123gh6pm_startup_ccs.obj (.text)
                  0000346e    0000000a     rtsv7M4_T_le_v4SPD16_eabi.lib : sprintf.c.obj (.text:_outc)
                  00003478    00000008                                   : errno.c.obj (.text:__aeabi_errno_addr)
                  00003480    00000004                                   : pre_init.c.obj (.text:_system_pre_init)
                  00003484    00000004                                   : exit.c.obj (.text:abort:abort)

.const     0    00003488    00000170     
                  00003488    00000101     rtsv7M4_T_le_v4SPD16_eabi.lib : ctype.c.obj (.const:.string:_ctypes_)
                  00003589    00000036     lcd.obj (.const:.string:$P$T0$4)
                  000035bf    0000001e     lab6-interrupt_template.obj (.const:.string:$P$T0$1)
                  000035dd    00000003     --HOLE-- [fill = 0]
                  000035e0    00000010     rtsv7M4_T_le_v4SPD16_eabi.lib : e_fmod.c.obj (.const:Zero)
                  000035f0    00000004     lcd.obj (.const:.string:lineAddress$1)
                  000035f4    00000004     lcd.obj (.const:.string:lineAddresses$2)

.cinit     0    000035f8    00000040     
                  000035f8    0000000c     (__TI_handler_table)
                  00003604    0000000b     (.cinit..data.load) [load image, compression = lzss]
                  0000360f    00000001     --HOLE-- [fill = 0]
                  00003610    00000008     (.cinit..bss.load) [load image, compression = zero_init]
                  00003618    00000008     (.cinit..vtable.load) [load image, compression = zero_init]
                  00003620    00000018     (__TI_cinit_table)

.init_array 
*          0    00000000    00000000     UNINITIALIZED

.vtable    0    20000000    0000026c     UNINITIALIZED
                  20000000    0000026c     driverlib.lib : interrupt.obj (.vtable)

.stack     0    20000270    00001000     UNINITIALIZED
                  20000270    00000004     rtsv7M4_T_le_v4SPD16_eabi.lib : boot_cortex_m.c.obj (.stack)
                  20000274    00000ffc     --HOLE--

.sysmem    0    20001270    00001000     UNINITIALIZED
                  20001270    00000010     rtsv7M4_T_le_v4SPD16_eabi.lib : memory.c.obj (.sysmem)
                  20001280    00000ff0     --HOLE--

.bss       0    20002270    00000071     UNINITIALIZED
                  20002270    00000054     lcd.obj (.bss:lastbuffer$3)
                  200022c4    00000004     (.common:_timeout_ticks)
                  200022c8    00000004     (.common:fallingEdge)
                  200022cc    00000004     (.common:isr_int_value)
                  200022d0    00000004     (.common:left_calibration_value)
                  200022d4    00000004     (.common:pulseLength)
                  200022d8    00000004     (.common:right_calibration_value)
                  200022dc    00000004     (.common:risingEdge)
                  200022e0    00000001     (.common:isRisingEdge)

.data      0    200022e4    00000011     UNINITIALIZED
                  200022e4    00000008     uart-interrupt.obj (.data)
                  200022ec    00000004     libcybotScan.lib : cyBot_Scan.obj (.data)
                  200022f0    00000004     rtsv7M4_T_le_v4SPD16_eabi.lib : errno.c.obj (.data)
                  200022f4    00000001     Timer.obj (.data)

__llvm_prf_cnts 
*          0    20000000    00000000     UNINITIALIZED

MODULE SUMMARY

       Module                         code    ro data   rw data
       ------                         ----    -------   -------
    .\
       lcd.obj                        952     62        84     
       tm4c123gh6pm_startup_ccs.obj   12      620       0      
       Timer.obj                      584     0         5      
       uart-interrupt.obj             540     0         8      
       lab6-interrupt_template.obj    188     30        8      
    +--+------------------------------+-------+---------+---------+
       Total:                         2276    712       105    
                                                               
    ../libcybotScan.lib
       cyBot_Scan.obj                 608     0         4      
       ping.obj                       492     0         13     
       servo.obj                      344     0         0      
       ir.obj                         280     0         4      
    +--+------------------------------+-------+---------+---------+
       Total:                         1724    0         21     
                                                               
    C:/ti/TivaWare_C_Series-2.2.0.295/driverlib/ccs/Debug/driverlib.lib
       interrupt.obj                  68      0         620    
       cpu.obj                        12      0         0      
    +--+------------------------------+-------+---------+---------+
       Total:                         80      0         620    
                                                               
    C:\ti\ccs1200\ccs\tools\compiler\ti-cgt-arm_20.2.6.LTS\lib\rtsv7M4_T_le_v4SPD16_eabi.lib
       _printfi.c.obj                 4851    0         0      
       e_fmod.c.obj                   564     16        0      
       fd_add_t2.asm.obj              438     0         0      
       fd_div_t2.asm.obj              310     0         0      
       s_scalbn.c.obj                 272     0         0      
       fd_cmp_t2.asm.obj              268     0         0      
       ctype.c.obj                    0       257       0      
       fd_mul_t2.asm.obj              252     0         0      
       s_floor.c.obj                  248     0         0      
       memcpy_t2.asm.obj              156     0         0      
       ull_div_t2.asm.obj             150     0         0      
       vsnprintf.c.obj                136     0         0      
       memset_t2.asm.obj              122     0         0      
       copy_decompress_lzss.c.obj     104     0         0      
       s_frexp.c.obj                  100     0         0      
       sprintf.c.obj                  98      0         0      
       _ltoa.c.obj                    84      0         0      
       atoi.c.obj                     76      0         0      
       fd_toi_t2.asm.obj              72      0         0      
       autoinit.c.obj                 68      0         0      
       fs_tod_t2.asm.obj              56      0         0      
       boot_cortex_m.c.obj            52      0         0      
       i_tofd_t2.asm.obj              46      0         0      
       copy_zero_init.c.obj           28      0         0      
       memccpy.c.obj                  28      0         0      
       s_copysign.c.obj               26      0         0      
       strcmp.c.obj                   24      0         0      
       strchr.c.obj                   22      0         0      
       strcpy.c.obj                   20      0         0      
       strlen.c.obj                   20      0         0      
       wcslen.c.obj                   18      0         0      
       copy_decompress_none.c.obj     14      0         0      
       errno.c.obj                    8       0         4      
       exit.c.obj                     4       0         0      
       pre_init.c.obj                 4       0         0      
       div0.asm.obj                   2       0         0      
    +--+------------------------------+-------+---------+---------+
       Total:                         8741    273       4      
                                                               
       Heap:                          0       0         4096   
       Stack:                         0       0         4096   
       Linker Generated:              0       63        0      
    +--+------------------------------+-------+---------+---------+
       Grand Total:                   12821   1048      8942   


LINKER GENERATED COPY TABLES

__TI_cinit_table @ 00003620 records: 3, size/record: 8, table size: 24
	.data: load addr=00003604, load size=0000000b bytes, run addr=200022e4, run size=00000011 bytes, compression=lzss
	.bss: load addr=00003610, load size=00000008 bytes, run addr=20002270, run size=00000071 bytes, compression=zero_init
	.vtable: load addr=00003618, load size=00000008 bytes, run addr=20000000, run size=0000026c bytes, compression=zero_init


LINKER GENERATED HANDLER TABLE

__TI_handler_table @ 000035f8 records: 3, size/record: 4, table size: 12
	index: 0, handler: __TI_zero_init
	index: 1, handler: __TI_decompress_lzss
	index: 2, handler: __TI_decompress_none


GLOBAL SYMBOLS: SORTED ALPHABETICALLY BY Name 

address   name                          
-------   ----                          
000026c9  ADC0SS0_Handler               
00003485  C$$EXIT                       
00003457  CPUcpsie                      
00003429  IntMasterEnable               
00003279  IntRegister                   
00003463  ResetISR                      
00001cbd  TIMER3B_Handler               
00001b17  UART1_Handler                 
20001270  __STACK_END                   
00001000  __STACK_SIZE                  
20000470  __STACK_TOP                   
00001000  __SYSMEM_SIZE                 
00003620  __TI_CINIT_Base               
00003638  __TI_CINIT_Limit              
000035f8  __TI_Handler_Table_Base       
00003604  __TI_Handler_Table_Limit      
0000313d  __TI_auto_init_nobinit_nopinit
00002ee1  __TI_decompress_lzss          
00003449  __TI_decompress_none          
00003003  __TI_ltoa                     
ffffffff  __TI_pprof_out_hndl           
0000026d  __TI_printfi                  
ffffffff  __TI_prof_data_size           
ffffffff  __TI_prof_data_start          
00000000  __TI_static_base__            
0000333f  __TI_zero_init_nomemset       
00002ced  __aeabi_cdcmpeq               
00002ced  __aeabi_cdcmple               
00002d73  __aeabi_cdrcmple              
000030f5  __aeabi_d2iz                  
00001f93  __aeabi_dadd                  
000023d5  __aeabi_ddiv                  
00002859  __aeabi_dmul                  
00001f89  __aeabi_dsub                  
00003479  __aeabi_errno_addr            
0000323f  __aeabi_f2d                   
00003311  __aeabi_i2d                   
00000cbb  __aeabi_idiv0                 
00000cbb  __aeabi_ldiv0                 
00002df9  __aeabi_memclr                
00002df9  __aeabi_memclr4               
00002df9  __aeabi_memclr8               
00002bbb  __aeabi_memcpy                
00002bbb  __aeabi_memcpy4               
00002bbb  __aeabi_memcpy8               
00002dfb  __aeabi_memset                
00002dfb  __aeabi_memset4               
00002dfb  __aeabi_memset8               
00002c57  __aeabi_uldivmod              
ffffffff  __binit__                     
ffffffff  __c_args__                    
UNDEFED   __mpu_init                    
20000270  __stack                       
20000000  __start___llvm_prf_cnts       
20000000  __stop___llvm_prf_cnts        
000032ad  _c_int00_noargs               
00003488  _ctypes_                      
200022f4  _running                      
20001270  _sys_memory                   
UNDEFED   _system_post_cinit            
00003481  _system_pre_init              
200022c4  _timeout_ticks                
00003485  abort                         
000030a9  atoi                          
ffffffff  binit                         
200022e4  command_byte                  
200022e8  command_flag                  
00003377  copysign                      
00003377  copysignl                     
000013ad  cyBOT_SERVO_cal               
0000133b  cyBOT_Scan                    
000012e3  cyBOT_init_Scan               
200022ec  cyBOT_scan_features           
000012d5  cyBOT_scan_version            
200022f0  errno                         
200022c8  fallingEdge                   
00002955  floor                         
00002955  floorl                        
0000177d  fmod                          
0000177d  fmodl                         
00002f49  frexp                         
00002f49  frexpl                        
20000000  g_pfnRAMVectors               
00000000  g_pfnVectors                  
000026df  ir_enableInterrupt            
000026c1  ir_getDistance                
00002699  ir_getValue                   
00002631  ir_init                       
200022e0  isRisingEdge                  
200022cc  isr_int_value                 
00003439  lcd_clear                     
00000e91  lcd_gotoLine                  
00000cf9  lcd_init                      
00000ef7  lcd_printf                    
00000db9  lcd_putc                      
00000df1  lcd_puts                      
00000cbd  lcd_reverseNibble             
00000fc9  lcd_rotatingBanner            
00000e0f  lcd_sendCommand               
00000e4d  lcd_sendNibble                
00000eb9  lcd_setCursorPos              
00002749  ldexp                         
00002749  ldexpl                        
200022d0  left_calibration_value        
00002a4d  main                          
0000335b  memccpy                       
00002bbb  memcpy                        
00002e01  memset                        
00001d0f  ping_getDistance              
00001bcd  ping_init                     
00001c53  ping_trigger                  
200022d4  pulseLength                   
200022d8  right_calibration_value       
200022dc  risingEdge                    
00002749  scalbn                        
00002749  scalbnl                       
00002141  servo_init                    
000021d1  servo_move                    
00002231  servo_setPWM                  
000021c5  servo_stop                    
00003181  sprintf                       
000033d9  strchr                        
000033c1  strcmp                        
000033ef  strcpy                        
00003403  strlen                        
00001653  timer_getMicros               
000015fb  timer_getMillis               
00001535  timer_init                    
000015d7  timer_pause                   
000015e9  timer_resume                  
000015ad  timer_stop                    
000016ad  timer_waitMicros              
000016df  timer_waitMillis              
000019b1  uart_interrupt_init           
00001aa9  uart_receive                  
00001ad1  uart_receive_nonblocking      
00001a85  uart_sendChar                 
00001af9  uart_sendStr                  
000031c1  vsnprintf                     
00003417  wcslen                        


GLOBAL SYMBOLS: SORTED BY Symbol Address 

address   name                          
-------   ----                          
00000000  __TI_static_base__            
00000000  g_pfnVectors                  
0000026d  __TI_printfi                  
00000cbb  __aeabi_idiv0                 
00000cbb  __aeabi_ldiv0                 
00000cbd  lcd_reverseNibble             
00000cf9  lcd_init                      
00000db9  lcd_putc                      
00000df1  lcd_puts                      
00000e0f  lcd_sendCommand               
00000e4d  lcd_sendNibble                
00000e91  lcd_gotoLine                  
00000eb9  lcd_setCursorPos              
00000ef7  lcd_printf                    
00000fc9  lcd_rotatingBanner            
00001000  __STACK_SIZE                  
00001000  __SYSMEM_SIZE                 
000012d5  cyBOT_scan_version            
000012e3  cyBOT_init_Scan               
0000133b  cyBOT_Scan                    
000013ad  cyBOT_SERVO_cal               
00001535  timer_init                    
000015ad  timer_stop                    
000015d7  timer_pause                   
000015e9  timer_resume                  
000015fb  timer_getMillis               
00001653  timer_getMicros               
000016ad  timer_waitMicros              
000016df  timer_waitMillis              
0000177d  fmod                          
0000177d  fmodl                         
000019b1  uart_interrupt_init           
00001a85  uart_sendChar                 
00001aa9  uart_receive                  
00001ad1  uart_receive_nonblocking      
00001af9  uart_sendStr                  
00001b17  UART1_Handler                 
00001bcd  ping_init                     
00001c53  ping_trigger                  
00001cbd  TIMER3B_Handler               
00001d0f  ping_getDistance              
00001f89  __aeabi_dsub                  
00001f93  __aeabi_dadd                  
00002141  servo_init                    
000021c5  servo_stop                    
000021d1  servo_move                    
00002231  servo_setPWM                  
000023d5  __aeabi_ddiv                  
00002631  ir_init                       
00002699  ir_getValue                   
000026c1  ir_getDistance                
000026c9  ADC0SS0_Handler               
000026df  ir_enableInterrupt            
00002749  ldexp                         
00002749  ldexpl                        
00002749  scalbn                        
00002749  scalbnl                       
00002859  __aeabi_dmul                  
00002955  floor                         
00002955  floorl                        
00002a4d  main                          
00002bbb  __aeabi_memcpy                
00002bbb  __aeabi_memcpy4               
00002bbb  __aeabi_memcpy8               
00002bbb  memcpy                        
00002c57  __aeabi_uldivmod              
00002ced  __aeabi_cdcmpeq               
00002ced  __aeabi_cdcmple               
00002d73  __aeabi_cdrcmple              
00002df9  __aeabi_memclr                
00002df9  __aeabi_memclr4               
00002df9  __aeabi_memclr8               
00002dfb  __aeabi_memset                
00002dfb  __aeabi_memset4               
00002dfb  __aeabi_memset8               
00002e01  memset                        
00002ee1  __TI_decompress_lzss          
00002f49  frexp                         
00002f49  frexpl                        
00003003  __TI_ltoa                     
000030a9  atoi                          
000030f5  __aeabi_d2iz                  
0000313d  __TI_auto_init_nobinit_nopinit
00003181  sprintf                       
000031c1  vsnprintf                     
0000323f  __aeabi_f2d                   
00003279  IntRegister                   
000032ad  _c_int00_noargs               
00003311  __aeabi_i2d                   
0000333f  __TI_zero_init_nomemset       
0000335b  memccpy                       
00003377  copysign                      
00003377  copysignl                     
000033c1  strcmp                        
000033d9  strchr                        
000033ef  strcpy                        
00003403  strlen                        
00003417  wcslen                        
00003429  IntMasterEnable               
00003439  lcd_clear                     
00003449  __TI_decompress_none          
00003457  CPUcpsie                      
00003463  ResetISR                      
00003479  __aeabi_errno_addr            
00003481  _system_pre_init              
00003485  C$$EXIT                       
00003485  abort                         
00003488  _ctypes_                      
000035f8  __TI_Handler_Table_Base       
00003604  __TI_Handler_Table_Limit      
00003620  __TI_CINIT_Base               
00003638  __TI_CINIT_Limit              
20000000  __start___llvm_prf_cnts       
20000000  __stop___llvm_prf_cnts        
20000000  g_pfnRAMVectors               
20000270  __stack                       
20000470  __STACK_TOP                   
20001270  __STACK_END                   
20001270  _sys_memory                   
200022c4  _timeout_ticks                
200022c8  fallingEdge                   
200022cc  isr_int_value                 
200022d0  left_calibration_value        
200022d4  pulseLength                   
200022d8  right_calibration_value       
200022dc  risingEdge                    
200022e0  isRisingEdge                  
200022e4  command_byte                  
200022e8  command_flag                  
200022ec  cyBOT_scan_features           
200022f0  errno                         
200022f4  _running                      
ffffffff  __TI_pprof_out_hndl           
ffffffff  __TI_prof_data_size           
ffffffff  __TI_prof_data_start          
ffffffff  __binit__                     
ffffffff  __c_args__                    
ffffffff  binit                         
UNDEFED   __mpu_init                    
UNDEFED   _system_post_cinit            

[140 symbols]
