<?xml version="1.0" encoding="ISO-8859-1" ?>
<link_info>
   <banner>TI ARM Linker PC v20.2.6.LTS</banner>
   <copyright>Copyright (c) 1996-2018 Texas Instruments Incorporated</copyright>
   <link_time>0x64494ae6</link_time>
   <link_errors>0x0</link_errors>
   <output_file>Final.out</output_file>
   <entry_point>
      <name>_c_int00_noargs</name>
      <address>0x71f9</address>
   </entry_point>
   <input_file_list>
      <input_file id="fl-2">
         <path>.\</path>
         <kind>object</kind>
         <file>Timer.obj</file>
         <name>Timer.obj</name>
      </input_file>
      <input_file id="fl-3">
         <path>.\</path>
         <kind>object</kind>
         <file>adc.obj</file>
         <name>adc.obj</name>
      </input_file>
      <input_file id="fl-4">
         <path>.\</path>
         <kind>object</kind>
         <file>lcd.obj</file>
         <name>lcd.obj</name>
      </input_file>
      <input_file id="fl-5">
         <path>.\</path>
         <kind>object</kind>
         <file>main.obj</file>
         <name>main.obj</name>
      </input_file>
      <input_file id="fl-6">
         <path>.\</path>
         <kind>object</kind>
         <file>movement.obj</file>
         <name>movement.obj</name>
      </input_file>
      <input_file id="fl-7">
         <path>.\</path>
         <kind>object</kind>
         <file>open_interface.obj</file>
         <name>open_interface.obj</name>
      </input_file>
      <input_file id="fl-8">
         <path>.\</path>
         <kind>object</kind>
         <file>ping_template.obj</file>
         <name>ping_template.obj</name>
      </input_file>
      <input_file id="fl-9">
         <path>.\</path>
         <kind>object</kind>
         <file>servo.obj</file>
         <name>servo.obj</name>
      </input_file>
      <input_file id="fl-a">
         <path>.\</path>
         <kind>object</kind>
         <file>tm4c123gh6pm_startup_ccs.obj</file>
         <name>tm4c123gh6pm_startup_ccs.obj</name>
      </input_file>
      <input_file id="fl-b">
         <path>.\</path>
         <kind>object</kind>
         <file>uart-interrupt.obj</file>
         <name>uart-interrupt.obj</name>
      </input_file>
      <input_file id="fl-12">
         <kind>object</kind>
         <file>&lt;internal&gt;</file>
         <name>&lt;internal&gt;</name>
      </input_file>
      <input_file id="fl-c8">
         <path>C:\ti\ccs1200\ccs\tools\compiler\ti-cgt-arm_20.2.6.LTS\lib\</path>
         <kind>archive</kind>
         <file>rtsv7M4_T_le_v4SPD16_eabi.lib</file>
         <name>e_fmod.c.obj</name>
      </input_file>
      <input_file id="fl-c9">
         <path>C:\ti\ccs1200\ccs\tools\compiler\ti-cgt-arm_20.2.6.LTS\lib\</path>
         <kind>archive</kind>
         <file>rtsv7M4_T_le_v4SPD16_eabi.lib</file>
         <name>e_pow.c.obj</name>
      </input_file>
      <input_file id="fl-ca">
         <path>C:\ti\ccs1200\ccs\tools\compiler\ti-cgt-arm_20.2.6.LTS\lib\</path>
         <kind>archive</kind>
         <file>rtsv7M4_T_le_v4SPD16_eabi.lib</file>
         <name>e_sqrt.c.obj</name>
      </input_file>
      <input_file id="fl-cb">
         <path>C:\ti\ccs1200\ccs\tools\compiler\ti-cgt-arm_20.2.6.LTS\lib\</path>
         <kind>archive</kind>
         <file>rtsv7M4_T_le_v4SPD16_eabi.lib</file>
         <name>s_cos.c.obj</name>
      </input_file>
      <input_file id="fl-cc">
         <path>C:\ti\ccs1200\ccs\tools\compiler\ti-cgt-arm_20.2.6.LTS\lib\</path>
         <kind>archive</kind>
         <file>rtsv7M4_T_le_v4SPD16_eabi.lib</file>
         <name>s_floor.c.obj</name>
      </input_file>
      <input_file id="fl-cd">
         <path>C:\ti\ccs1200\ccs\tools\compiler\ti-cgt-arm_20.2.6.LTS\lib\</path>
         <kind>archive</kind>
         <file>rtsv7M4_T_le_v4SPD16_eabi.lib</file>
         <name>s_scalbn.c.obj</name>
      </input_file>
      <input_file id="fl-ce">
         <path>C:\ti\ccs1200\ccs\tools\compiler\ti-cgt-arm_20.2.6.LTS\lib\</path>
         <kind>archive</kind>
         <file>rtsv7M4_T_le_v4SPD16_eabi.lib</file>
         <name>s_sin.c.obj</name>
      </input_file>
      <input_file id="fl-cf">
         <path>C:\ti\ccs1200\ccs\tools\compiler\ti-cgt-arm_20.2.6.LTS\lib\</path>
         <kind>archive</kind>
         <file>rtsv7M4_T_le_v4SPD16_eabi.lib</file>
         <name>s_tan.c.obj</name>
      </input_file>
      <input_file id="fl-d0">
         <path>C:\ti\ccs1200\ccs\tools\compiler\ti-cgt-arm_20.2.6.LTS\lib\</path>
         <kind>archive</kind>
         <file>rtsv7M4_T_le_v4SPD16_eabi.lib</file>
         <name>s_copysign.c.obj</name>
      </input_file>
      <input_file id="fl-d1">
         <path>C:\ti\ccs1200\ccs\tools\compiler\ti-cgt-arm_20.2.6.LTS\lib\</path>
         <kind>archive</kind>
         <file>rtsv7M4_T_le_v4SPD16_eabi.lib</file>
         <name>sprintf.c.obj</name>
      </input_file>
      <input_file id="fl-d2">
         <path>C:\ti\ccs1200\ccs\tools\compiler\ti-cgt-arm_20.2.6.LTS\lib\</path>
         <kind>archive</kind>
         <file>rtsv7M4_T_le_v4SPD16_eabi.lib</file>
         <name>vsnprintf.c.obj</name>
      </input_file>
      <input_file id="fl-d3">
         <path>C:\ti\ccs1200\ccs\tools\compiler\ti-cgt-arm_20.2.6.LTS\lib\</path>
         <kind>archive</kind>
         <file>rtsv7M4_T_le_v4SPD16_eabi.lib</file>
         <name>fd_add_t2.asm.obj</name>
      </input_file>
      <input_file id="fl-d4">
         <path>C:\ti\ccs1200\ccs\tools\compiler\ti-cgt-arm_20.2.6.LTS\lib\</path>
         <kind>archive</kind>
         <file>rtsv7M4_T_le_v4SPD16_eabi.lib</file>
         <name>fd_cmp_t2.asm.obj</name>
      </input_file>
      <input_file id="fl-d5">
         <path>C:\ti\ccs1200\ccs\tools\compiler\ti-cgt-arm_20.2.6.LTS\lib\</path>
         <kind>archive</kind>
         <file>rtsv7M4_T_le_v4SPD16_eabi.lib</file>
         <name>fd_div_t2.asm.obj</name>
      </input_file>
      <input_file id="fl-d6">
         <path>C:\ti\ccs1200\ccs\tools\compiler\ti-cgt-arm_20.2.6.LTS\lib\</path>
         <kind>archive</kind>
         <file>rtsv7M4_T_le_v4SPD16_eabi.lib</file>
         <name>fd_mul_t2.asm.obj</name>
      </input_file>
      <input_file id="fl-d7">
         <path>C:\ti\ccs1200\ccs\tools\compiler\ti-cgt-arm_20.2.6.LTS\lib\</path>
         <kind>archive</kind>
         <file>rtsv7M4_T_le_v4SPD16_eabi.lib</file>
         <name>fd_toi_t2.asm.obj</name>
      </input_file>
      <input_file id="fl-d8">
         <path>C:\ti\ccs1200\ccs\tools\compiler\ti-cgt-arm_20.2.6.LTS\lib\</path>
         <kind>archive</kind>
         <file>rtsv7M4_T_le_v4SPD16_eabi.lib</file>
         <name>fd_tos_t2.asm.obj</name>
      </input_file>
      <input_file id="fl-d9">
         <path>C:\ti\ccs1200\ccs\tools\compiler\ti-cgt-arm_20.2.6.LTS\lib\</path>
         <kind>archive</kind>
         <file>rtsv7M4_T_le_v4SPD16_eabi.lib</file>
         <name>fs_tod_t2.asm.obj</name>
      </input_file>
      <input_file id="fl-da">
         <path>C:\ti\ccs1200\ccs\tools\compiler\ti-cgt-arm_20.2.6.LTS\lib\</path>
         <kind>archive</kind>
         <file>rtsv7M4_T_le_v4SPD16_eabi.lib</file>
         <name>i_tofd_t2.asm.obj</name>
      </input_file>
      <input_file id="fl-db">
         <path>C:\ti\ccs1200\ccs\tools\compiler\ti-cgt-arm_20.2.6.LTS\lib\</path>
         <kind>archive</kind>
         <file>rtsv7M4_T_le_v4SPD16_eabi.lib</file>
         <name>memcpy_t2.asm.obj</name>
      </input_file>
      <input_file id="fl-dc">
         <path>C:\ti\ccs1200\ccs\tools\compiler\ti-cgt-arm_20.2.6.LTS\lib\</path>
         <kind>archive</kind>
         <file>rtsv7M4_T_le_v4SPD16_eabi.lib</file>
         <name>u_tofd_t2.asm.obj</name>
      </input_file>
      <input_file id="fl-dd">
         <path>C:\ti\ccs1200\ccs\tools\compiler\ti-cgt-arm_20.2.6.LTS\lib\</path>
         <kind>archive</kind>
         <file>rtsv7M4_T_le_v4SPD16_eabi.lib</file>
         <name>memset_t2.asm.obj</name>
      </input_file>
      <input_file id="fl-de">
         <path>C:\ti\ccs1200\ccs\tools\compiler\ti-cgt-arm_20.2.6.LTS\lib\</path>
         <kind>archive</kind>
         <file>rtsv7M4_T_le_v4SPD16_eabi.lib</file>
         <name>copy_zero_init.c.obj</name>
      </input_file>
      <input_file id="fl-df">
         <path>C:\ti\ccs1200\ccs\tools\compiler\ti-cgt-arm_20.2.6.LTS\lib\</path>
         <kind>archive</kind>
         <file>rtsv7M4_T_le_v4SPD16_eabi.lib</file>
         <name>copy_decompress_none.c.obj</name>
      </input_file>
      <input_file id="fl-e0">
         <path>C:\ti\ccs1200\ccs\tools\compiler\ti-cgt-arm_20.2.6.LTS\lib\</path>
         <kind>archive</kind>
         <file>rtsv7M4_T_le_v4SPD16_eabi.lib</file>
         <name>copy_decompress_lzss.c.obj</name>
      </input_file>
      <input_file id="fl-e1">
         <path>C:\ti\ccs1200\ccs\tools\compiler\ti-cgt-arm_20.2.6.LTS\lib\</path>
         <kind>archive</kind>
         <file>rtsv7M4_T_le_v4SPD16_eabi.lib</file>
         <name>k_rem_pio2.c.obj</name>
      </input_file>
      <input_file id="fl-e2">
         <path>C:\ti\ccs1200\ccs\tools\compiler\ti-cgt-arm_20.2.6.LTS\lib\</path>
         <kind>archive</kind>
         <file>rtsv7M4_T_le_v4SPD16_eabi.lib</file>
         <name>memory.c.obj</name>
      </input_file>
      <input_file id="fl-e3">
         <path>C:\ti\ccs1200\ccs\tools\compiler\ti-cgt-arm_20.2.6.LTS\lib\</path>
         <kind>archive</kind>
         <file>rtsv7M4_T_le_v4SPD16_eabi.lib</file>
         <name>strcmp.c.obj</name>
      </input_file>
      <input_file id="fl-e4">
         <path>C:\ti\ccs1200\ccs\tools\compiler\ti-cgt-arm_20.2.6.LTS\lib\</path>
         <kind>archive</kind>
         <file>rtsv7M4_T_le_v4SPD16_eabi.lib</file>
         <name>strcpy.c.obj</name>
      </input_file>
      <input_file id="fl-e5">
         <path>C:\ti\ccs1200\ccs\tools\compiler\ti-cgt-arm_20.2.6.LTS\lib\</path>
         <kind>archive</kind>
         <file>rtsv7M4_T_le_v4SPD16_eabi.lib</file>
         <name>strlen.c.obj</name>
      </input_file>
      <input_file id="fl-e6">
         <path>C:\ti\ccs1200\ccs\tools\compiler\ti-cgt-arm_20.2.6.LTS\lib\</path>
         <kind>archive</kind>
         <file>rtsv7M4_T_le_v4SPD16_eabi.lib</file>
         <name>errno.c.obj</name>
      </input_file>
      <input_file id="fl-e7">
         <path>C:\ti\ccs1200\ccs\tools\compiler\ti-cgt-arm_20.2.6.LTS\lib\</path>
         <kind>archive</kind>
         <file>rtsv7M4_T_le_v4SPD16_eabi.lib</file>
         <name>boot_cortex_m.c.obj</name>
      </input_file>
      <input_file id="fl-e8">
         <path>C:\ti\ccs1200\ccs\tools\compiler\ti-cgt-arm_20.2.6.LTS\lib\</path>
         <kind>archive</kind>
         <file>rtsv7M4_T_le_v4SPD16_eabi.lib</file>
         <name>k_cos.c.obj</name>
      </input_file>
      <input_file id="fl-e9">
         <path>C:\ti\ccs1200\ccs\tools\compiler\ti-cgt-arm_20.2.6.LTS\lib\</path>
         <kind>archive</kind>
         <file>rtsv7M4_T_le_v4SPD16_eabi.lib</file>
         <name>k_sin.c.obj</name>
      </input_file>
      <input_file id="fl-ea">
         <path>C:\ti\ccs1200\ccs\tools\compiler\ti-cgt-arm_20.2.6.LTS\lib\</path>
         <kind>archive</kind>
         <file>rtsv7M4_T_le_v4SPD16_eabi.lib</file>
         <name>k_tan.c.obj</name>
      </input_file>
      <input_file id="fl-eb">
         <path>C:\ti\ccs1200\ccs\tools\compiler\ti-cgt-arm_20.2.6.LTS\lib\</path>
         <kind>archive</kind>
         <file>rtsv7M4_T_le_v4SPD16_eabi.lib</file>
         <name>_printfi.c.obj</name>
      </input_file>
      <input_file id="fl-ec">
         <path>C:\ti\ccs1200\ccs\tools\compiler\ti-cgt-arm_20.2.6.LTS\lib\</path>
         <kind>archive</kind>
         <file>rtsv7M4_T_le_v4SPD16_eabi.lib</file>
         <name>ull_div_t2.asm.obj</name>
      </input_file>
      <input_file id="fl-ed">
         <path>C:\ti\ccs1200\ccs\tools\compiler\ti-cgt-arm_20.2.6.LTS\lib\</path>
         <kind>archive</kind>
         <file>rtsv7M4_T_le_v4SPD16_eabi.lib</file>
         <name>autoinit.c.obj</name>
      </input_file>
      <input_file id="fl-ee">
         <path>C:\ti\ccs1200\ccs\tools\compiler\ti-cgt-arm_20.2.6.LTS\lib\</path>
         <kind>archive</kind>
         <file>rtsv7M4_T_le_v4SPD16_eabi.lib</file>
         <name>pre_init.c.obj</name>
      </input_file>
      <input_file id="fl-ef">
         <path>C:\ti\ccs1200\ccs\tools\compiler\ti-cgt-arm_20.2.6.LTS\lib\</path>
         <kind>archive</kind>
         <file>rtsv7M4_T_le_v4SPD16_eabi.lib</file>
         <name>cpy_tbl.c.obj</name>
      </input_file>
      <input_file id="fl-f0">
         <path>C:\ti\ccs1200\ccs\tools\compiler\ti-cgt-arm_20.2.6.LTS\lib\</path>
         <kind>archive</kind>
         <file>rtsv7M4_T_le_v4SPD16_eabi.lib</file>
         <name>exit.c.obj</name>
      </input_file>
      <input_file id="fl-f1">
         <path>C:\ti\ccs1200\ccs\tools\compiler\ti-cgt-arm_20.2.6.LTS\lib\</path>
         <kind>archive</kind>
         <file>rtsv7M4_T_le_v4SPD16_eabi.lib</file>
         <name>_lock.c.obj</name>
      </input_file>
      <input_file id="fl-f2">
         <path>C:\ti\ccs1200\ccs\tools\compiler\ti-cgt-arm_20.2.6.LTS\lib\</path>
         <kind>archive</kind>
         <file>rtsv7M4_T_le_v4SPD16_eabi.lib</file>
         <name>_ltoa.c.obj</name>
      </input_file>
      <input_file id="fl-f3">
         <path>C:\ti\ccs1200\ccs\tools\compiler\ti-cgt-arm_20.2.6.LTS\lib\</path>
         <kind>archive</kind>
         <file>rtsv7M4_T_le_v4SPD16_eabi.lib</file>
         <name>args_main.c.obj</name>
      </input_file>
      <input_file id="fl-f4">
         <path>C:\ti\ccs1200\ccs\tools\compiler\ti-cgt-arm_20.2.6.LTS\lib\</path>
         <kind>archive</kind>
         <file>rtsv7M4_T_le_v4SPD16_eabi.lib</file>
         <name>atoi.c.obj</name>
      </input_file>
      <input_file id="fl-f5">
         <path>C:\ti\ccs1200\ccs\tools\compiler\ti-cgt-arm_20.2.6.LTS\lib\</path>
         <kind>archive</kind>
         <file>rtsv7M4_T_le_v4SPD16_eabi.lib</file>
         <name>ctype.c.obj</name>
      </input_file>
      <input_file id="fl-f6">
         <path>C:\ti\ccs1200\ccs\tools\compiler\ti-cgt-arm_20.2.6.LTS\lib\</path>
         <kind>archive</kind>
         <file>rtsv7M4_T_le_v4SPD16_eabi.lib</file>
         <name>memccpy.c.obj</name>
      </input_file>
      <input_file id="fl-f7">
         <path>C:\ti\ccs1200\ccs\tools\compiler\ti-cgt-arm_20.2.6.LTS\lib\</path>
         <kind>archive</kind>
         <file>rtsv7M4_T_le_v4SPD16_eabi.lib</file>
         <name>strchr.c.obj</name>
      </input_file>
      <input_file id="fl-f8">
         <path>C:\ti\ccs1200\ccs\tools\compiler\ti-cgt-arm_20.2.6.LTS\lib\</path>
         <kind>archive</kind>
         <file>rtsv7M4_T_le_v4SPD16_eabi.lib</file>
         <name>s_frexp.c.obj</name>
      </input_file>
      <input_file id="fl-f9">
         <path>C:\ti\ccs1200\ccs\tools\compiler\ti-cgt-arm_20.2.6.LTS\lib\</path>
         <kind>archive</kind>
         <file>rtsv7M4_T_le_v4SPD16_eabi.lib</file>
         <name>wcslen.c.obj</name>
      </input_file>
      <input_file id="fl-fa">
         <path>C:\ti\ccs1200\ccs\tools\compiler\ti-cgt-arm_20.2.6.LTS\lib\</path>
         <kind>archive</kind>
         <file>rtsv7M4_T_le_v4SPD16_eabi.lib</file>
         <name>div0.asm.obj</name>
      </input_file>
      <input_file id="fl-fb">
         <path>C:\ti\TivaWare_C_Series-2.2.0.295\driverlib\ccs\Debug\</path>
         <kind>archive</kind>
         <file>driverlib.lib</file>
         <name>interrupt.obj</name>
      </input_file>
      <input_file id="fl-fc">
         <path>C:\ti\TivaWare_C_Series-2.2.0.295\driverlib\ccs\Debug\</path>
         <kind>archive</kind>
         <file>driverlib.lib</file>
         <name>cpu.obj</name>
      </input_file>
   </input_file_list>
   <object_component_list>
      <object_component id="oc-12">
         <name>.intvecs</name>
         <load_address>0x0</load_address>
         <run_address>0x0</run_address>
         <size>0x26c</size>
         <input_file_ref idref="fl-a"/>
      </object_component>
      <object_component id="oc-d7">
         <name>.text</name>
         <load_address>0x26c</load_address>
         <run_address>0x26c</run_address>
         <size>0xc20</size>
         <input_file_ref idref="fl-7"/>
      </object_component>
      <object_component id="oc-219">
         <name>.text:__TI_printfi</name>
         <load_address>0xe8c</load_address>
         <run_address>0xe8c</run_address>
         <size>0xa4e</size>
         <input_file_ref idref="fl-eb"/>
      </object_component>
      <object_component id="oc-37b">
         <name>.text:_nop</name>
         <load_address>0x18da</load_address>
         <run_address>0x18da</run_address>
         <size>0x2</size>
         <input_file_ref idref="fl-f1"/>
      </object_component>
      <object_component id="oc-112">
         <name>.text:pow</name>
         <load_address>0x18dc</load_address>
         <run_address>0x18dc</run_address>
         <size>0x9d0</size>
         <input_file_ref idref="fl-c9"/>
      </object_component>
      <object_component id="oc-250">
         <name>.text:__kernel_rem_pio2</name>
         <load_address>0x22ac</load_address>
         <run_address>0x22ac</run_address>
         <size>0x738</size>
         <input_file_ref idref="fl-e1"/>
      </object_component>
      <object_component id="oc-1be">
         <name>.text:sin</name>
         <load_address>0x29e4</load_address>
         <run_address>0x29e4</run_address>
         <size>0x5e0</size>
         <input_file_ref idref="fl-ce"/>
      </object_component>
      <object_component id="oc-1c4">
         <name>.text:cos</name>
         <load_address>0x2fc4</load_address>
         <run_address>0x2fc4</run_address>
         <size>0x5dc</size>
         <input_file_ref idref="fl-cb"/>
      </object_component>
      <object_component id="oc-a2">
         <name>.text</name>
         <load_address>0x35a0</load_address>
         <run_address>0x35a0</run_address>
         <size>0x51c</size>
         <input_file_ref idref="fl-5"/>
      </object_component>
      <object_component id="oc-131">
         <name>.text:tan</name>
         <load_address>0x3abc</load_address>
         <run_address>0x3abc</run_address>
         <size>0x508</size>
         <input_file_ref idref="fl-cf"/>
      </object_component>
      <object_component id="oc-dd">
         <name>.text</name>
         <load_address>0x3fc4</load_address>
         <run_address>0x3fc4</run_address>
         <size>0x420</size>
         <input_file_ref idref="fl-6"/>
      </object_component>
      <object_component id="oc-e9">
         <name>.text</name>
         <load_address>0x43e4</load_address>
         <run_address>0x43e4</run_address>
         <size>0x3a8</size>
         <input_file_ref idref="fl-4"/>
      </object_component>
      <object_component id="oc-256">
         <name>.text:__kernel_tan</name>
         <load_address>0x478c</load_address>
         <run_address>0x478c</run_address>
         <size>0x31c</size>
         <input_file_ref idref="fl-ea"/>
      </object_component>
      <object_component id="oc-f5">
         <name>.text</name>
         <load_address>0x4aa8</load_address>
         <run_address>0x4aa8</run_address>
         <size>0x274</size>
         <input_file_ref idref="fl-8"/>
      </object_component>
      <object_component id="oc-327">
         <name>.text:_pconv_a</name>
         <load_address>0x4d1c</load_address>
         <run_address>0x4d1c</run_address>
         <size>0x270</size>
         <input_file_ref idref="fl-eb"/>
      </object_component>
      <object_component id="oc-e3">
         <name>.text</name>
         <load_address>0x4f8c</load_address>
         <run_address>0x4f8c</run_address>
         <size>0x248</size>
         <input_file_ref idref="fl-2"/>
      </object_component>
      <object_component id="oc-201">
         <name>.text:fmod</name>
         <load_address>0x51d4</load_address>
         <run_address>0x51d4</run_address>
         <size>0x234</size>
         <input_file_ref idref="fl-c8"/>
      </object_component>
      <object_component id="oc-ef">
         <name>.text</name>
         <load_address>0x5408</load_address>
         <run_address>0x5408</run_address>
         <size>0x21c</size>
         <input_file_ref idref="fl-b"/>
      </object_component>
      <object_component id="oc-315">
         <name>.text:_pconv_g</name>
         <load_address>0x5624</load_address>
         <run_address>0x5624</run_address>
         <size>0x1d0</size>
         <input_file_ref idref="fl-eb"/>
      </object_component>
      <object_component id="oc-11d">
         <name>.text</name>
         <load_address>0x57f4</load_address>
         <run_address>0x57f4</run_address>
         <size>0x1b6</size>
         <input_file_ref idref="fl-d3"/>
      </object_component>
      <object_component id="oc-452">
         <name>.text</name>
         <load_address>0x59aa</load_address>
         <run_address>0x59aa</run_address>
         <size>0x2</size>
         <input_file_ref idref="fl-fa"/>
      </object_component>
      <object_component id="oc-fb">
         <name>.text</name>
         <load_address>0x59ac</load_address>
         <run_address>0x59ac</run_address>
         <size>0x190</size>
         <input_file_ref idref="fl-9"/>
      </object_component>
      <object_component id="oc-2c7">
         <name>.text:__kernel_sin</name>
         <load_address>0x5b3c</load_address>
         <run_address>0x5b3c</run_address>
         <size>0x174</size>
         <input_file_ref idref="fl-e9"/>
      </object_component>
      <object_component id="oc-2cd">
         <name>.text:__kernel_cos</name>
         <load_address>0x5cb0</load_address>
         <run_address>0x5cb0</run_address>
         <size>0x170</size>
         <input_file_ref idref="fl-e8"/>
      </object_component>
      <object_component id="oc-22e">
         <name>.text:sqrt</name>
         <load_address>0x5e20</load_address>
         <run_address>0x5e20</run_address>
         <size>0x158</size>
         <input_file_ref idref="fl-ca"/>
      </object_component>
      <object_component id="oc-101">
         <name>.text</name>
         <load_address>0x5f78</load_address>
         <run_address>0x5f78</run_address>
         <size>0x144</size>
         <input_file_ref idref="fl-3"/>
      </object_component>
      <object_component id="oc-321">
         <name>.text:_pconv_e</name>
         <load_address>0x60bc</load_address>
         <run_address>0x60bc</run_address>
         <size>0x13c</size>
         <input_file_ref idref="fl-eb"/>
      </object_component>
      <object_component id="oc-12c">
         <name>.text</name>
         <load_address>0x61f8</load_address>
         <run_address>0x61f8</run_address>
         <size>0x136</size>
         <input_file_ref idref="fl-d5"/>
      </object_component>
      <object_component id="oc-3eb">
         <name>.text:fcvt</name>
         <load_address>0x6330</load_address>
         <run_address>0x6330</run_address>
         <size>0x124</size>
         <input_file_ref idref="fl-eb"/>
      </object_component>
      <object_component id="oc-23d">
         <name>.text:scalbn</name>
         <load_address>0x6454</load_address>
         <run_address>0x6454</run_address>
         <size>0x110</size>
         <input_file_ref idref="fl-cd"/>
      </object_component>
      <object_component id="oc-39a">
         <name>.text:aligned_alloc</name>
         <load_address>0x6564</load_address>
         <run_address>0x6564</run_address>
         <size>0x100</size>
         <input_file_ref idref="fl-e2"/>
      </object_component>
      <object_component id="oc-118">
         <name>.text</name>
         <load_address>0x6664</load_address>
         <run_address>0x6664</run_address>
         <size>0xfc</size>
         <input_file_ref idref="fl-d6"/>
      </object_component>
      <object_component id="oc-207">
         <name>.text:floor</name>
         <load_address>0x6760</load_address>
         <run_address>0x6760</run_address>
         <size>0xf8</size>
         <input_file_ref idref="fl-cc"/>
      </object_component>
      <object_component id="oc-187">
         <name>.text:free</name>
         <load_address>0x6858</load_address>
         <run_address>0x6858</run_address>
         <size>0xe4</size>
         <input_file_ref idref="fl-e2"/>
      </object_component>
      <object_component id="oc-30f">
         <name>.text:_ltostr</name>
         <load_address>0x693c</load_address>
         <run_address>0x693c</run_address>
         <size>0xb1</size>
         <input_file_ref idref="fl-eb"/>
      </object_component>
      <object_component id="oc-3e">
         <name>.text</name>
         <load_address>0x69ee</load_address>
         <run_address>0x69ee</run_address>
         <size>0x9c</size>
         <input_file_ref idref="fl-db"/>
      </object_component>
      <object_component id="oc-3d2">
         <name>.text</name>
         <load_address>0x6a8a</load_address>
         <run_address>0x6a8a</run_address>
         <size>0x96</size>
         <input_file_ref idref="fl-ec"/>
      </object_component>
      <object_component id="oc-1b9">
         <name>.text:__aeabi_cdcmple</name>
         <load_address>0x6b20</load_address>
         <run_address>0x6b20</run_address>
         <size>0x86</size>
         <input_file_ref idref="fl-d4"/>
      </object_component>
      <object_component id="oc-1ca">
         <name>.text:__aeabi_cdrcmple</name>
         <load_address>0x6ba6</load_address>
         <run_address>0x6ba6</run_address>
         <size>0x86</size>
         <input_file_ref idref="fl-d4"/>
      </object_component>
      <object_component id="oc-96">
         <name>.text</name>
         <load_address>0x6c2c</load_address>
         <run_address>0x6c2c</run_address>
         <size>0x7a</size>
         <input_file_ref idref="fl-dd"/>
      </object_component>
      <object_component id="oc-440">
         <name>.text:split</name>
         <load_address>0x6ca8</load_address>
         <run_address>0x6ca8</run_address>
         <size>0x70</size>
         <input_file_ref idref="fl-e2"/>
      </object_component>
      <object_component id="oc-3e4">
         <name>.text:_mcpy</name>
         <load_address>0x6d18</load_address>
         <run_address>0x6d18</run_address>
         <size>0x6e</size>
         <input_file_ref idref="fl-eb"/>
      </object_component>
      <object_component id="oc-137">
         <name>.text</name>
         <load_address>0x6d86</load_address>
         <run_address>0x6d86</run_address>
         <size>0x6e</size>
         <input_file_ref idref="fl-d8"/>
      </object_component>
      <object_component id="oc-15">
         <name>.text:decompress:lzss:__TI_decompress_lzss</name>
         <load_address>0x6df4</load_address>
         <run_address>0x6df4</run_address>
         <size>0x68</size>
         <input_file_ref idref="fl-e0"/>
      </object_component>
      <object_component id="oc-3f9">
         <name>.text:frexp</name>
         <load_address>0x6e5c</load_address>
         <run_address>0x6e5c</run_address>
         <size>0x64</size>
         <input_file_ref idref="fl-f8"/>
      </object_component>
      <object_component id="oc-31b">
         <name>.text:_pconv_f</name>
         <load_address>0x6ec0</load_address>
         <run_address>0x6ec0</run_address>
         <size>0x56</size>
         <input_file_ref idref="fl-eb"/>
      </object_component>
      <object_component id="oc-3d8">
         <name>.text:__TI_ltoa</name>
         <load_address>0x6f16</load_address>
         <run_address>0x6f16</run_address>
         <size>0x54</size>
         <input_file_ref idref="fl-f2"/>
      </object_component>
      <object_component id="oc-3de">
         <name>.text:_ecpy</name>
         <load_address>0x6f6a</load_address>
         <run_address>0x6f6a</run_address>
         <size>0x52</size>
         <input_file_ref idref="fl-eb"/>
      </object_component>
      <object_component id="oc-309">
         <name>.text:atoi</name>
         <load_address>0x6fbc</load_address>
         <run_address>0x6fbc</run_address>
         <size>0x4c</size>
         <input_file_ref idref="fl-f4"/>
      </object_component>
      <object_component id="oc-122">
         <name>.text</name>
         <load_address>0x7008</load_address>
         <run_address>0x7008</run_address>
         <size>0x48</size>
         <input_file_ref idref="fl-d7"/>
      </object_component>
      <object_component id="oc-14d">
         <name>.text:__TI_auto_init_nobinit_nopinit:__TI_auto_init_nobinit_nopinit</name>
         <load_address>0x7050</load_address>
         <run_address>0x7050</run_address>
         <size>0x44</size>
         <input_file_ref idref="fl-ed"/>
      </object_component>
      <object_component id="oc-107">
         <name>.text:sprintf</name>
         <load_address>0x7094</load_address>
         <run_address>0x7094</run_address>
         <size>0x40</size>
         <input_file_ref idref="fl-d1"/>
      </object_component>
      <object_component id="oc-1e2">
         <name>.text:vsnprintf</name>
         <load_address>0x70d4</load_address>
         <run_address>0x70d4</run_address>
         <size>0x40</size>
         <input_file_ref idref="fl-d2"/>
      </object_component>
      <object_component id="oc-3f1">
         <name>.text:_fcpy</name>
         <load_address>0x7114</load_address>
         <run_address>0x7114</run_address>
         <size>0x3e</size>
         <input_file_ref idref="fl-eb"/>
      </object_component>
      <object_component id="oc-181">
         <name>.text:calloc</name>
         <load_address>0x7154</load_address>
         <run_address>0x7154</run_address>
         <size>0x38</size>
         <input_file_ref idref="fl-e2"/>
      </object_component>
      <object_component id="oc-1ac">
         <name>.text</name>
         <load_address>0x718c</load_address>
         <run_address>0x718c</run_address>
         <size>0x38</size>
         <input_file_ref idref="fl-d9"/>
      </object_component>
      <object_component id="oc-19a">
         <name>.text:IntRegister</name>
         <load_address>0x71c4</load_address>
         <run_address>0x71c4</run_address>
         <size>0x34</size>
         <input_file_ref idref="fl-fb"/>
      </object_component>
      <object_component id="oc-5c">
         <name>.text:_c_int00_noargs:_c_int00_noargs</name>
         <load_address>0x71f8</load_address>
         <run_address>0x71f8</run_address>
         <size>0x34</size>
         <input_file_ref idref="fl-e7"/>
      </object_component>
      <object_component id="oc-2dc">
         <name>.text:_outs</name>
         <load_address>0x722c</load_address>
         <run_address>0x722c</run_address>
         <size>0x30</size>
         <input_file_ref idref="fl-d2"/>
      </object_component>
      <object_component id="oc-127">
         <name>.text</name>
         <load_address>0x725c</load_address>
         <run_address>0x725c</run_address>
         <size>0x2e</size>
         <input_file_ref idref="fl-da"/>
      </object_component>
      <object_component id="oc-2a0">
         <name>.text:free_list_insert</name>
         <load_address>0x728c</load_address>
         <run_address>0x728c</run_address>
         <size>0x28</size>
         <input_file_ref idref="fl-e2"/>
      </object_component>
      <object_component id="oc-10d">
         <name>.text</name>
         <load_address>0x72b4</load_address>
         <run_address>0x72b4</run_address>
         <size>0x20</size>
         <input_file_ref idref="fl-dc"/>
      </object_component>
      <object_component id="oc-4a">
         <name>.text:decompress:ZI:__TI_zero_init_nomemset:__TI_zero_init_nomemset</name>
         <load_address>0x72d4</load_address>
         <run_address>0x72d4</run_address>
         <size>0x1c</size>
         <input_file_ref idref="fl-de"/>
      </object_component>
      <object_component id="oc-29a">
         <name>.text:free_list_remove</name>
         <load_address>0x72f0</load_address>
         <run_address>0x72f0</run_address>
         <size>0x1c</size>
         <input_file_ref idref="fl-e2"/>
      </object_component>
      <object_component id="oc-32d">
         <name>.text:memccpy</name>
         <load_address>0x730c</load_address>
         <run_address>0x730c</run_address>
         <size>0x1c</size>
         <input_file_ref idref="fl-f6"/>
      </object_component>
      <object_component id="oc-352">
         <name>.text:copysign</name>
         <load_address>0x7328</load_address>
         <run_address>0x7328</run_address>
         <size>0x1a</size>
         <input_file_ref idref="fl-d0"/>
      </object_component>
      <object_component id="oc-2e2">
         <name>.text:_outc</name>
         <load_address>0x7342</load_address>
         <run_address>0x7342</run_address>
         <size>0x18</size>
         <input_file_ref idref="fl-d2"/>
      </object_component>
      <object_component id="oc-21f">
         <name>.text:_outs</name>
         <load_address>0x735a</load_address>
         <run_address>0x735a</run_address>
         <size>0x18</size>
         <input_file_ref idref="fl-d1"/>
      </object_component>
      <object_component id="oc-18d">
         <name>.text:oi_parseInt</name>
         <load_address>0x7372</load_address>
         <run_address>0x7372</run_address>
         <size>0x18</size>
         <input_file_ref idref="fl-7"/>
      </object_component>
      <object_component id="oc-194">
         <name>.text:strcmp</name>
         <load_address>0x738a</load_address>
         <run_address>0x738a</run_address>
         <size>0x18</size>
         <input_file_ref idref="fl-e3"/>
      </object_component>
      <object_component id="oc-3ff">
         <name>.text:strchr</name>
         <load_address>0x73a2</load_address>
         <run_address>0x73a2</run_address>
         <size>0x16</size>
         <input_file_ref idref="fl-f7"/>
      </object_component>
      <object_component id="oc-1e8">
         <name>.text:strcpy</name>
         <load_address>0x73b8</load_address>
         <run_address>0x73b8</run_address>
         <size>0x14</size>
         <input_file_ref idref="fl-e4"/>
      </object_component>
      <object_component id="oc-1ee">
         <name>.text:strlen</name>
         <load_address>0x73cc</load_address>
         <run_address>0x73cc</run_address>
         <size>0x14</size>
         <input_file_ref idref="fl-e5"/>
      </object_component>
      <object_component id="oc-333">
         <name>.text:wcslen</name>
         <load_address>0x73e0</load_address>
         <run_address>0x73e0</run_address>
         <size>0x12</size>
         <input_file_ref idref="fl-f9"/>
      </object_component>
      <object_component id="oc-1a0">
         <name>.text:IntMasterEnable</name>
         <load_address>0x73f2</load_address>
         <run_address>0x73f2</run_address>
         <size>0x10</size>
         <input_file_ref idref="fl-fb"/>
      </object_component>
      <object_component id="oc-1db">
         <name>.text:lcd_clear</name>
         <load_address>0x7402</load_address>
         <run_address>0x7402</run_address>
         <size>0x10</size>
         <input_file_ref idref="fl-4"/>
      </object_component>
      <object_component id="oc-1b">
         <name>.text:decompress:none:__TI_decompress_none</name>
         <load_address>0x7412</load_address>
         <run_address>0x7412</run_address>
         <size>0xe</size>
         <input_file_ref idref="fl-df"/>
      </object_component>
      <object_component id="oc-2b3">
         <name>.text:CPUcpsie</name>
         <load_address>0x7420</load_address>
         <run_address>0x7420</run_address>
         <size>0xc</size>
         <input_file_ref idref="fl-fc"/>
      </object_component>
      <object_component id="oc-2a">
         <name>.text</name>
         <load_address>0x742c</load_address>
         <run_address>0x742c</run_address>
         <size>0xc</size>
         <input_file_ref idref="fl-a"/>
      </object_component>
      <object_component id="oc-225">
         <name>.text:_outc</name>
         <load_address>0x7438</load_address>
         <run_address>0x7438</run_address>
         <size>0xa</size>
         <input_file_ref idref="fl-d1"/>
      </object_component>
      <object_component id="oc-234">
         <name>.text:__aeabi_errno_addr</name>
         <load_address>0x7444</load_address>
         <run_address>0x7444</run_address>
         <size>0x8</size>
         <input_file_ref idref="fl-e6"/>
      </object_component>
      <object_component id="oc-293">
         <name>.text:malloc</name>
         <load_address>0x744c</load_address>
         <run_address>0x744c</run_address>
         <size>0x8</size>
         <input_file_ref idref="fl-e2"/>
      </object_component>
      <object_component id="oc-9c">
         <name>.text:_system_pre_init</name>
         <load_address>0x7454</load_address>
         <run_address>0x7454</run_address>
         <size>0x4</size>
         <input_file_ref idref="fl-ee"/>
      </object_component>
      <object_component id="oc-141">
         <name>.text:abort:abort</name>
         <load_address>0x7458</load_address>
         <run_address>0x7458</run_address>
         <size>0x4</size>
         <input_file_ref idref="fl-f0"/>
      </object_component>
      <object_component id="oc-366">
         <name>.const:$O1$$</name>
         <load_address>0x7460</load_address>
         <run_address>0x7460</run_address>
         <size>0x158</size>
         <input_file_ref idref="fl-e1"/>
      </object_component>
      <object_component id="oc-3cd">
         <name>.const:.string:_ctypes_</name>
         <load_address>0x75b8</load_address>
         <run_address>0x75b8</run_address>
         <size>0x101</size>
         <input_file_ref idref="fl-f5"/>
      </object_component>
      <object_component id="oc-1f4">
         <name>.const:.string:lineAddress$1</name>
         <load_address>0x76b9</load_address>
         <run_address>0x76b9</run_address>
         <size>0x4</size>
         <input_file_ref idref="fl-4"/>
      </object_component>
      <object_component id="oc-36c">
         <name>.const:xxx</name>
         <load_address>0x76c0</load_address>
         <run_address>0x76c0</run_address>
         <size>0x80</size>
         <input_file_ref idref="fl-ea"/>
      </object_component>
      <object_component id="oc-1f7">
         <name>.const:.string:$P$T0$4</name>
         <load_address>0x7740</load_address>
         <run_address>0x7740</run_address>
         <size>0x36</size>
         <input_file_ref idref="fl-4"/>
      </object_component>
      <object_component id="oc-23a">
         <name>.const:$O1$$</name>
         <load_address>0x7778</load_address>
         <run_address>0x7778</run_address>
         <size>0x30</size>
         <input_file_ref idref="fl-c9"/>
      </object_component>
      <object_component id="oc-2fc">
         <name>.const:Zero</name>
         <load_address>0x77a8</load_address>
         <run_address>0x77a8</run_address>
         <size>0x10</size>
         <input_file_ref idref="fl-c8"/>
      </object_component>
      <object_component id="oc-1a9">
         <name>.const:.string:$P$T0$3</name>
         <load_address>0x77b8</load_address>
         <run_address>0x77b8</run_address>
         <size>0xf</size>
         <input_file_ref idref="fl-7"/>
      </object_component>
      <object_component id="oc-1f5">
         <name>.const:.string:lineAddresses$2</name>
         <load_address>0x77c7</load_address>
         <run_address>0x77c7</run_address>
         <size>0x4</size>
         <input_file_ref idref="fl-4"/>
      </object_component>
      <object_component id="oc-4a6">
         <name>.cinit..data.load</name>
         <load_address>0x77d0</load_address>
         <run_address>0x77d0</run_address>
         <size>0x20</size>
      </object_component>
      <object_component id="oc-4a3">
         <name>__TI_handler_table</name>
         <load_address>0x77f0</load_address>
         <run_address>0x77f0</run_address>
         <size>0xc</size>
      </object_component>
      <object_component id="oc-4a7">
         <name>.cinit..bss.load</name>
         <load_address>0x7800</load_address>
         <run_address>0x7800</run_address>
         <size>0x8</size>
      </object_component>
      <object_component id="oc-4a5">
         <name>.cinit..vtable.load</name>
         <load_address>0x7808</load_address>
         <run_address>0x7808</run_address>
         <size>0x8</size>
      </object_component>
      <object_component id="oc-4a4">
         <name>__TI_cinit_table</name>
         <load_address>0x7810</load_address>
         <run_address>0x7810</run_address>
         <size>0x18</size>
      </object_component>
      <object_component id="oc-2a9">
         <name>.vtable</name>
         <uninitialized>true</uninitialized>
         <run_address>0x20000000</run_address>
         <size>0x26c</size>
         <input_file_ref idref="fl-fb"/>
      </object_component>
      <object_component id="oc-1d6">
         <name>.data</name>
         <load_address>0x2000232d</load_address>
         <run_address>0x2000232d</run_address>
         <size>0x1</size>
         <input_file_ref idref="fl-2"/>
      </object_component>
      <object_component id="oc-1a6">
         <name>.data</name>
         <load_address>0x200022fc</load_address>
         <run_address>0x200022fc</run_address>
         <size>0x20</size>
         <input_file_ref idref="fl-7"/>
      </object_component>
      <object_component id="oc-13c">
         <name>.data</name>
         <load_address>0x2000231c</load_address>
         <run_address>0x2000231c</run_address>
         <size>0x11</size>
         <input_file_ref idref="fl-8"/>
      </object_component>
      <object_component id="oc-20d">
         <name>.data</name>
         <load_address>0x20002340</load_address>
         <run_address>0x20002340</run_address>
         <size>0x8</size>
         <input_file_ref idref="fl-b"/>
      </object_component>
      <object_component id="oc-3a1">
         <name>.data:$O1$$</name>
         <load_address>0x20002338</load_address>
         <run_address>0x20002338</run_address>
         <size>0x8</size>
         <input_file_ref idref="fl-e2"/>
      </object_component>
      <object_component id="oc-34b">
         <name>.data</name>
         <load_address>0x20002348</load_address>
         <run_address>0x20002348</run_address>
         <size>0x4</size>
         <input_file_ref idref="fl-e6"/>
      </object_component>
      <object_component id="oc-277">
         <name>.data:$O1$$</name>
         <load_address>0x20002330</load_address>
         <run_address>0x20002330</run_address>
         <size>0x8</size>
         <input_file_ref idref="fl-f1"/>
      </object_component>
      <object_component id="oc-1f6">
         <name>.bss:lastbuffer$3</name>
         <uninitialized>true</uninitialized>
         <run_address>0x20002270</run_address>
         <size>0x54</size>
         <input_file_ref idref="fl-4"/>
      </object_component>
      <object_component id="oc-1b1">
         <name>.bss:firmware$2</name>
         <uninitialized>true</uninitialized>
         <run_address>0x200022c4</run_address>
         <size>0x18</size>
         <input_file_ref idref="fl-7"/>
      </object_component>
      <object_component id="oc-1d9">
         <name>.common:_timeout_ticks</name>
         <uninitialized>true</uninitialized>
         <run_address>0x200022dc</run_address>
         <size>0x4</size>
      </object_component>
      <object_component id="oc-1cf">
         <name>.common:sensor</name>
         <uninitialized>true</uninitialized>
         <run_address>0x200022f8</run_address>
         <size>0x4</size>
      </object_component>
      <object_component id="oc-1d3">
         <name>.common:cyBot_x</name>
         <uninitialized>true</uninitialized>
         <run_address>0x200022f0</run_address>
         <size>0x4</size>
      </object_component>
      <object_component id="oc-1d4">
         <name>.common:cyBot_y</name>
         <uninitialized>true</uninitialized>
         <run_address>0x200022f4</run_address>
         <size>0x4</size>
      </object_component>
      <object_component id="oc-1d2">
         <name>.common:cyBot_angle</name>
         <uninitialized>true</uninitialized>
         <run_address>0x200022ec</run_address>
         <size>0x4</size>
      </object_component>
      <object_component id="oc-213">
         <name>.common:ang</name>
         <uninitialized>true</uninitialized>
         <run_address>0x200022e0</run_address>
         <size>0x8</size>
      </object_component>
      <object_component id="oc-216">
         <name>.common:clockwise</name>
         <uninitialized>true</uninitialized>
         <run_address>0x200022e8</run_address>
         <size>0x4</size>
      </object_component>
      <object_component id="oc-24">
         <name>.sysmem</name>
         <uninitialized>true</uninitialized>
         <run_address>0x20001270</run_address>
         <size>0x10</size>
         <input_file_ref idref="fl-e2"/>
      </object_component>
      <object_component id="oc-4aa">
         <name>.sysmem</name>
         <uninitialized>true</uninitialized>
         <run_address>0x20001270</run_address>
         <size>0x0</size>
      </object_component>
      <object_component id="oc-27">
         <name>.stack</name>
         <uninitialized>true</uninitialized>
         <run_address>0x20000270</run_address>
         <size>0x4</size>
         <input_file_ref idref="fl-e7"/>
      </object_component>
      <object_component id="oc-4a9">
         <name>.stack</name>
         <uninitialized>true</uninitialized>
         <run_address>0x20000270</run_address>
         <size>0x0</size>
      </object_component>
      <object_component id="oc-c5">
         <name>.debug_info</name>
         <load_address>0x0</load_address>
         <run_address>0x0</run_address>
         <size>0x2ae</size>
         <input_file_ref idref="fl-2"/>
      </object_component>
      <object_component id="oc-1d7">
         <name>.debug_info</name>
         <load_address>0x2ae</load_address>
         <run_address>0x2ae</run_address>
         <size>0xbc</size>
         <input_file_ref idref="fl-2"/>
      </object_component>
      <object_component id="oc-e6">
         <name>.debug_info</name>
         <load_address>0x36a</load_address>
         <run_address>0x36a</run_address>
         <size>0x504</size>
         <input_file_ref idref="fl-2"/>
      </object_component>
      <object_component id="oc-77">
         <name>.debug_info</name>
         <load_address>0x86e</load_address>
         <run_address>0x86e</run_address>
         <size>0x26b</size>
         <input_file_ref idref="fl-2"/>
      </object_component>
      <object_component id="oc-39">
         <name>.debug_info</name>
         <load_address>0xad9</load_address>
         <run_address>0xad9</run_address>
         <size>0x84</size>
         <input_file_ref idref="fl-2"/>
      </object_component>
      <object_component id="oc-c0">
         <name>.debug_info</name>
         <load_address>0xb5d</load_address>
         <run_address>0xb5d</run_address>
         <size>0x2a4</size>
         <input_file_ref idref="fl-2"/>
      </object_component>
      <object_component id="oc-7c">
         <name>.debug_info</name>
         <load_address>0xe01</load_address>
         <run_address>0xe01</run_address>
         <size>0xbb</size>
         <input_file_ref idref="fl-2"/>
      </object_component>
      <object_component id="oc-104">
         <name>.debug_info</name>
         <load_address>0xebc</load_address>
         <run_address>0xebc</run_address>
         <size>0x13d</size>
         <input_file_ref idref="fl-3"/>
      </object_component>
      <object_component id="oc-1fb">
         <name>.debug_info</name>
         <load_address>0xff9</load_address>
         <run_address>0xff9</run_address>
         <size>0x3dd</size>
         <input_file_ref idref="fl-4"/>
      </object_component>
      <object_component id="oc-1f8">
         <name>.debug_info</name>
         <load_address>0x13d6</load_address>
         <run_address>0x13d6</run_address>
         <size>0xb8</size>
         <input_file_ref idref="fl-4"/>
      </object_component>
      <object_component id="oc-1dc">
         <name>.debug_info</name>
         <load_address>0x148e</load_address>
         <run_address>0x148e</run_address>
         <size>0x111</size>
         <input_file_ref idref="fl-4"/>
      </object_component>
      <object_component id="oc-ea">
         <name>.debug_info</name>
         <load_address>0x159f</load_address>
         <run_address>0x159f</run_address>
         <size>0x9bc</size>
         <input_file_ref idref="fl-4"/>
      </object_component>
      <object_component id="oc-2c1">
         <name>.debug_info</name>
         <load_address>0x1f5b</load_address>
         <run_address>0x1f5b</run_address>
         <size>0xcc</size>
         <input_file_ref idref="fl-4"/>
      </object_component>
      <object_component id="oc-1fc">
         <name>.debug_info</name>
         <load_address>0x2027</load_address>
         <run_address>0x2027</run_address>
         <size>0x2c</size>
         <input_file_ref idref="fl-4"/>
      </object_component>
      <object_component id="oc-26e">
         <name>.debug_info</name>
         <load_address>0x2053</load_address>
         <run_address>0x2053</run_address>
         <size>0x35</size>
         <input_file_ref idref="fl-4"/>
      </object_component>
      <object_component id="oc-140">
         <name>.debug_info</name>
         <load_address>0x2088</load_address>
         <run_address>0x2088</run_address>
         <size>0x671</size>
         <input_file_ref idref="fl-5"/>
      </object_component>
      <object_component id="oc-a3">
         <name>.debug_info</name>
         <load_address>0x26f9</load_address>
         <run_address>0x26f9</run_address>
         <size>0x67a</size>
         <input_file_ref idref="fl-5"/>
      </object_component>
      <object_component id="oc-264">
         <name>.debug_info</name>
         <load_address>0x2d73</load_address>
         <run_address>0x2d73</run_address>
         <size>0x5aa</size>
         <input_file_ref idref="fl-5"/>
      </object_component>
      <object_component id="oc-269">
         <name>.debug_info</name>
         <load_address>0x331d</load_address>
         <run_address>0x331d</run_address>
         <size>0xc5</size>
         <input_file_ref idref="fl-5"/>
      </object_component>
      <object_component id="oc-1d0">
         <name>.debug_info</name>
         <load_address>0x33e2</load_address>
         <run_address>0x33e2</run_address>
         <size>0x399</size>
         <input_file_ref idref="fl-6"/>
      </object_component>
      <object_component id="oc-e0">
         <name>.debug_info</name>
         <load_address>0x377b</load_address>
         <run_address>0x377b</run_address>
         <size>0x8f9</size>
         <input_file_ref idref="fl-6"/>
      </object_component>
      <object_component id="oc-1b3">
         <name>.debug_info</name>
         <load_address>0x4074</load_address>
         <run_address>0x4074</run_address>
         <size>0x3f9</size>
         <input_file_ref idref="fl-7"/>
      </object_component>
      <object_component id="oc-1a7">
         <name>.debug_info</name>
         <load_address>0x446d</load_address>
         <run_address>0x446d</run_address>
         <size>0x10e</size>
         <input_file_ref idref="fl-7"/>
      </object_component>
      <object_component id="oc-1aa">
         <name>.debug_info</name>
         <load_address>0x457b</load_address>
         <run_address>0x457b</run_address>
         <size>0xc3</size>
         <input_file_ref idref="fl-7"/>
      </object_component>
      <object_component id="oc-18e">
         <name>.debug_info</name>
         <load_address>0x463e</load_address>
         <run_address>0x463e</run_address>
         <size>0x13b</size>
         <input_file_ref idref="fl-7"/>
      </object_component>
      <object_component id="oc-d8">
         <name>.debug_info</name>
         <load_address>0x4779</load_address>
         <run_address>0x4779</run_address>
         <size>0x1985</size>
         <input_file_ref idref="fl-7"/>
      </object_component>
      <object_component id="oc-1b4">
         <name>.debug_info</name>
         <load_address>0x60fe</load_address>
         <run_address>0x60fe</run_address>
         <size>0x8b</size>
         <input_file_ref idref="fl-7"/>
      </object_component>
      <object_component id="oc-261">
         <name>.debug_info</name>
         <load_address>0x6189</load_address>
         <run_address>0x6189</run_address>
         <size>0x2ea</size>
         <input_file_ref idref="fl-8"/>
      </object_component>
      <object_component id="oc-13d">
         <name>.debug_info</name>
         <load_address>0x6473</load_address>
         <run_address>0x6473</run_address>
         <size>0x14e</size>
         <input_file_ref idref="fl-8"/>
      </object_component>
      <object_component id="oc-f7">
         <name>.debug_info</name>
         <load_address>0x65c1</load_address>
         <run_address>0x65c1</run_address>
         <size>0x303</size>
         <input_file_ref idref="fl-8"/>
      </object_component>
      <object_component id="oc-375">
         <name>.debug_info</name>
         <load_address>0x68c4</load_address>
         <run_address>0x68c4</run_address>
         <size>0x44</size>
         <input_file_ref idref="fl-8"/>
      </object_component>
      <object_component id="oc-214">
         <name>.debug_info</name>
         <load_address>0x6908</load_address>
         <run_address>0x6908</run_address>
         <size>0x281</size>
         <input_file_ref idref="fl-9"/>
      </object_component>
      <object_component id="oc-fd">
         <name>.debug_info</name>
         <load_address>0x6b89</load_address>
         <run_address>0x6b89</run_address>
         <size>0x222</size>
         <input_file_ref idref="fl-9"/>
      </object_component>
      <object_component id="oc-32">
         <name>.debug_info</name>
         <load_address>0x6dab</load_address>
         <run_address>0x6dab</run_address>
         <size>0x298</size>
         <input_file_ref idref="fl-a"/>
      </object_component>
      <object_component id="oc-13">
         <name>.debug_info</name>
         <load_address>0x7043</load_address>
         <run_address>0x7043</run_address>
         <size>0xd7</size>
         <input_file_ref idref="fl-a"/>
      </object_component>
      <object_component id="oc-2b">
         <name>.debug_info</name>
         <load_address>0x711a</load_address>
         <run_address>0x711a</run_address>
         <size>0x253</size>
         <input_file_ref idref="fl-a"/>
      </object_component>
      <object_component id="oc-211">
         <name>.debug_info</name>
         <load_address>0x736d</load_address>
         <run_address>0x736d</run_address>
         <size>0x2ee</size>
         <input_file_ref idref="fl-b"/>
      </object_component>
      <object_component id="oc-20e">
         <name>.debug_info</name>
         <load_address>0x765b</load_address>
         <run_address>0x765b</run_address>
         <size>0xf6</size>
         <input_file_ref idref="fl-b"/>
      </object_component>
      <object_component id="oc-f0">
         <name>.debug_info</name>
         <load_address>0x7751</load_address>
         <run_address>0x7751</run_address>
         <size>0x45e</size>
         <input_file_ref idref="fl-b"/>
      </object_component>
      <object_component id="oc-300">
         <name>.debug_info</name>
         <load_address>0x7baf</load_address>
         <run_address>0x7baf</run_address>
         <size>0x297</size>
         <input_file_ref idref="fl-c8"/>
      </object_component>
      <object_component id="oc-2fd">
         <name>.debug_info</name>
         <load_address>0x7e46</load_address>
         <run_address>0x7e46</run_address>
         <size>0xfd</size>
         <input_file_ref idref="fl-c8"/>
      </object_component>
      <object_component id="oc-205">
         <name>.debug_info</name>
         <load_address>0x7f43</load_address>
         <run_address>0x7f43</run_address>
         <size>0x288</size>
         <input_file_ref idref="fl-c8"/>
      </object_component>
      <object_component id="oc-35f">
         <name>.debug_info</name>
         <load_address>0x81cb</load_address>
         <run_address>0x81cb</run_address>
         <size>0x46</size>
         <input_file_ref idref="fl-c8"/>
      </object_component>
      <object_component id="oc-244">
         <name>.debug_info</name>
         <load_address>0x8211</load_address>
         <run_address>0x8211</run_address>
         <size>0x39</size>
         <input_file_ref idref="fl-c8"/>
      </object_component>
      <object_component id="oc-249">
         <name>.debug_info</name>
         <load_address>0x824a</load_address>
         <run_address>0x824a</run_address>
         <size>0x35e</size>
         <input_file_ref idref="fl-c9"/>
      </object_component>
      <object_component id="oc-23b">
         <name>.debug_info</name>
         <load_address>0x85a8</load_address>
         <run_address>0x85a8</run_address>
         <size>0x128</size>
         <input_file_ref idref="fl-c9"/>
      </object_component>
      <object_component id="oc-115">
         <name>.debug_info</name>
         <load_address>0x86d0</load_address>
         <run_address>0x86d0</run_address>
         <size>0xbf2</size>
         <input_file_ref idref="fl-c9"/>
      </object_component>
      <object_component id="oc-34a">
         <name>.debug_info</name>
         <load_address>0x92c2</load_address>
         <run_address>0x92c2</run_address>
         <size>0x2c5</size>
         <input_file_ref idref="fl-ca"/>
      </object_component>
      <object_component id="oc-22f">
         <name>.debug_info</name>
         <load_address>0x9587</load_address>
         <run_address>0x9587</run_address>
         <size>0x24e</size>
         <input_file_ref idref="fl-ca"/>
      </object_component>
      <object_component id="oc-2d6">
         <name>.debug_info</name>
         <load_address>0x97d5</load_address>
         <run_address>0x97d5</run_address>
         <size>0x361</size>
         <input_file_ref idref="fl-cb"/>
      </object_component>
      <object_component id="oc-1c6">
         <name>.debug_info</name>
         <load_address>0x9b36</load_address>
         <run_address>0x9b36</run_address>
         <size>0x79b</size>
         <input_file_ref idref="fl-cb"/>
      </object_component>
      <object_component id="oc-302">
         <name>.debug_info</name>
         <load_address>0xa2d1</load_address>
         <run_address>0xa2d1</run_address>
         <size>0x28a</size>
         <input_file_ref idref="fl-cc"/>
      </object_component>
      <object_component id="oc-209">
         <name>.debug_info</name>
         <load_address>0xa55b</load_address>
         <run_address>0xa55b</run_address>
         <size>0x22a</size>
         <input_file_ref idref="fl-cc"/>
      </object_component>
      <object_component id="oc-359">
         <name>.debug_info</name>
         <load_address>0xa785</load_address>
         <run_address>0xa785</run_address>
         <size>0x2f8</size>
         <input_file_ref idref="fl-cd"/>
      </object_component>
      <object_component id="oc-23f">
         <name>.debug_info</name>
         <load_address>0xaa7d</load_address>
         <run_address>0xaa7d</run_address>
         <size>0x225</size>
         <input_file_ref idref="fl-cd"/>
      </object_component>
      <object_component id="oc-424">
         <name>.debug_info</name>
         <load_address>0xaca2</load_address>
         <run_address>0xaca2</run_address>
         <size>0x39</size>
         <input_file_ref idref="fl-cd"/>
      </object_component>
      <object_component id="oc-35a">
         <name>.debug_info</name>
         <load_address>0xacdb</load_address>
         <run_address>0xacdb</run_address>
         <size>0x2c</size>
         <input_file_ref idref="fl-cd"/>
      </object_component>
      <object_component id="oc-2d4">
         <name>.debug_info</name>
         <load_address>0xad07</load_address>
         <run_address>0xad07</run_address>
         <size>0x361</size>
         <input_file_ref idref="fl-ce"/>
      </object_component>
      <object_component id="oc-1c2">
         <name>.debug_info</name>
         <load_address>0xb068</load_address>
         <run_address>0xb068</run_address>
         <size>0x7ae</size>
         <input_file_ref idref="fl-ce"/>
      </object_component>
      <object_component id="oc-25d">
         <name>.debug_info</name>
         <load_address>0xb816</load_address>
         <run_address>0xb816</run_address>
         <size>0x36a</size>
         <input_file_ref idref="fl-cf"/>
      </object_component>
      <object_component id="oc-132">
         <name>.debug_info</name>
         <load_address>0xbb80</load_address>
         <run_address>0xbb80</run_address>
         <size>0x5d4</size>
         <input_file_ref idref="fl-cf"/>
      </object_component>
      <object_component id="oc-356">
         <name>.debug_info</name>
         <load_address>0xc154</load_address>
         <run_address>0xc154</run_address>
         <size>0x161</size>
         <input_file_ref idref="fl-d0"/>
      </object_component>
      <object_component id="oc-22c">
         <name>.debug_info</name>
         <load_address>0xc2b5</load_address>
         <run_address>0xc2b5</run_address>
         <size>0x333</size>
         <input_file_ref idref="fl-d1"/>
      </object_component>
      <object_component id="oc-108">
         <name>.debug_info</name>
         <load_address>0xc5e8</load_address>
         <run_address>0xc5e8</run_address>
         <size>0x1d1</size>
         <input_file_ref idref="fl-d1"/>
      </object_component>
      <object_component id="oc-220">
         <name>.debug_info</name>
         <load_address>0xc7b9</load_address>
         <run_address>0xc7b9</run_address>
         <size>0x18d</size>
         <input_file_ref idref="fl-d1"/>
      </object_component>
      <object_component id="oc-226">
         <name>.debug_info</name>
         <load_address>0xc946</load_address>
         <run_address>0xc946</run_address>
         <size>0x16d</size>
         <input_file_ref idref="fl-d1"/>
      </object_component>
      <object_component id="oc-2ea">
         <name>.debug_info</name>
         <load_address>0xcab3</load_address>
         <run_address>0xcab3</run_address>
         <size>0x2c</size>
         <input_file_ref idref="fl-d1"/>
      </object_component>
      <object_component id="oc-2e9">
         <name>.debug_info</name>
         <load_address>0xcadf</load_address>
         <run_address>0xcadf</run_address>
         <size>0x340</size>
         <input_file_ref idref="fl-d2"/>
      </object_component>
      <object_component id="oc-1e3">
         <name>.debug_info</name>
         <load_address>0xce1f</load_address>
         <run_address>0xce1f</run_address>
         <size>0x208</size>
         <input_file_ref idref="fl-d2"/>
      </object_component>
      <object_component id="oc-2dd">
         <name>.debug_info</name>
         <load_address>0xd027</load_address>
         <run_address>0xd027</run_address>
         <size>0x1c6</size>
         <input_file_ref idref="fl-d2"/>
      </object_component>
      <object_component id="oc-2e3">
         <name>.debug_info</name>
         <load_address>0xd1ed</load_address>
         <run_address>0xd1ed</run_address>
         <size>0x179</size>
         <input_file_ref idref="fl-d2"/>
      </object_component>
      <object_component id="oc-2ef">
         <name>.debug_info</name>
         <load_address>0xd366</load_address>
         <run_address>0xd366</run_address>
         <size>0x69</size>
         <input_file_ref idref="fl-d2"/>
      </object_component>
      <object_component id="oc-11e">
         <name>.debug_info</name>
         <load_address>0xd3cf</load_address>
         <run_address>0xd3cf</run_address>
         <size>0x14c</size>
         <input_file_ref idref="fl-d3"/>
      </object_component>
      <object_component id="oc-1bb">
         <name>.debug_info</name>
         <load_address>0xd51b</load_address>
         <run_address>0xd51b</run_address>
         <size>0x128</size>
         <input_file_ref idref="fl-d4"/>
      </object_component>
      <object_component id="oc-1cb">
         <name>.debug_info</name>
         <load_address>0xd643</load_address>
         <run_address>0xd643</run_address>
         <size>0x12a</size>
         <input_file_ref idref="fl-d4"/>
      </object_component>
      <object_component id="oc-12d">
         <name>.debug_info</name>
         <load_address>0xd76d</load_address>
         <run_address>0xd76d</run_address>
         <size>0x13a</size>
         <input_file_ref idref="fl-d5"/>
      </object_component>
      <object_component id="oc-11b">
         <name>.debug_info</name>
         <load_address>0xd8a7</load_address>
         <run_address>0xd8a7</run_address>
         <size>0x13a</size>
         <input_file_ref idref="fl-d6"/>
      </object_component>
      <object_component id="oc-125">
         <name>.debug_info</name>
         <load_address>0xd9e1</load_address>
         <run_address>0xd9e1</run_address>
         <size>0x12e</size>
         <input_file_ref idref="fl-d7"/>
      </object_component>
      <object_component id="oc-13a">
         <name>.debug_info</name>
         <load_address>0xdb0f</load_address>
         <run_address>0xdb0f</run_address>
         <size>0x13e</size>
         <input_file_ref idref="fl-d8"/>
      </object_component>
      <object_component id="oc-1ae">
         <name>.debug_info</name>
         <load_address>0xdc4d</load_address>
         <run_address>0xdc4d</run_address>
         <size>0x12c</size>
         <input_file_ref idref="fl-d9"/>
      </object_component>
      <object_component id="oc-12a">
         <name>.debug_info</name>
         <load_address>0xdd79</load_address>
         <run_address>0xdd79</run_address>
         <size>0x12c</size>
         <input_file_ref idref="fl-da"/>
      </object_component>
      <object_component id="oc-3f">
         <name>.debug_info</name>
         <load_address>0xdea5</load_address>
         <run_address>0xdea5</run_address>
         <size>0x119</size>
         <input_file_ref idref="fl-db"/>
      </object_component>
      <object_component id="oc-10e">
         <name>.debug_info</name>
         <load_address>0xdfbe</load_address>
         <run_address>0xdfbe</run_address>
         <size>0x12e</size>
         <input_file_ref idref="fl-dc"/>
      </object_component>
      <object_component id="oc-98">
         <name>.debug_info</name>
         <load_address>0xe0ec</load_address>
         <run_address>0xe0ec</run_address>
         <size>0x147</size>
         <input_file_ref idref="fl-dd"/>
      </object_component>
      <object_component id="oc-95">
         <name>.debug_info</name>
         <load_address>0xe233</load_address>
         <run_address>0xe233</run_address>
         <size>0x2d4</size>
         <input_file_ref idref="fl-de"/>
      </object_component>
      <object_component id="oc-4e">
         <name>.debug_info</name>
         <load_address>0xe507</load_address>
         <run_address>0xe507</run_address>
         <size>0x1d2</size>
         <input_file_ref idref="fl-de"/>
      </object_component>
      <object_component id="oc-90">
         <name>.debug_info</name>
         <load_address>0xe6d9</load_address>
         <run_address>0xe6d9</run_address>
         <size>0x46</size>
         <input_file_ref idref="fl-de"/>
      </object_component>
      <object_component id="oc-ce">
         <name>.debug_info</name>
         <load_address>0xe71f</load_address>
         <run_address>0xe71f</run_address>
         <size>0x2c</size>
         <input_file_ref idref="fl-de"/>
      </object_component>
      <object_component id="oc-49">
         <name>.debug_info</name>
         <load_address>0xe74b</load_address>
         <run_address>0xe74b</run_address>
         <size>0x2a8</size>
         <input_file_ref idref="fl-df"/>
      </object_component>
      <object_component id="oc-1e">
         <name>.debug_info</name>
         <load_address>0xe9f3</load_address>
         <run_address>0xe9f3</run_address>
         <size>0x1ea</size>
         <input_file_ref idref="fl-df"/>
      </object_component>
      <object_component id="oc-44">
         <name>.debug_info</name>
         <load_address>0xebdd</load_address>
         <run_address>0xebdd</run_address>
         <size>0x46</size>
         <input_file_ref idref="fl-df"/>
      </object_component>
      <object_component id="oc-88">
         <name>.debug_info</name>
         <load_address>0xec23</load_address>
         <run_address>0xec23</run_address>
         <size>0x2c</size>
         <input_file_ref idref="fl-df"/>
      </object_component>
      <object_component id="oc-86">
         <name>.debug_info</name>
         <load_address>0xec4f</load_address>
         <run_address>0xec4f</run_address>
         <size>0x29e</size>
         <input_file_ref idref="fl-e0"/>
      </object_component>
      <object_component id="oc-16">
         <name>.debug_info</name>
         <load_address>0xeeed</load_address>
         <run_address>0xeeed</run_address>
         <size>0x250</size>
         <input_file_ref idref="fl-e0"/>
      </object_component>
      <object_component id="oc-34">
         <name>.debug_info</name>
         <load_address>0xf13d</load_address>
         <run_address>0xf13d</run_address>
         <size>0x60</size>
         <input_file_ref idref="fl-e0"/>
      </object_component>
      <object_component id="oc-c7">
         <name>.debug_info</name>
         <load_address>0xf19d</load_address>
         <run_address>0xf19d</run_address>
         <size>0x46</size>
         <input_file_ref idref="fl-e0"/>
      </object_component>
      <object_component id="oc-81">
         <name>.debug_info</name>
         <load_address>0xf1e3</load_address>
         <run_address>0xf1e3</run_address>
         <size>0x39</size>
         <input_file_ref idref="fl-e0"/>
      </object_component>
      <object_component id="oc-36a">
         <name>.debug_info</name>
         <load_address>0xf21c</load_address>
         <run_address>0xf21c</run_address>
         <size>0x3aa</size>
         <input_file_ref idref="fl-e1"/>
      </object_component>
      <object_component id="oc-367">
         <name>.debug_info</name>
         <load_address>0xf5c6</load_address>
         <run_address>0xf5c6</run_address>
         <size>0x13a</size>
         <input_file_ref idref="fl-e1"/>
      </object_component>
      <object_component id="oc-254">
         <name>.debug_info</name>
         <load_address>0xf700</load_address>
         <run_address>0xf700</run_address>
         <size>0x72f</size>
         <input_file_ref idref="fl-e1"/>
      </object_component>
      <object_component id="oc-70">
         <name>.debug_info</name>
         <load_address>0xfe2f</load_address>
         <run_address>0xfe2f</run_address>
         <size>0x3b2</size>
         <input_file_ref idref="fl-e2"/>
      </object_component>
      <object_component id="oc-25">
         <name>.debug_info</name>
         <load_address>0x101e1</load_address>
         <run_address>0x101e1</run_address>
         <size>0x10c</size>
         <input_file_ref idref="fl-e2"/>
      </object_component>
      <object_component id="oc-3a2">
         <name>.debug_info</name>
         <load_address>0x102ed</load_address>
         <run_address>0x102ed</run_address>
         <size>0x13f</size>
         <input_file_ref idref="fl-e2"/>
      </object_component>
      <object_component id="oc-294">
         <name>.debug_info</name>
         <load_address>0x1042c</load_address>
         <run_address>0x1042c</run_address>
         <size>0x168</size>
         <input_file_ref idref="fl-e2"/>
      </object_component>
      <object_component id="oc-29b">
         <name>.debug_info</name>
         <load_address>0x10594</load_address>
         <run_address>0x10594</run_address>
         <size>0x18e</size>
         <input_file_ref idref="fl-e2"/>
      </object_component>
      <object_component id="oc-2a2">
         <name>.debug_info</name>
         <load_address>0x10722</load_address>
         <run_address>0x10722</run_address>
         <size>0x19f</size>
         <input_file_ref idref="fl-e2"/>
      </object_component>
      <object_component id="oc-188">
         <name>.debug_info</name>
         <load_address>0x108c1</load_address>
         <run_address>0x108c1</run_address>
         <size>0x203</size>
         <input_file_ref idref="fl-e2"/>
      </object_component>
      <object_component id="oc-442">
         <name>.debug_info</name>
         <load_address>0x10ac4</load_address>
         <run_address>0x10ac4</run_address>
         <size>0x1db</size>
         <input_file_ref idref="fl-e2"/>
      </object_component>
      <object_component id="oc-182">
         <name>.debug_info</name>
         <load_address>0x10c9f</load_address>
         <run_address>0x10c9f</run_address>
         <size>0x1a5</size>
         <input_file_ref idref="fl-e2"/>
      </object_component>
      <object_component id="oc-39c">
         <name>.debug_info</name>
         <load_address>0x10e44</load_address>
         <run_address>0x10e44</run_address>
         <size>0x299</size>
         <input_file_ref idref="fl-e2"/>
      </object_component>
      <object_component id="oc-bb">
         <name>.debug_info</name>
         <load_address>0x110dd</load_address>
         <run_address>0x110dd</run_address>
         <size>0xb2</size>
         <input_file_ref idref="fl-e2"/>
      </object_component>
      <object_component id="oc-b6">
         <name>.debug_info</name>
         <load_address>0x1118f</load_address>
         <run_address>0x1118f</run_address>
         <size>0x2c</size>
         <input_file_ref idref="fl-e2"/>
      </object_component>
      <object_component id="oc-2a8">
         <name>.debug_info</name>
         <load_address>0x111bb</load_address>
         <run_address>0x111bb</run_address>
         <size>0x28a</size>
         <input_file_ref idref="fl-e3"/>
      </object_component>
      <object_component id="oc-198">
         <name>.debug_info</name>
         <load_address>0x11445</load_address>
         <run_address>0x11445</run_address>
         <size>0x273</size>
         <input_file_ref idref="fl-e3"/>
      </object_component>
      <object_component id="oc-2f5">
         <name>.debug_info</name>
         <load_address>0x116b8</load_address>
         <run_address>0x116b8</run_address>
         <size>0x2a4</size>
         <input_file_ref idref="fl-e4"/>
      </object_component>
      <object_component id="oc-1e9">
         <name>.debug_info</name>
         <load_address>0x1195c</load_address>
         <run_address>0x1195c</run_address>
         <size>0x24d</size>
         <input_file_ref idref="fl-e4"/>
      </object_component>
      <object_component id="oc-2f7">
         <name>.debug_info</name>
         <load_address>0x11ba9</load_address>
         <run_address>0x11ba9</run_address>
         <size>0x28f</size>
         <input_file_ref idref="fl-e5"/>
      </object_component>
      <object_component id="oc-1f2">
         <name>.debug_info</name>
         <load_address>0x11e38</load_address>
         <run_address>0x11e38</run_address>
         <size>0x245</size>
         <input_file_ref idref="fl-e5"/>
      </object_component>
      <object_component id="oc-34f">
         <name>.debug_info</name>
         <load_address>0x1207d</load_address>
         <run_address>0x1207d</run_address>
         <size>0x289</size>
         <input_file_ref idref="fl-e6"/>
      </object_component>
      <object_component id="oc-34c">
         <name>.debug_info</name>
         <load_address>0x12306</load_address>
         <run_address>0x12306</run_address>
         <size>0x10e</size>
         <input_file_ref idref="fl-e6"/>
      </object_component>
      <object_component id="oc-235">
         <name>.debug_info</name>
         <load_address>0x12414</load_address>
         <run_address>0x12414</run_address>
         <size>0x14e</size>
         <input_file_ref idref="fl-e6"/>
      </object_component>
      <object_component id="oc-28">
         <name>.debug_info</name>
         <load_address>0x12562</load_address>
         <run_address>0x12562</run_address>
         <size>0x10b</size>
         <input_file_ref idref="fl-e7"/>
      </object_component>
      <object_component id="oc-5f">
         <name>.debug_info</name>
         <load_address>0x1266d</load_address>
         <run_address>0x1266d</run_address>
         <size>0x1a9</size>
         <input_file_ref idref="fl-e7"/>
      </object_component>
      <object_component id="oc-3ba">
         <name>.debug_info</name>
         <load_address>0x12816</load_address>
         <run_address>0x12816</run_address>
         <size>0x288</size>
         <input_file_ref idref="fl-e8"/>
      </object_component>
      <object_component id="oc-2ce">
         <name>.debug_info</name>
         <load_address>0x12a9e</load_address>
         <run_address>0x12a9e</run_address>
         <size>0x327</size>
         <input_file_ref idref="fl-e8"/>
      </object_component>
      <object_component id="oc-3b8">
         <name>.debug_info</name>
         <load_address>0x12dc5</load_address>
         <run_address>0x12dc5</run_address>
         <size>0x28d</size>
         <input_file_ref idref="fl-e9"/>
      </object_component>
      <object_component id="oc-2c8">
         <name>.debug_info</name>
         <load_address>0x13052</load_address>
         <run_address>0x13052</run_address>
         <size>0x380</size>
         <input_file_ref idref="fl-e9"/>
      </object_component>
      <object_component id="oc-370">
         <name>.debug_info</name>
         <load_address>0x133d2</load_address>
         <run_address>0x133d2</run_address>
         <size>0x29b</size>
         <input_file_ref idref="fl-ea"/>
      </object_component>
      <object_component id="oc-36d">
         <name>.debug_info</name>
         <load_address>0x1366d</load_address>
         <run_address>0x1366d</run_address>
         <size>0xfa</size>
         <input_file_ref idref="fl-ea"/>
      </object_component>
      <object_component id="oc-258">
         <name>.debug_info</name>
         <load_address>0x13767</load_address>
         <run_address>0x13767</run_address>
         <size>0x5d3</size>
         <input_file_ref idref="fl-ea"/>
      </object_component>
      <object_component id="oc-33a">
         <name>.debug_info</name>
         <load_address>0x13d3a</load_address>
         <run_address>0x13d3a</run_address>
         <size>0x590</size>
         <input_file_ref idref="fl-eb"/>
      </object_component>
      <object_component id="oc-310">
         <name>.debug_info</name>
         <load_address>0x142ca</load_address>
         <run_address>0x142ca</run_address>
         <size>0x21e</size>
         <input_file_ref idref="fl-eb"/>
      </object_component>
      <object_component id="oc-3df">
         <name>.debug_info</name>
         <load_address>0x144e8</load_address>
         <run_address>0x144e8</run_address>
         <size>0x1b3</size>
         <input_file_ref idref="fl-eb"/>
      </object_component>
      <object_component id="oc-3e5">
         <name>.debug_info</name>
         <load_address>0x1469b</load_address>
         <run_address>0x1469b</run_address>
         <size>0x21b</size>
         <input_file_ref idref="fl-eb"/>
      </object_component>
      <object_component id="oc-316">
         <name>.debug_info</name>
         <load_address>0x148b6</load_address>
         <run_address>0x148b6</run_address>
         <size>0x3c0</size>
         <input_file_ref idref="fl-eb"/>
      </object_component>
      <object_component id="oc-3ec">
         <name>.debug_info</name>
         <load_address>0x14c76</load_address>
         <run_address>0x14c76</run_address>
         <size>0x30a</size>
[...]
         <value>0xdb1</value>
         <object_component_ref idref="oc-d7"/>
      </symbol>
      <symbol id="sm-263">
         <name>oi_uartSendStr</name>
         <value>0xa59</value>
         <object_component_ref idref="oc-d7"/>
      </symbol>
      <symbol id="sm-264">
         <name>oi_close</name>
         <value>0x2c7</value>
         <object_component_ref idref="oc-d7"/>
      </symbol>
      <symbol id="sm-265">
         <name>oi_uartSendBuff</name>
         <value>0xa77</value>
         <object_component_ref idref="oc-d7"/>
      </symbol>
      <symbol id="sm-266">
         <name>oi_checkFirmware</name>
         <value>0xaa9</value>
         <object_component_ref idref="oc-d7"/>
      </symbol>
      <symbol id="sm-267">
         <name>oi_init_noupdate</name>
         <value>0x289</value>
         <object_component_ref idref="oc-d7"/>
      </symbol>
      <symbol id="sm-268">
         <name>oi_uartSendChar</name>
         <value>0xa15</value>
         <object_component_ref idref="oc-d7"/>
      </symbol>
      <symbol id="sm-269">
         <name>oi_alloc</name>
         <value>0x26d</value>
         <object_component_ref idref="oc-d7"/>
      </symbol>
      <symbol id="sm-26a">
         <name>oi_getMotorCalibrationLeft</name>
         <value>0xded</value>
         <object_component_ref idref="oc-d7"/>
      </symbol>
      <symbol id="sm-26b">
         <name>oi_loadSong</name>
         <value>0x915</value>
         <object_component_ref idref="oc-d7"/>
      </symbol>
      <symbol id="sm-26c">
         <name>oi_play_song</name>
         <value>0x96b</value>
         <object_component_ref idref="oc-d7"/>
      </symbol>
      <symbol id="sm-26d">
         <name>oi_parsePacket</name>
         <value>0x32b</value>
         <object_component_ref idref="oc-d7"/>
      </symbol>
      <symbol id="sm-26e">
         <name>oi_setLeds</name>
         <value>0x84b</value>
         <object_component_ref idref="oc-d7"/>
      </symbol>
      <symbol id="sm-26f">
         <name>oi_init</name>
         <value>0x2b1</value>
         <object_component_ref idref="oc-d7"/>
      </symbol>
      <symbol id="sm-270">
         <name>oi_update</name>
         <value>0x2d9</value>
         <object_component_ref idref="oc-d7"/>
      </symbol>
      <symbol id="sm-271">
         <name>oi_uartInit</name>
         <value>0x98d</value>
         <object_component_ref idref="oc-d7"/>
      </symbol>
      <symbol id="sm-2b3">
         <name>OVERFLOW</name>
         <value>0x20002324</value>
         <object_component_ref idref="oc-13c"/>
      </symbol>
      <symbol id="sm-2b4">
         <name>END_TIME</name>
         <value>0x20002320</value>
         <object_component_ref idref="oc-13c"/>
      </symbol>
      <symbol id="sm-2b5">
         <name>START_TIME</name>
         <value>0x2000231c</value>
         <object_component_ref idref="oc-13c"/>
      </symbol>
      <symbol id="sm-2b6">
         <name>STATE</name>
         <value>0x2000232c</value>
         <object_component_ref idref="oc-13c"/>
      </symbol>
      <symbol id="sm-2b7">
         <name>TIMER3B_Handler</name>
         <value>0x4be9</value>
         <object_component_ref idref="oc-f5"/>
      </symbol>
      <symbol id="sm-2b8">
         <name>ping_init</name>
         <value>0x4aa9</value>
         <object_component_ref idref="oc-f5"/>
      </symbol>
      <symbol id="sm-2b9">
         <name>ping_getDistance</name>
         <value>0x4c29</value>
         <object_component_ref idref="oc-f5"/>
      </symbol>
      <symbol id="sm-2ba">
         <name>CUR_OVERFLOW</name>
         <value>0x20002328</value>
         <object_component_ref idref="oc-13c"/>
      </symbol>
      <symbol id="sm-2bb">
         <name>ping_trigger</name>
         <value>0x4b5b</value>
         <object_component_ref idref="oc-f5"/>
      </symbol>
      <symbol id="sm-2de">
         <name>ang</name>
         <value>0x200022e0</value>
      </symbol>
      <symbol id="sm-2df">
         <name>clockwise</name>
         <value>0x200022e8</value>
      </symbol>
      <symbol id="sm-2e0">
         <name>servo_move</name>
         <value>0x5a6b</value>
         <object_component_ref idref="oc-fb"/>
      </symbol>
      <symbol id="sm-2e1">
         <name>servo_init</name>
         <value>0x59ad</value>
         <object_component_ref idref="oc-fb"/>
      </symbol>
      <symbol id="sm-2fd">
         <name>ResetISR</name>
         <value>0x742d</value>
         <object_component_ref idref="oc-2a"/>
      </symbol>
      <symbol id="sm-2fe">
         <name>g_pfnVectors</name>
         <value>0x0</value>
         <object_component_ref idref="oc-12"/>
      </symbol>
      <symbol id="sm-33e">
         <name>UART1_Handler</name>
         <value>0x556f</value>
         <object_component_ref idref="oc-ef"/>
      </symbol>
      <symbol id="sm-33f">
         <name>command_byte</name>
         <value>0x20002340</value>
         <object_component_ref idref="oc-20d"/>
      </symbol>
      <symbol id="sm-340">
         <name>uart_sendChar</name>
         <value>0x54dd</value>
         <object_component_ref idref="oc-ef"/>
      </symbol>
      <symbol id="sm-341">
         <name>uart_interrupt_init</name>
         <value>0x5409</value>
         <object_component_ref idref="oc-ef"/>
      </symbol>
      <symbol id="sm-342">
         <name>command_flag</name>
         <value>0x20002344</value>
         <object_component_ref idref="oc-20d"/>
      </symbol>
      <symbol id="sm-343">
         <name>uart_receive_nonblocking</name>
         <value>0x5529</value>
         <object_component_ref idref="oc-ef"/>
      </symbol>
      <symbol id="sm-344">
         <name>uart_receive</name>
         <value>0x5501</value>
         <object_component_ref idref="oc-ef"/>
      </symbol>
      <symbol id="sm-345">
         <name>uart_sendStr</name>
         <value>0x5551</value>
         <object_component_ref idref="oc-ef"/>
      </symbol>
      <symbol id="sm-38e">
         <name>fmod</name>
         <value>0x51d5</value>
         <object_component_ref idref="oc-201"/>
      </symbol>
      <symbol id="sm-38f">
         <name>fmodl</name>
         <value>0x51d5</value>
         <object_component_ref idref="oc-201"/>
      </symbol>
      <symbol id="sm-41b">
         <name>pow</name>
         <value>0x18dd</value>
         <object_component_ref idref="oc-112"/>
      </symbol>
      <symbol id="sm-41c">
         <name>powl</name>
         <value>0x18dd</value>
         <object_component_ref idref="oc-112"/>
      </symbol>
      <symbol id="sm-43e">
         <name>sqrtl</name>
         <value>0x5e21</value>
         <object_component_ref idref="oc-22e"/>
      </symbol>
      <symbol id="sm-43f">
         <name>sqrt</name>
         <value>0x5e21</value>
         <object_component_ref idref="oc-22e"/>
      </symbol>
      <symbol id="sm-490">
         <name>cosl</name>
         <value>0x2fc5</value>
         <object_component_ref idref="oc-1c4"/>
      </symbol>
      <symbol id="sm-491">
         <name>cos</name>
         <value>0x2fc5</value>
         <object_component_ref idref="oc-1c4"/>
      </symbol>
      <symbol id="sm-4ae">
         <name>floorl</name>
         <value>0x6761</value>
         <object_component_ref idref="oc-207"/>
      </symbol>
      <symbol id="sm-4af">
         <name>floor</name>
         <value>0x6761</value>
         <object_component_ref idref="oc-207"/>
      </symbol>
      <symbol id="sm-4d6">
         <name>scalbn</name>
         <value>0x6455</value>
         <object_component_ref idref="oc-23d"/>
      </symbol>
      <symbol id="sm-4d7">
         <name>scalbnl</name>
         <value>0x6455</value>
         <object_component_ref idref="oc-23d"/>
      </symbol>
      <symbol id="sm-4d8">
         <name>ldexpl</name>
         <value>0x6455</value>
         <object_component_ref idref="oc-23d"/>
      </symbol>
      <symbol id="sm-4d9">
         <name>ldexp</name>
         <value>0x6455</value>
         <object_component_ref idref="oc-23d"/>
      </symbol>
      <symbol id="sm-529">
         <name>sin</name>
         <value>0x29e5</value>
         <object_component_ref idref="oc-1be"/>
      </symbol>
      <symbol id="sm-52a">
         <name>sinl</name>
         <value>0x29e5</value>
         <object_component_ref idref="oc-1be"/>
      </symbol>
      <symbol id="sm-57b">
         <name>tanl</name>
         <value>0x3abd</value>
         <object_component_ref idref="oc-131"/>
      </symbol>
      <symbol id="sm-57c">
         <name>tan</name>
         <value>0x3abd</value>
         <object_component_ref idref="oc-131"/>
      </symbol>
      <symbol id="sm-586">
         <name>copysign</name>
         <value>0x7329</value>
         <object_component_ref idref="oc-352"/>
      </symbol>
      <symbol id="sm-587">
         <name>copysignl</name>
         <value>0x7329</value>
         <object_component_ref idref="oc-352"/>
      </symbol>
      <symbol id="sm-5ae">
         <name>sprintf</name>
         <value>0x7095</value>
         <object_component_ref idref="oc-107"/>
      </symbol>
      <symbol id="sm-5d8">
         <name>vsnprintf</name>
         <value>0x70d5</value>
         <object_component_ref idref="oc-1e2"/>
      </symbol>
      <symbol id="sm-5ef">
         <name>__aeabi_dsub</name>
         <value>0x57f5</value>
         <object_component_ref idref="oc-11d"/>
      </symbol>
      <symbol id="sm-5f0">
         <name>__aeabi_dadd</name>
         <value>0x57ff</value>
         <object_component_ref idref="oc-11d"/>
      </symbol>
      <symbol id="sm-612">
         <name>__aeabi_cdcmpeq</name>
         <value>0x6b21</value>
         <object_component_ref idref="oc-1b9"/>
      </symbol>
      <symbol id="sm-613">
         <name>__aeabi_cdcmple</name>
         <value>0x6b21</value>
         <object_component_ref idref="oc-1b9"/>
      </symbol>
      <symbol id="sm-614">
         <name>__aeabi_cdrcmple</name>
         <value>0x6ba7</value>
         <object_component_ref idref="oc-1ca"/>
      </symbol>
      <symbol id="sm-628">
         <name>__aeabi_ddiv</name>
         <value>0x61f9</value>
         <object_component_ref idref="oc-12c"/>
      </symbol>
      <symbol id="sm-633">
         <name>__aeabi_dmul</name>
         <value>0x6665</value>
         <object_component_ref idref="oc-118"/>
      </symbol>
      <symbol id="sm-63d">
         <name>__aeabi_d2iz</name>
         <value>0x7009</value>
         <object_component_ref idref="oc-122"/>
      </symbol>
      <symbol id="sm-649">
         <name>__aeabi_d2f</name>
         <value>0x6d87</value>
         <object_component_ref idref="oc-137"/>
      </symbol>
      <symbol id="sm-654">
         <name>__aeabi_f2d</name>
         <value>0x718d</value>
         <object_component_ref idref="oc-1ac"/>
      </symbol>
      <symbol id="sm-65e">
         <name>__aeabi_i2d</name>
         <value>0x725d</value>
         <object_component_ref idref="oc-127"/>
      </symbol>
      <symbol id="sm-679">
         <name>memcpy</name>
         <value>0x69ef</value>
         <object_component_ref idref="oc-3e"/>
      </symbol>
      <symbol id="sm-67a">
         <name>__aeabi_memcpy</name>
         <value>0x69ef</value>
         <object_component_ref idref="oc-3e"/>
      </symbol>
      <symbol id="sm-67b">
         <name>__aeabi_memcpy8</name>
         <value>0x69ef</value>
         <object_component_ref idref="oc-3e"/>
      </symbol>
      <symbol id="sm-67c">
         <name>__aeabi_memcpy4</name>
         <value>0x69ef</value>
         <object_component_ref idref="oc-3e"/>
      </symbol>
      <symbol id="sm-686">
         <name>__aeabi_ui2d</name>
         <value>0x72b5</value>
         <object_component_ref idref="oc-10d"/>
      </symbol>
      <symbol id="sm-695">
         <name>__aeabi_memset</name>
         <value>0x6c2f</value>
         <object_component_ref idref="oc-96"/>
      </symbol>
      <symbol id="sm-696">
         <name>memset</name>
         <value>0x6c35</value>
         <object_component_ref idref="oc-96"/>
      </symbol>
      <symbol id="sm-697">
         <name>__aeabi_memset8</name>
         <value>0x6c2f</value>
         <object_component_ref idref="oc-96"/>
      </symbol>
      <symbol id="sm-698">
         <name>__aeabi_memset4</name>
         <value>0x6c2f</value>
         <object_component_ref idref="oc-96"/>
      </symbol>
      <symbol id="sm-699">
         <name>__aeabi_memclr8</name>
         <value>0x6c2d</value>
         <object_component_ref idref="oc-96"/>
      </symbol>
      <symbol id="sm-69a">
         <name>__aeabi_memclr4</name>
         <value>0x6c2d</value>
         <object_component_ref idref="oc-96"/>
      </symbol>
      <symbol id="sm-69b">
         <name>__aeabi_memclr</name>
         <value>0x6c2d</value>
         <object_component_ref idref="oc-96"/>
      </symbol>
      <symbol id="sm-6b4">
         <name>__TI_zero_init_nomemset</name>
         <value>0x72d5</value>
         <object_component_ref idref="oc-4a"/>
      </symbol>
      <symbol id="sm-6cb">
         <name>__TI_decompress_none</name>
         <value>0x7413</value>
         <object_component_ref idref="oc-1b"/>
      </symbol>
      <symbol id="sm-6ee">
         <name>__TI_decompress_lzss</name>
         <value>0x6df5</value>
         <object_component_ref idref="oc-15"/>
      </symbol>
      <symbol id="sm-754">
         <name>__kernel_rem_pio2</name>
         <value>0x22ad</value>
         <object_component_ref idref="oc-250"/>
      </symbol>
      <symbol id="sm-7e9">
         <name>_sys_memory</name>
         <value>0x20001270</value>
         <object_component_ref idref="oc-24"/>
      </symbol>
      <symbol id="sm-7ea">
         <name>free</name>
         <value>0x6859</value>
         <object_component_ref idref="oc-187"/>
      </symbol>
      <symbol id="sm-7eb">
         <name>memalign</name>
         <value>0x6565</value>
         <object_component_ref idref="oc-39a"/>
      </symbol>
      <symbol id="sm-7ec">
         <name>calloc</name>
         <value>0x7155</value>
         <object_component_ref idref="oc-181"/>
      </symbol>
      <symbol id="sm-7ed">
         <name>malloc</name>
         <value>0x744d</value>
         <object_component_ref idref="oc-293"/>
      </symbol>
      <symbol id="sm-7ee">
         <name>aligned_alloc</name>
         <value>0x6565</value>
         <object_component_ref idref="oc-39a"/>
      </symbol>
      <symbol id="sm-7fd">
         <name>strcmp</name>
         <value>0x738b</value>
         <object_component_ref idref="oc-194"/>
      </symbol>
      <symbol id="sm-80b">
         <name>strcpy</name>
         <value>0x73b9</value>
         <object_component_ref idref="oc-1e8"/>
      </symbol>
      <symbol id="sm-819">
         <name>strlen</name>
         <value>0x73cd</value>
         <object_component_ref idref="oc-1ee"/>
      </symbol>
      <symbol id="sm-82f">
         <name>__aeabi_errno_addr</name>
         <value>0x7445</value>
         <object_component_ref idref="oc-234"/>
      </symbol>
      <symbol id="sm-830">
         <name>errno</name>
         <value>0x20002348</value>
         <object_component_ref idref="oc-34b"/>
      </symbol>
      <symbol id="sm-843">
         <name>__stack</name>
         <value>0x20000270</value>
         <object_component_ref idref="oc-27"/>
      </symbol>
      <symbol id="sm-844">
         <name>_c_int00_noargs</name>
         <value>0x71f9</value>
         <object_component_ref idref="oc-5c"/>
      </symbol>
      <symbol id="sm-85a">
         <name>__kernel_cos</name>
         <value>0x5cb1</value>
         <object_component_ref idref="oc-2cd"/>
      </symbol>
      <symbol id="sm-871">
         <name>__kernel_sin</name>
         <value>0x5b3d</value>
         <object_component_ref idref="oc-2c7"/>
      </symbol>
      <symbol id="sm-890">
         <name>__kernel_tan</name>
         <value>0x478d</value>
         <object_component_ref idref="oc-256"/>
      </symbol>
      <symbol id="sm-9f5">
         <name>__TI_printfi</name>
         <value>0xe8d</value>
         <object_component_ref idref="oc-219"/>
      </symbol>
      <symbol id="sm-a02">
         <name>__aeabi_uldivmod</name>
         <value>0x6a8b</value>
         <object_component_ref idref="oc-3d2"/>
      </symbol>
      <symbol id="sm-a2a">
         <name>__TI_auto_init_nobinit_nopinit</name>
         <value>0x7051</value>
         <object_component_ref idref="oc-14d"/>
      </symbol>
      <symbol id="sm-a34">
         <name>_system_pre_init</name>
         <value>0x7455</value>
         <object_component_ref idref="oc-9c"/>
      </symbol>
      <symbol id="sm-a40">
         <name>C$$EXIT</name>
         <value>0x7459</value>
         <object_component_ref idref="oc-141"/>
      </symbol>
      <symbol id="sm-a41">
         <name>abort</name>
         <value>0x7459</value>
         <object_component_ref idref="oc-141"/>
      </symbol>
      <symbol id="sm-a56">
         <name>_nop</name>
         <value>0x18db</value>
         <object_component_ref idref="oc-37b"/>
      </symbol>
      <symbol id="sm-a57">
         <name>_lock</name>
         <value>0x20002330</value>
         <object_component_ref idref="oc-277"/>
      </symbol>
      <symbol id="sm-a58">
         <name>_unlock</name>
         <value>0x20002334</value>
         <object_component_ref idref="oc-277"/>
      </symbol>
      <symbol id="sm-a67">
         <name>__TI_ltoa</name>
         <value>0x6f17</value>
         <object_component_ref idref="oc-3d8"/>
      </symbol>
      <symbol id="sm-a7e">
         <name>atoi</name>
         <value>0x6fbd</value>
         <object_component_ref idref="oc-309"/>
      </symbol>
      <symbol id="sm-a89">
         <name>_ctypes_</name>
         <value>0x75b8</value>
         <object_component_ref idref="oc-3cd"/>
      </symbol>
      <symbol id="sm-a99">
         <name>memccpy</name>
         <value>0x730d</value>
         <object_component_ref idref="oc-32d"/>
      </symbol>
      <symbol id="sm-aa9">
         <name>strchr</name>
         <value>0x73a3</value>
         <object_component_ref idref="oc-3ff"/>
      </symbol>
      <symbol id="sm-abf">
         <name>frexpl</name>
         <value>0x6e5d</value>
         <object_component_ref idref="oc-3f9"/>
      </symbol>
      <symbol id="sm-ac0">
         <name>frexp</name>
         <value>0x6e5d</value>
         <object_component_ref idref="oc-3f9"/>
      </symbol>
      <symbol id="sm-ad9">
         <name>wcslen</name>
         <value>0x73e1</value>
         <object_component_ref idref="oc-333"/>
      </symbol>
      <symbol id="sm-ae3">
         <name>__aeabi_idiv0</name>
         <value>0x59ab</value>
         <object_component_ref idref="oc-452"/>
      </symbol>
      <symbol id="sm-ae4">
         <name>__aeabi_ldiv0</name>
         <value>0x59ab</value>
         <object_component_ref idref="oc-452"/>
      </symbol>
      <symbol id="sm-b13">
         <name>IntRegister</name>
         <value>0x71c5</value>
         <object_component_ref idref="oc-19a"/>
      </symbol>
      <symbol id="sm-b14">
         <name>g_pfnRAMVectors</name>
         <value>0x20000000</value>
         <object_component_ref idref="oc-2a9"/>
      </symbol>
      <symbol id="sm-b15">
         <name>IntMasterEnable</name>
         <value>0x73f3</value>
         <object_component_ref idref="oc-1a0"/>
      </symbol>
      <symbol id="sm-b1f">
         <name>CPUcpsie</name>
         <value>0x7421</value>
         <object_component_ref idref="oc-2b3"/>
      </symbol>
      <symbol id="sm-b20">
         <name>__TI_static_base__</name>
         <value>0x0</value>
      </symbol>
      <symbol id="sm-b23">
         <name>__mpu_init</name>
         <value>0x0</value>
      </symbol>
      <symbol id="sm-b24">
         <name>_system_post_cinit</name>
         <value>0x0</value>
      </symbol>
   </symbol_table>
   <title>Link successful</title>
</link_info>
