******************************************************************************
                  TI ARM Linker PC v20.2.6                     
******************************************************************************
>> Linked Wed Apr 26 11:01:42 2023

OUTPUT FILE NAME:   <Final.out>
ENTRY POINT SYMBOL: "_c_int00_noargs"  address: 000071f9


MEMORY CONFIGURATION

         name            origin    length      used     unused   attr    fill
----------------------  --------  ---------  --------  --------  ----  --------
  FLASH                 00000000   00040000  0000781f  000387e1  R  X
  SRAM                  20000000   00008000  00002348  00005cb8  RW X


SEGMENT ALLOCATION MAP

run origin  load origin   length   init length attrs members
----------  ----------- ---------- ----------- ----- -------
00000000    00000000    00007828   00007828    r-x
  00000000    00000000    0000026c   0000026c    r-- .intvecs
  0000026c    0000026c    000071f0   000071f0    r-x .text
  00007460    00007460    0000036b   0000036b    r-- .const
  000077d0    000077d0    00000058   00000058    r-- .cinit
20000000    20000000    0000234c   00000000    rw-
  20000000    20000000    0000026c   00000000    rw- .vtable
  20000270    20000270    00001000   00000000    rw- .stack
  20001270    20001270    00001000   00000000    rw- .sysmem
  20002270    20002270    0000008c   00000000    rw- .bss
  200022fc    200022fc    00000050   00000000    rw- .data


SECTION ALLOCATION MAP

 output                                  attributes/
section   page    origin      length       input sections
--------  ----  ----------  ----------   ----------------
.intvecs   0    00000000    0000026c     
                  00000000    0000026c     tm4c123gh6pm_startup_ccs.obj (.intvecs)

.text      0    0000026c    000071f0     
                  0000026c    00000c20     open_interface.obj (.text)
                  00000e8c    00000a4e     rtsv7M4_T_le_v4SPD16_eabi.lib : _printfi.c.obj (.text:__TI_printfi)
                  000018da    00000002                                   : _lock.c.obj (.text:_nop)
                  000018dc    000009d0                                   : e_pow.c.obj (.text:pow)
                  000022ac    00000738                                   : k_rem_pio2.c.obj (.text:__kernel_rem_pio2)
                  000029e4    000005e0                                   : s_sin.c.obj (.text:sin)
                  00002fc4    000005dc                                   : s_cos.c.obj (.text:cos)
                  000035a0    0000051c     main.obj (.text)
                  00003abc    00000508     rtsv7M4_T_le_v4SPD16_eabi.lib : s_tan.c.obj (.text:tan)
                  00003fc4    00000420     movement.obj (.text)
                  000043e4    000003a8     lcd.obj (.text)
                  0000478c    0000031c     rtsv7M4_T_le_v4SPD16_eabi.lib : k_tan.c.obj (.text:__kernel_tan)
                  00004aa8    00000274     ping_template.obj (.text)
                  00004d1c    00000270     rtsv7M4_T_le_v4SPD16_eabi.lib : _printfi.c.obj (.text:_pconv_a)
                  00004f8c    00000248     Timer.obj (.text)
                  000051d4    00000234     rtsv7M4_T_le_v4SPD16_eabi.lib : e_fmod.c.obj (.text:fmod)
                  00005408    0000021c     uart-interrupt.obj (.text)
                  00005624    000001d0     rtsv7M4_T_le_v4SPD16_eabi.lib : _printfi.c.obj (.text:_pconv_g)
                  000057f4    000001b6                                   : fd_add_t2.asm.obj (.text)
                  000059aa    00000002                                   : div0.asm.obj (.text)
                  000059ac    00000190     servo.obj (.text)
                  00005b3c    00000174     rtsv7M4_T_le_v4SPD16_eabi.lib : k_sin.c.obj (.text:__kernel_sin)
                  00005cb0    00000170                                   : k_cos.c.obj (.text:__kernel_cos)
                  00005e20    00000158                                   : e_sqrt.c.obj (.text:sqrt)
                  00005f78    00000144     adc.obj (.text)
                  000060bc    0000013c     rtsv7M4_T_le_v4SPD16_eabi.lib : _printfi.c.obj (.text:_pconv_e)
                  000061f8    00000136                                   : fd_div_t2.asm.obj (.text)
                  0000632e    00000002     --HOLE-- [fill = 0]
                  00006330    00000124                                   : _printfi.c.obj (.text:fcvt)
                  00006454    00000110                                   : s_scalbn.c.obj (.text:scalbn)
                  00006564    00000100                                   : memory.c.obj (.text:aligned_alloc)
                  00006664    000000fc                                   : fd_mul_t2.asm.obj (.text)
                  00006760    000000f8                                   : s_floor.c.obj (.text:floor)
                  00006858    000000e4                                   : memory.c.obj (.text:free)
                  0000693c    000000b1                                   : _printfi.c.obj (.text:_ltostr)
                  000069ed    00000001     --HOLE-- [fill = 0]
                  000069ee    0000009c                                   : memcpy_t2.asm.obj (.text)
                  00006a8a    00000096                                   : ull_div_t2.asm.obj (.text)
                  00006b20    00000086                                   : fd_cmp_t2.asm.obj (.text:__aeabi_cdcmple)
                  00006ba6    00000086                                   : fd_cmp_t2.asm.obj (.text:__aeabi_cdrcmple)
                  00006c2c    0000007a                                   : memset_t2.asm.obj (.text)
                  00006ca6    00000002     --HOLE-- [fill = 0]
                  00006ca8    00000070                                   : memory.c.obj (.text:split)
                  00006d18    0000006e                                   : _printfi.c.obj (.text:_mcpy)
                  00006d86    0000006e                                   : fd_tos_t2.asm.obj (.text)
                  00006df4    00000068                                   : copy_decompress_lzss.c.obj (.text:decompress:lzss:__TI_decompress_lzss)
                  00006e5c    00000064                                   : s_frexp.c.obj (.text:frexp)
                  00006ec0    00000056                                   : _printfi.c.obj (.text:_pconv_f)
                  00006f16    00000054                                   : _ltoa.c.obj (.text:__TI_ltoa)
                  00006f6a    00000052                                   : _printfi.c.obj (.text:_ecpy)
                  00006fbc    0000004c                                   : atoi.c.obj (.text:atoi)
                  00007008    00000048                                   : fd_toi_t2.asm.obj (.text)
                  00007050    00000044                                   : autoinit.c.obj (.text:__TI_auto_init_nobinit_nopinit:__TI_auto_init_nobinit_nopinit)
                  00007094    00000040                                   : sprintf.c.obj (.text:sprintf)
                  000070d4    00000040                                   : vsnprintf.c.obj (.text:vsnprintf)
                  00007114    0000003e                                   : _printfi.c.obj (.text:_fcpy)
                  00007152    00000002     --HOLE-- [fill = 0]
                  00007154    00000038                                   : memory.c.obj (.text:calloc)
                  0000718c    00000038                                   : fs_tod_t2.asm.obj (.text)
                  000071c4    00000034     driverlib.lib : interrupt.obj (.text:IntRegister)
                  000071f8    00000034     rtsv7M4_T_le_v4SPD16_eabi.lib : boot_cortex_m.c.obj (.text:_c_int00_noargs:_c_int00_noargs)
                  0000722c    00000030                                   : vsnprintf.c.obj (.text:_outs)
                  0000725c    0000002e                                   : i_tofd_t2.asm.obj (.text)
                  0000728a    00000002     --HOLE-- [fill = 0]
                  0000728c    00000028                                   : memory.c.obj (.text:free_list_insert)
                  000072b4    00000020                                   : u_tofd_t2.asm.obj (.text)
                  000072d4    0000001c                                   : copy_zero_init.c.obj (.text:decompress:ZI:__TI_zero_init_nomemset:__TI_zero_init_nomemset)
                  000072f0    0000001c                                   : memory.c.obj (.text:free_list_remove)
                  0000730c    0000001c                                   : memccpy.c.obj (.text:memccpy)
                  00007328    0000001a                                   : s_copysign.c.obj (.text:copysign)
                  00007342    00000018                                   : vsnprintf.c.obj (.text:_outc)
                  0000735a    00000018                                   : sprintf.c.obj (.text:_outs)
                  00007372    00000018     open_interface.obj (.text:oi_parseInt)
                  0000738a    00000018     rtsv7M4_T_le_v4SPD16_eabi.lib : strcmp.c.obj (.text:strcmp)
                  000073a2    00000016                                   : strchr.c.obj (.text:strchr)
                  000073b8    00000014                                   : strcpy.c.obj (.text:strcpy)
                  000073cc    00000014                                   : strlen.c.obj (.text:strlen)
                  000073e0    00000012                                   : wcslen.c.obj (.text:wcslen)
                  000073f2    00000010     driverlib.lib : interrupt.obj (.text:IntMasterEnable)
                  00007402    00000010     lcd.obj (.text:lcd_clear)
                  00007412    0000000e     rtsv7M4_T_le_v4SPD16_eabi.lib : copy_decompress_none.c.obj (.text:decompress:none:__TI_decompress_none)
                  00007420    0000000c     driverlib.lib : cpu.obj (.text:CPUcpsie)
                  0000742c    0000000c     tm4c123gh6pm_startup_ccs.obj (.text)
                  00007438    0000000a     rtsv7M4_T_le_v4SPD16_eabi.lib : sprintf.c.obj (.text:_outc)
                  00007442    00000002     --HOLE-- [fill = 0]
                  00007444    00000008                                   : errno.c.obj (.text:__aeabi_errno_addr)
                  0000744c    00000008                                   : memory.c.obj (.text:malloc)
                  00007454    00000004                                   : pre_init.c.obj (.text:_system_pre_init)
                  00007458    00000004                                   : exit.c.obj (.text:abort:abort)

.const     0    00007460    0000036b     
                  00007460    00000158     rtsv7M4_T_le_v4SPD16_eabi.lib : k_rem_pio2.c.obj (.const:$O1$$)
                  000075b8    00000101                                   : ctype.c.obj (.const:.string:_ctypes_)
                  000076b9    00000004     lcd.obj (.const:.string:lineAddress$1)
                  000076bd    00000003     --HOLE-- [fill = 0]
                  000076c0    00000080     rtsv7M4_T_le_v4SPD16_eabi.lib : k_tan.c.obj (.const:xxx)
                  00007740    00000036     lcd.obj (.const:.string:$P$T0$4)
                  00007776    00000002     --HOLE-- [fill = 0]
                  00007778    00000030     rtsv7M4_T_le_v4SPD16_eabi.lib : e_pow.c.obj (.const:$O1$$)
                  000077a8    00000010                                   : e_fmod.c.obj (.const:Zero)
                  000077b8    0000000f     open_interface.obj (.const:.string:$P$T0$3)
                  000077c7    00000004     lcd.obj (.const:.string:lineAddresses$2)

.cinit     0    000077d0    00000058     
                  000077d0    00000020     (.cinit..data.load) [load image, compression = lzss]
                  000077f0    0000000c     (__TI_handler_table)
                  000077fc    00000004     --HOLE-- [fill = 0]
                  00007800    00000008     (.cinit..bss.load) [load image, compression = zero_init]
                  00007808    00000008     (.cinit..vtable.load) [load image, compression = zero_init]
                  00007810    00000018     (__TI_cinit_table)

.init_array 
*          0    00000000    00000000     UNINITIALIZED

.vtable    0    20000000    0000026c     UNINITIALIZED
                  20000000    0000026c     driverlib.lib : interrupt.obj (.vtable)

.stack     0    20000270    00001000     UNINITIALIZED
                  20000270    00000004     rtsv7M4_T_le_v4SPD16_eabi.lib : boot_cortex_m.c.obj (.stack)
                  20000274    00000ffc     --HOLE--

.sysmem    0    20001270    00001000     UNINITIALIZED
                  20001270    00000010     rtsv7M4_T_le_v4SPD16_eabi.lib : memory.c.obj (.sysmem)
                  20001280    00000ff0     --HOLE--

.bss       0    20002270    0000008c     UNINITIALIZED
                  20002270    00000054     lcd.obj (.bss:lastbuffer$3)
                  200022c4    00000018     open_interface.obj (.bss:firmware$2)
                  200022dc    00000004     (.common:_timeout_ticks)
                  200022e0    00000008     (.common:ang)
                  200022e8    00000004     (.common:clockwise)
                  200022ec    00000004     (.common:cyBot_angle)
                  200022f0    00000004     (.common:cyBot_x)
                  200022f4    00000004     (.common:cyBot_y)
                  200022f8    00000004     (.common:sensor)

.data      0    200022fc    00000050     UNINITIALIZED
                  200022fc    00000020     open_interface.obj (.data)
                  2000231c    00000011     ping_template.obj (.data)
                  2000232d    00000001     Timer.obj (.data)
                  2000232e    00000002     --HOLE--
                  20002330    00000008     rtsv7M4_T_le_v4SPD16_eabi.lib : _lock.c.obj (.data:$O1$$)
                  20002338    00000008                                   : memory.c.obj (.data:$O1$$)
                  20002340    00000008     uart-interrupt.obj (.data)
                  20002348    00000004     rtsv7M4_T_le_v4SPD16_eabi.lib : errno.c.obj (.data)

__llvm_prf_cnts 
*          0    20000000    00000000     UNINITIALIZED

MODULE SUMMARY

       Module                         code    ro data   rw data
       ------                         ----    -------   -------
    .\
       open_interface.obj             3128    15        56     
       main.obj                       1308    0         0      
       lcd.obj                        952     62        84     
       movement.obj                   1056    0         16     
       ping_template.obj              628     0         17     
       tm4c123gh6pm_startup_ccs.obj   12      620       0      
       Timer.obj                      584     0         5      
       uart-interrupt.obj             540     0         8      
       servo.obj                      400     0         12     
       adc.obj                        324     0         0      
    +--+------------------------------+-------+---------+---------+
       Total:                         8932    697       198    
                                                               
    C:/ti/TivaWare_C_Series-2.2.0.295/driverlib/ccs/Debug/driverlib.lib
       interrupt.obj                  68      0         620    
       cpu.obj                        12      0         0      
    +--+------------------------------+-------+---------+---------+
       Total:                         80      0         620    
                                                               
    C:\ti\ccs1200\ccs\tools\compiler\ti-cgt-arm_20.2.6.LTS\lib\rtsv7M4_T_le_v4SPD16_eabi.lib
       _printfi.c.obj                 4851    0         0      
       e_pow.c.obj                    2512    48        0      
       k_rem_pio2.c.obj               1848    344       0      
       s_sin.c.obj                    1504    0         0      
       s_cos.c.obj                    1500    0         0      
       s_tan.c.obj                    1288    0         0      
       k_tan.c.obj                    796     128       0      
       memory.c.obj                   728     0         8      
       e_fmod.c.obj                   564     16        0      
       fd_add_t2.asm.obj              438     0         0      
       k_sin.c.obj                    372     0         0      
       k_cos.c.obj                    368     0         0      
       e_sqrt.c.obj                   344     0         0      
       fd_div_t2.asm.obj              310     0         0      
       s_scalbn.c.obj                 272     0         0      
       fd_cmp_t2.asm.obj              268     0         0      
       ctype.c.obj                    0       257       0      
       fd_mul_t2.asm.obj              252     0         0      
       s_floor.c.obj                  248     0         0      
       memcpy_t2.asm.obj              156     0         0      
       ull_div_t2.asm.obj             150     0         0      
       vsnprintf.c.obj                136     0         0      
       memset_t2.asm.obj              122     0         0      
       fd_tos_t2.asm.obj              110     0         0      
       copy_decompress_lzss.c.obj     104     0         0      
       s_frexp.c.obj                  100     0         0      
       sprintf.c.obj                  98      0         0      
       _ltoa.c.obj                    84      0         0      
       atoi.c.obj                     76      0         0      
       fd_toi_t2.asm.obj              72      0         0      
       autoinit.c.obj                 68      0         0      
       fs_tod_t2.asm.obj              56      0         0      
       boot_cortex_m.c.obj            52      0         0      
       i_tofd_t2.asm.obj              46      0         0      
       u_tofd_t2.asm.obj              32      0         0      
       copy_zero_init.c.obj           28      0         0      
       memccpy.c.obj                  28      0         0      
       s_copysign.c.obj               26      0         0      
       strcmp.c.obj                   24      0         0      
       strchr.c.obj                   22      0         0      
       strcpy.c.obj                   20      0         0      
       strlen.c.obj                   20      0         0      
       wcslen.c.obj                   18      0         0      
       copy_decompress_none.c.obj     14      0         0      
       errno.c.obj                    8       0         4      
       _lock.c.obj                    2       0         8      
       exit.c.obj                     4       0         0      
       pre_init.c.obj                 4       0         0      
       div0.asm.obj                   2       0         0      
    +--+------------------------------+-------+---------+---------+
       Total:                         20145   793       20     
                                                               
       Heap:                          0       0         4096   
       Stack:                         0       0         4096   
       Linker Generated:              0       84        0      
    +--+------------------------------+-------+---------+---------+
       Grand Total:                   29157   1574      9030   


LINKER GENERATED COPY TABLES

__TI_cinit_table @ 00007810 records: 3, size/record: 8, table size: 24
	.data: load addr=000077d0, load size=00000020 bytes, run addr=200022fc, run size=00000050 bytes, compression=lzss
	.bss: load addr=00007800, load size=00000008 bytes, run addr=20002270, run size=0000008c bytes, compression=zero_init
	.vtable: load addr=00007808, load size=00000008 bytes, run addr=20000000, run size=0000026c bytes, compression=zero_init


LINKER GENERATED HANDLER TABLE

__TI_handler_table @ 000077f0 records: 3, size/record: 4, table size: 12
	index: 0, handler: __TI_zero_init
	index: 1, handler: __TI_decompress_lzss
	index: 2, handler: __TI_decompress_none


GLOBAL SYMBOLS: SORTED ALPHABETICALLY BY Name 

address   name                          
-------   ----                          
00007459  C$$EXIT                       
00007421  CPUcpsie                      
20002328  CUR_OVERFLOW                  
20002320  END_TIME                      
00000bc3  GPIOF_Handler                 
000073f3  IntMasterEnable               
000071c5  IntRegister                   
20002324  OVERFLOW                      
0000742d  ResetISR                      
2000231c  START_TIME                    
2000232c  STATE                         
00004be9  TIMER3B_Handler               
0000556f  UART1_Handler                 
20001270  __STACK_END                   
00001000  __STACK_SIZE                  
20000470  __STACK_TOP                   
00001000  __SYSMEM_SIZE                 
00007810  __TI_CINIT_Base               
00007828  __TI_CINIT_Limit              
000077f0  __TI_Handler_Table_Base       
000077fc  __TI_Handler_Table_Limit      
00007051  __TI_auto_init_nobinit_nopinit
00006df5  __TI_decompress_lzss          
00007413  __TI_decompress_none          
00006f17  __TI_ltoa                     
ffffffff  __TI_pprof_out_hndl           
00000e8d  __TI_printfi                  
ffffffff  __TI_prof_data_size           
ffffffff  __TI_prof_data_start          
00000000  __TI_static_base__            
000072d5  __TI_zero_init_nomemset       
00006b21  __aeabi_cdcmpeq               
00006b21  __aeabi_cdcmple               
00006ba7  __aeabi_cdrcmple              
00006d87  __aeabi_d2f                   
00007009  __aeabi_d2iz                  
000057ff  __aeabi_dadd                  
000061f9  __aeabi_ddiv                  
00006665  __aeabi_dmul                  
000057f5  __aeabi_dsub                  
00007445  __aeabi_errno_addr            
0000718d  __aeabi_f2d                   
0000725d  __aeabi_i2d                   
000059ab  __aeabi_idiv0                 
000059ab  __aeabi_ldiv0                 
00006c2d  __aeabi_memclr                
00006c2d  __aeabi_memclr4               
00006c2d  __aeabi_memclr8               
000069ef  __aeabi_memcpy                
000069ef  __aeabi_memcpy4               
000069ef  __aeabi_memcpy8               
00006c2f  __aeabi_memset                
00006c2f  __aeabi_memset4               
00006c2f  __aeabi_memset8               
000072b5  __aeabi_ui2d                  
00006a8b  __aeabi_uldivmod              
ffffffff  __binit__                     
ffffffff  __c_args__                    
00005cb1  __kernel_cos                  
000022ad  __kernel_rem_pio2             
00005b3d  __kernel_sin                  
0000478d  __kernel_tan                  
UNDEFED   __mpu_init                    
20000270  __stack                       
20000000  __start___llvm_prf_cnts       
20000000  __stop___llvm_prf_cnts        
000071f9  _c_int00_noargs               
000075b8  _ctypes_                      
20002330  _lock                         
000018db  _nop                          
2000232d  _running                      
20001270  _sys_memory                   
UNDEFED   _system_post_cinit            
00007455  _system_pre_init              
200022dc  _timeout_ticks                
20002334  _unlock                       
00007459  abort                         
00005f79  adc_init                      
00006035  adc_read                      
00006565  aligned_alloc                 
200022e0  ang                           
00006fbd  atoi                          
ffffffff  binit                         
00007155  calloc                        
00004369  check_Interrupts              
200022e8  clockwise                     
20002340  command_byte                  
20002344  command_flag                  
00007329  copysign                      
00007329  copysignl                     
00002fc5  cos                           
00002fc5  cosl                          
200022ec  cyBot_angle                   
200022f0  cyBot_x                       
200022f4  cyBot_y                       
20002348  errno                         
00006761  floor                         
00006761  floorl                        
000051d5  fmod                          
000051d5  fmodl                         
00006859  free                          
00006e5d  frexp                         
00006e5d  frexpl                        
20000000  g_pfnRAMVectors               
00000000  g_pfnVectors                  
0000097f  go_charge                     
00007403  lcd_clear                     
000045b9  lcd_gotoLine                  
00004421  lcd_init                      
0000461f  lcd_printf                    
000044e1  lcd_putc                      
00004519  lcd_puts                      
000043e5  lcd_reverseNibble             
000046f1  lcd_rotatingBanner            
00004537  lcd_sendCommand               
00004575  lcd_sendNibble                
000045e1  lcd_setCursorPos              
00006455  ldexp                         
00006455  ldexpl                        
000035a1  main                          
0000744d  malloc                        
00006565  memalign                      
0000730d  memccpy                       
000069ef  memcpy                        
00006c35  memset                        
200022fc  motor_cal_factor_L            
20002300  motor_cal_factor_R            
000041e3  move_backward                 
00003fe1  move_forward                  
00003fc5  movement_init                 
0000026d  oi_alloc                      
00000aa9  oi_checkFirmware              
000002c7  oi_close                      
00000279  oi_free                       
00000ded  oi_getMotorCalibrationLeft    
00000e01  oi_getMotorCalibrationRight   
000002b1  oi_init                       
00000289  oi_init_noupdate              
00000915  oi_loadSong                   
00007373  oi_parseInt                   
0000032b  oi_parsePacket                
0000096b  oi_play_song                  
0000084b  oi_setLeds                    
00000db1  oi_setMotorCalibration        
0000088f  oi_setWheels                  
00000b51  oi_shutoff_init               
0000098d  oi_uartInit                   
00000a31  oi_uartReceive                
00000a77  oi_uartSendBuff               
00000a15  oi_uartSendChar               
00000a59  oi_uartSendStr                
000002d9  oi_update                     
00004c29  ping_getDistance              
00004aa9  ping_init                     
00004b5b  ping_trigger                  
000018dd  pow                           
000018dd  powl                          
00006455  scalbn                        
00006455  scalbnl                       
200022f8  sensor                        
000059ad  servo_init                    
00005a6b  servo_move                    
000029e5  sin                           
000029e5  sinl                          
00007095  sprintf                       
00005e21  sqrt                          
00005e21  sqrtl                         
000073a3  strchr                        
0000738b  strcmp                        
000073b9  strcpy                        
000073cd  strlen                        
00003abd  tan                           
00003abd  tanl                          
000050ab  timer_getMicros               
00005053  timer_getMillis               
00004f8d  timer_init                    
0000502f  timer_pause                   
00005041  timer_resume                  
00005005  timer_stop                    
00005105  timer_waitMicros              
00005137  timer_waitMillis              
0000417b  turn_left                     
00004113  turn_right                    
00005409  uart_interrupt_init           
00005501  uart_receive                  
00005529  uart_receive_nonblocking      
000054dd  uart_sendChar                 
00005551  uart_sendStr                  
000070d5  vsnprintf                     
000073e1  wcslen                        


GLOBAL SYMBOLS: SORTED BY Symbol Address 

address   name                          
-------   ----                          
00000000  __TI_static_base__            
00000000  g_pfnVectors                  
0000026d  oi_alloc                      
00000279  oi_free                       
00000289  oi_init_noupdate              
000002b1  oi_init                       
000002c7  oi_close                      
000002d9  oi_update                     
0000032b  oi_parsePacket                
0000084b  oi_setLeds                    
0000088f  oi_setWheels                  
00000915  oi_loadSong                   
0000096b  oi_play_song                  
0000097f  go_charge                     
0000098d  oi_uartInit                   
00000a15  oi_uartSendChar               
00000a31  oi_uartReceive                
00000a59  oi_uartSendStr                
00000a77  oi_uartSendBuff               
00000aa9  oi_checkFirmware              
00000b51  oi_shutoff_init               
00000bc3  GPIOF_Handler                 
00000db1  oi_setMotorCalibration        
00000ded  oi_getMotorCalibrationLeft    
00000e01  oi_getMotorCalibrationRight   
00000e8d  __TI_printfi                  
00001000  __STACK_SIZE                  
00001000  __SYSMEM_SIZE                 
000018db  _nop                          
000018dd  pow                           
000018dd  powl                          
000022ad  __kernel_rem_pio2             
000029e5  sin                           
000029e5  sinl                          
00002fc5  cos                           
00002fc5  cosl                          
000035a1  main                          
00003abd  tan                           
00003abd  tanl                          
00003fc5  movement_init                 
00003fe1  move_forward                  
00004113  turn_right                    
0000417b  turn_left                     
000041e3  move_backward                 
00004369  check_Interrupts              
000043e5  lcd_reverseNibble             
00004421  lcd_init                      
000044e1  lcd_putc                      
00004519  lcd_puts                      
00004537  lcd_sendCommand               
00004575  lcd_sendNibble                
000045b9  lcd_gotoLine                  
000045e1  lcd_setCursorPos              
0000461f  lcd_printf                    
000046f1  lcd_rotatingBanner            
0000478d  __kernel_tan                  
00004aa9  ping_init                     
00004b5b  ping_trigger                  
00004be9  TIMER3B_Handler               
00004c29  ping_getDistance              
00004f8d  timer_init                    
00005005  timer_stop                    
0000502f  timer_pause                   
00005041  timer_resume                  
00005053  timer_getMillis               
000050ab  timer_getMicros               
00005105  timer_waitMicros              
00005137  timer_waitMillis              
000051d5  fmod                          
000051d5  fmodl                         
00005409  uart_interrupt_init           
000054dd  uart_sendChar                 
00005501  uart_receive                  
00005529  uart_receive_nonblocking      
00005551  uart_sendStr                  
0000556f  UART1_Handler                 
000057f5  __aeabi_dsub                  
000057ff  __aeabi_dadd                  
000059ab  __aeabi_idiv0                 
000059ab  __aeabi_ldiv0                 
000059ad  servo_init                    
00005a6b  servo_move                    
00005b3d  __kernel_sin                  
00005cb1  __kernel_cos                  
00005e21  sqrt                          
00005e21  sqrtl                         
00005f79  adc_init                      
00006035  adc_read                      
000061f9  __aeabi_ddiv                  
00006455  ldexp                         
00006455  ldexpl                        
00006455  scalbn                        
00006455  scalbnl                       
00006565  aligned_alloc                 
00006565  memalign                      
00006665  __aeabi_dmul                  
00006761  floor                         
00006761  floorl                        
00006859  free                          
000069ef  __aeabi_memcpy                
000069ef  __aeabi_memcpy4               
000069ef  __aeabi_memcpy8               
000069ef  memcpy                        
00006a8b  __aeabi_uldivmod              
00006b21  __aeabi_cdcmpeq               
00006b21  __aeabi_cdcmple               
00006ba7  __aeabi_cdrcmple              
00006c2d  __aeabi_memclr                
00006c2d  __aeabi_memclr4               
00006c2d  __aeabi_memclr8               
00006c2f  __aeabi_memset                
00006c2f  __aeabi_memset4               
00006c2f  __aeabi_memset8               
00006c35  memset                        
00006d87  __aeabi_d2f                   
00006df5  __TI_decompress_lzss          
00006e5d  frexp                         
00006e5d  frexpl                        
00006f17  __TI_ltoa                     
00006fbd  atoi                          
00007009  __aeabi_d2iz                  
00007051  __TI_auto_init_nobinit_nopinit
00007095  sprintf                       
000070d5  vsnprintf                     
00007155  calloc                        
0000718d  __aeabi_f2d                   
000071c5  IntRegister                   
000071f9  _c_int00_noargs               
0000725d  __aeabi_i2d                   
000072b5  __aeabi_ui2d                  
000072d5  __TI_zero_init_nomemset       
0000730d  memccpy                       
00007329  copysign                      
00007329  copysignl                     
00007373  oi_parseInt                   
0000738b  strcmp                        
000073a3  strchr                        
000073b9  strcpy                        
000073cd  strlen                        
000073e1  wcslen                        
000073f3  IntMasterEnable               
00007403  lcd_clear                     
00007413  __TI_decompress_none          
00007421  CPUcpsie                      
0000742d  ResetISR                      
00007445  __aeabi_errno_addr            
0000744d  malloc                        
00007455  _system_pre_init              
00007459  C$$EXIT                       
00007459  abort                         
000075b8  _ctypes_                      
000077f0  __TI_Handler_Table_Base       
000077fc  __TI_Handler_Table_Limit      
00007810  __TI_CINIT_Base               
00007828  __TI_CINIT_Limit              
20000000  __start___llvm_prf_cnts       
20000000  __stop___llvm_prf_cnts        
20000000  g_pfnRAMVectors               
20000270  __stack                       
20000470  __STACK_TOP                   
20001270  __STACK_END                   
20001270  _sys_memory                   
200022dc  _timeout_ticks                
200022e0  ang                           
200022e8  clockwise                     
200022ec  cyBot_angle                   
200022f0  cyBot_x                       
200022f4  cyBot_y                       
200022f8  sensor                        
200022fc  motor_cal_factor_L            
20002300  motor_cal_factor_R            
2000231c  START_TIME                    
20002320  END_TIME                      
20002324  OVERFLOW                      
20002328  CUR_OVERFLOW                  
2000232c  STATE                         
2000232d  _running                      
20002330  _lock                         
20002334  _unlock                       
20002340  command_byte                  
20002344  command_flag                  
20002348  errno                         
ffffffff  __TI_pprof_out_hndl           
ffffffff  __TI_prof_data_size           
ffffffff  __TI_prof_data_start          
ffffffff  __binit__                     
ffffffff  __c_args__                    
ffffffff  binit                         
UNDEFED   __mpu_init                    
UNDEFED   _system_post_cinit            

[190 symbols]
