******************************************************************************
                  TI ARM Linker PC v20.2.6                     
******************************************************************************
>> Linked Fri Apr 14 12:08:31 2023

OUTPUT FILE NAME:   <Lab10.out>
ENTRY POINT SYMBOL: "_c_int00_noargs"  address: 00002a15


MEMORY CONFIGURATION

         name            origin    length      used     unused   attr    fill
----------------------  --------  ---------  --------  --------  ----  --------
  FLASH                 00000000   00040000  00002d6f  0003d291  R  X
  SRAM                  20000000   00008000  000022e8  00005d18  RW X


SEGMENT ALLOCATION MAP

run origin  load origin   length   init length attrs members
----------  ----------- ---------- ----------- ----- -------
00000000    00000000    00002d70   00002d70    r-x
  00000000    00000000    0000026c   0000026c    r-- .intvecs
  0000026c    0000026c    00002984   00002984    r-x .text
  00002bf0    00002bf0    0000013f   0000013f    r-- .const
  00002d30    00002d30    00000040   00000040    r-- .cinit
20000000    20000000    000022ec   00000000    rw-
  20000000    20000000    0000026c   00000000    rw- .vtable
  20000270    20000270    00001000   00000000    rw- .stack
  20001270    20001270    00001000   00000000    rw- .sysmem
  20002270    20002270    00000064   00000000    rw- .bss
  200022d4    200022d4    00000018   00000000    rw- .data


SECTION ALLOCATION MAP

 output                                  attributes/
section   page    origin      length       input sections
--------  ----  ----------  ----------   ----------------
.intvecs   0    00000000    0000026c     
                  00000000    0000026c     tm4c123gh6pm_startup_ccs.obj (.intvecs)

.text      0    0000026c    00002984     
                  0000026c    00000a4e     rtsv7M4_T_le_v4SPD16_eabi.lib : _printfi.c.obj (.text:__TI_printfi)
                  00000cba    00000002                                   : div0.asm.obj (.text)
                  00000cbc    000003a8     lcd.obj (.text)
                  00001064    00000274     ping_template.obj (.text)
                  000012d8    00000270     rtsv7M4_T_le_v4SPD16_eabi.lib : _printfi.c.obj (.text:_pconv_a)
                  00001548    00000248     Timer.obj (.text)
                  00001790    000001d0     rtsv7M4_T_le_v4SPD16_eabi.lib : _printfi.c.obj (.text:_pconv_g)
                  00001960    000001b6                                   : fd_add_t2.asm.obj (.text)
                  00001b16    00000002     --HOLE-- [fill = 0]
                  00001b18    00000180     servo.obj (.text)
                  00001c98    0000013c     rtsv7M4_T_le_v4SPD16_eabi.lib : _printfi.c.obj (.text:_pconv_e)
                  00001dd4    00000136                                   : fd_div_t2.asm.obj (.text)
                  00001f0a    00000002     --HOLE-- [fill = 0]
                  00001f0c    00000124                                   : _printfi.c.obj (.text:fcvt)
                  00002030    00000110                                   : s_scalbn.c.obj (.text:scalbn)
                  00002140    000000fc                                   : fd_mul_t2.asm.obj (.text)
                  0000223c    000000b1                                   : _printfi.c.obj (.text:_ltostr)
                  000022ed    00000001     --HOLE-- [fill = 0]
                  000022ee    0000009c                                   : memcpy_t2.asm.obj (.text)
                  0000238a    00000096                                   : ull_div_t2.asm.obj (.text)
                  00002420    00000086                                   : fd_cmp_t2.asm.obj (.text:__aeabi_cdcmple)
                  000024a6    00000086                                   : fd_cmp_t2.asm.obj (.text:__aeabi_cdrcmple)
                  0000252c    0000007a                                   : memset_t2.asm.obj (.text)
                  000025a6    0000006e                                   : _printfi.c.obj (.text:_mcpy)
                  00002614    0000006e                                   : fd_tos_t2.asm.obj (.text)
                  00002682    00000068                                   : copy_decompress_lzss.c.obj (.text:decompress:lzss:__TI_decompress_lzss)
                  000026ea    00000002     --HOLE-- [fill = 0]
                  000026ec    00000064                                   : s_frexp.c.obj (.text:frexp)
                  00002750    00000056                                   : _printfi.c.obj (.text:_pconv_f)
                  000027a6    00000054                                   : _ltoa.c.obj (.text:__TI_ltoa)
                  000027fa    00000052                                   : _printfi.c.obj (.text:_ecpy)
                  0000284c    0000004c                                   : atoi.c.obj (.text:atoi)
                  00002898    00000048                                   : fd_toi_t2.asm.obj (.text)
                  000028e0    00000044                                   : autoinit.c.obj (.text:__TI_auto_init_nobinit_nopinit:__TI_auto_init_nobinit_nopinit)
                  00002924    00000040                                   : vsnprintf.c.obj (.text:vsnprintf)
                  00002964    0000003e                                   : _printfi.c.obj (.text:_fcpy)
                  000029a2    0000003e     main.obj (.text)
                  000029e0    00000034     driverlib.lib : interrupt.obj (.text:IntRegister)
                  00002a14    00000034     rtsv7M4_T_le_v4SPD16_eabi.lib : boot_cortex_m.c.obj (.text:_c_int00_noargs:_c_int00_noargs)
                  00002a48    00000030                                   : vsnprintf.c.obj (.text:_outs)
                  00002a78    0000002e                                   : i_tofd_t2.asm.obj (.text)
                  00002aa6    00000020                                   : u_tofd_t2.asm.obj (.text)
                  00002ac6    0000001c                                   : copy_zero_init.c.obj (.text:decompress:ZI:__TI_zero_init_nomemset:__TI_zero_init_nomemset)
                  00002ae2    0000001c                                   : memccpy.c.obj (.text:memccpy)
                  00002afe    0000001a                                   : s_copysign.c.obj (.text:copysign)
                  00002b18    00000018                                   : vsnprintf.c.obj (.text:_outc)
                  00002b30    00000018                                   : strcmp.c.obj (.text:strcmp)
                  00002b48    00000016                                   : strchr.c.obj (.text:strchr)
                  00002b5e    00000014                                   : strcpy.c.obj (.text:strcpy)
                  00002b72    00000014                                   : strlen.c.obj (.text:strlen)
                  00002b86    00000012                                   : wcslen.c.obj (.text:wcslen)
                  00002b98    00000010     driverlib.lib : interrupt.obj (.text:IntMasterEnable)
                  00002ba8    00000010     lcd.obj (.text:lcd_clear)
                  00002bb8    0000000e     rtsv7M4_T_le_v4SPD16_eabi.lib : copy_decompress_none.c.obj (.text:decompress:none:__TI_decompress_none)
                  00002bc6    0000000c     driverlib.lib : cpu.obj (.text:CPUcpsie)
                  00002bd2    0000000c     tm4c123gh6pm_startup_ccs.obj (.text)
                  00002bde    00000002     --HOLE-- [fill = 0]
                  00002be0    00000008     rtsv7M4_T_le_v4SPD16_eabi.lib : errno.c.obj (.text:__aeabi_errno_addr)
                  00002be8    00000004                                   : pre_init.c.obj (.text:_system_pre_init)
                  00002bec    00000004                                   : exit.c.obj (.text:abort:abort)

.const     0    00002bf0    0000013f     
                  00002bf0    00000101     rtsv7M4_T_le_v4SPD16_eabi.lib : ctype.c.obj (.const:.string:_ctypes_)
                  00002cf1    00000036     lcd.obj (.const:.string:$P$T0$4)
                  00002d27    00000004     lcd.obj (.const:.string:lineAddress$1)
                  00002d2b    00000004     lcd.obj (.const:.string:lineAddresses$2)

.cinit     0    00002d30    00000040     
                  00002d30    0000000c     (__TI_handler_table)
                  00002d3c    00000004     --HOLE-- [fill = 0]
                  00002d40    00000008     (.cinit..bss.load) [load image, compression = zero_init]
                  00002d48    00000008     (.cinit..data.load) [load image, compression = lzss]
                  00002d50    00000008     (.cinit..vtable.load) [load image, compression = zero_init]
                  00002d58    00000018     (__TI_cinit_table)

.init_array 
*          0    00000000    00000000     UNINITIALIZED

.vtable    0    20000000    0000026c     UNINITIALIZED
                  20000000    0000026c     driverlib.lib : interrupt.obj (.vtable)

.stack     0    20000270    00001000     UNINITIALIZED
                  20000270    00000004     rtsv7M4_T_le_v4SPD16_eabi.lib : boot_cortex_m.c.obj (.stack)
                  20000274    00000ffc     --HOLE--

.sysmem    0    20001270    00001000     UNINITIALIZED
                  20001270    00000010     rtsv7M4_T_le_v4SPD16_eabi.lib : memory.c.obj (.sysmem)
                  20001280    00000ff0     --HOLE--

.bss       0    20002270    00000064     UNINITIALIZED
                  20002270    00000054     lcd.obj (.bss:lastbuffer$3)
                  200022c4    00000004     (.common:_timeout_ticks)
                  200022c8    00000008     (.common:ang)
                  200022d0    00000004     (.common:clockwise)

.data      0    200022d4    00000018     UNINITIALIZED
                  200022d4    00000011     ping_template.obj (.data)
                  200022e5    00000001     Timer.obj (.data)
                  200022e6    00000002     --HOLE--
                  200022e8    00000004     rtsv7M4_T_le_v4SPD16_eabi.lib : errno.c.obj (.data)

__llvm_prf_cnts 
*          0    20000000    00000000     UNINITIALIZED

MODULE SUMMARY

       Module                         code    ro data   rw data
       ------                         ----    -------   -------
    .\
       lcd.obj                        952     62        84     
       ping_template.obj              628     0         17     
       tm4c123gh6pm_startup_ccs.obj   12      620       0      
       Timer.obj                      584     0         5      
       servo.obj                      384     0         12     
       main.obj                       62      0         0      
    +--+------------------------------+-------+---------+---------+
       Total:                         2622    682       118    
                                                               
    C:/ti/TivaWare_C_Series-2.2.0.295/driverlib/ccs/Debug/driverlib.lib
       interrupt.obj                  68      0         620    
       cpu.obj                        12      0         0      
    +--+------------------------------+-------+---------+---------+
       Total:                         80      0         620    
                                                               
    C:\ti\ccs1200\ccs\tools\compiler\ti-cgt-arm_20.2.6.LTS\lib\rtsv7M4_T_le_v4SPD16_eabi.lib
       _printfi.c.obj                 4851    0         0      
       fd_add_t2.asm.obj              438     0         0      
       fd_div_t2.asm.obj              310     0         0      
       s_scalbn.c.obj                 272     0         0      
       fd_cmp_t2.asm.obj              268     0         0      
       ctype.c.obj                    0       257       0      
       fd_mul_t2.asm.obj              252     0         0      
       memcpy_t2.asm.obj              156     0         0      
       ull_div_t2.asm.obj             150     0         0      
       vsnprintf.c.obj                136     0         0      
       memset_t2.asm.obj              122     0         0      
       fd_tos_t2.asm.obj              110     0         0      
       copy_decompress_lzss.c.obj     104     0         0      
       s_frexp.c.obj                  100     0         0      
       _ltoa.c.obj                    84      0         0      
       atoi.c.obj                     76      0         0      
       fd_toi_t2.asm.obj              72      0         0      
       autoinit.c.obj                 68      0         0      
       boot_cortex_m.c.obj            52      0         0      
       i_tofd_t2.asm.obj              46      0         0      
       u_tofd_t2.asm.obj              32      0         0      
       copy_zero_init.c.obj           28      0         0      
       memccpy.c.obj                  28      0         0      
       s_copysign.c.obj               26      0         0      
       strcmp.c.obj                   24      0         0      
       strchr.c.obj                   22      0         0      
       strcpy.c.obj                   20      0         0      
       strlen.c.obj                   20      0         0      
       wcslen.c.obj                   18      0         0      
       copy_decompress_none.c.obj     14      0         0      
       errno.c.obj                    8       0         4      
       exit.c.obj                     4       0         0      
       pre_init.c.obj                 4       0         0      
       div0.asm.obj                   2       0         0      
    +--+------------------------------+-------+---------+---------+
       Total:                         7917    257       4      
                                                               
       Heap:                          0       0         4096   
       Stack:                         0       0         4096   
       Linker Generated:              0       60        0      
    +--+------------------------------+-------+---------+---------+
       Grand Total:                   10619   999       8934   


LINKER GENERATED COPY TABLES

__TI_cinit_table @ 00002d58 records: 3, size/record: 8, table size: 24
	.bss: load addr=00002d40, load size=00000008 bytes, run addr=20002270, run size=00000064 bytes, compression=zero_init
	.data: load addr=00002d48, load size=00000008 bytes, run addr=200022d4, run size=00000018 bytes, compression=lzss
	.vtable: load addr=00002d50, load size=00000008 bytes, run addr=20000000, run size=0000026c bytes, compression=zero_init


LINKER GENERATED HANDLER TABLE

__TI_handler_table @ 00002d30 records: 3, size/record: 4, table size: 12
	index: 0, handler: __TI_zero_init
	index: 1, handler: __TI_decompress_lzss
	index: 2, handler: __TI_decompress_none


GLOBAL SYMBOLS: SORTED ALPHABETICALLY BY Name 

address   name                          
-------   ----                          
00002bed  C$$EXIT                       
00002bc7  CPUcpsie                      
200022e0  CUR_OVERFLOW                  
200022d8  END_TIME                      
00002b99  IntMasterEnable               
000029e1  IntRegister                   
200022dc  OVERFLOW                      
00002bd3  ResetISR                      
200022d4  START_TIME                    
200022e4  STATE                         
000011a5  TIMER3B_Handler               
20001270  __STACK_END                   
00001000  __STACK_SIZE                  
20000470  __STACK_TOP                   
00001000  __SYSMEM_SIZE                 
00002d58  __TI_CINIT_Base               
00002d70  __TI_CINIT_Limit              
00002d30  __TI_Handler_Table_Base       
00002d3c  __TI_Handler_Table_Limit      
000028e1  __TI_auto_init_nobinit_nopinit
00002683  __TI_decompress_lzss          
00002bb9  __TI_decompress_none          
000027a7  __TI_ltoa                     
ffffffff  __TI_pprof_out_hndl           
0000026d  __TI_printfi                  
ffffffff  __TI_prof_data_size           
ffffffff  __TI_prof_data_start          
00000000  __TI_static_base__            
00002ac7  __TI_zero_init_nomemset       
00002421  __aeabi_cdcmpeq               
00002421  __aeabi_cdcmple               
000024a7  __aeabi_cdrcmple              
00002615  __aeabi_d2f                   
00002899  __aeabi_d2iz                  
0000196b  __aeabi_dadd                  
00001dd5  __aeabi_ddiv                  
00002141  __aeabi_dmul                  
00001961  __aeabi_dsub                  
00002be1  __aeabi_errno_addr            
00002a79  __aeabi_i2d                   
00000cbb  __aeabi_idiv0                 
00000cbb  __aeabi_ldiv0                 
0000252d  __aeabi_memclr                
0000252d  __aeabi_memclr4               
0000252d  __aeabi_memclr8               
000022ef  __aeabi_memcpy                
000022ef  __aeabi_memcpy4               
000022ef  __aeabi_memcpy8               
0000252f  __aeabi_memset                
0000252f  __aeabi_memset4               
0000252f  __aeabi_memset8               
00002aa7  __aeabi_ui2d                  
0000238b  __aeabi_uldivmod              
ffffffff  __binit__                     
ffffffff  __c_args__                    
UNDEFED   __mpu_init                    
20000270  __stack                       
20000000  __start___llvm_prf_cnts       
20000000  __stop___llvm_prf_cnts        
00002a15  _c_int00_noargs               
00002bf0  _ctypes_                      
200022e5  _running                      
20001270  _sys_memory                   
UNDEFED   _system_post_cinit            
00002be9  _system_pre_init              
200022c4  _timeout_ticks                
00002bed  abort                         
200022c8  ang                           
0000284d  atoi                          
ffffffff  binit                         
200022d0  clockwise                     
00002aff  copysign                      
00002aff  copysignl                     
200022e8  errno                         
000026ed  frexp                         
000026ed  frexpl                        
20000000  g_pfnRAMVectors               
00000000  g_pfnVectors                  
00002ba9  lcd_clear                     
00000e91  lcd_gotoLine                  
00000cf9  lcd_init                      
00000ef7  lcd_printf                    
00000db9  lcd_putc                      
00000df1  lcd_puts                      
00000cbd  lcd_reverseNibble             
00000fc9  lcd_rotatingBanner            
00000e0f  lcd_sendCommand               
00000e4d  lcd_sendNibble                
00000eb9  lcd_setCursorPos              
00002031  ldexp                         
00002031  ldexpl                        
000029a3  main                          
00002ae3  memccpy                       
000022ef  memcpy                        
00002535  memset                        
000011e5  ping_getDistance              
00001065  ping_init                     
00001117  ping_trigger                  
00002031  scalbn                        
00002031  scalbnl                       
00001b19  servo_init                    
00001bd7  servo_move                    
00002b49  strchr                        
00002b31  strcmp                        
00002b5f  strcpy                        
00002b73  strlen                        
00001667  timer_getMicros               
0000160f  timer_getMillis               
00001549  timer_init                    
000015eb  timer_pause                   
000015fd  timer_resume                  
000015c1  timer_stop                    
000016c1  timer_waitMicros              
000016f3  timer_waitMillis              
00002925  vsnprintf                     
00002b87  wcslen                        


GLOBAL SYMBOLS: SORTED BY Symbol Address 

address   name                          
-------   ----                          
00000000  __TI_static_base__            
00000000  g_pfnVectors                  
0000026d  __TI_printfi                  
00000cbb  __aeabi_idiv0                 
00000cbb  __aeabi_ldiv0                 
00000cbd  lcd_reverseNibble             
00000cf9  lcd_init                      
00000db9  lcd_putc                      
00000df1  lcd_puts                      
00000e0f  lcd_sendCommand               
00000e4d  lcd_sendNibble                
00000e91  lcd_gotoLine                  
00000eb9  lcd_setCursorPos              
00000ef7  lcd_printf                    
00000fc9  lcd_rotatingBanner            
00001000  __STACK_SIZE                  
00001000  __SYSMEM_SIZE                 
00001065  ping_init                     
00001117  ping_trigger                  
000011a5  TIMER3B_Handler               
000011e5  ping_getDistance              
00001549  timer_init                    
000015c1  timer_stop                    
000015eb  timer_pause                   
000015fd  timer_resume                  
0000160f  timer_getMillis               
00001667  timer_getMicros               
000016c1  timer_waitMicros              
000016f3  timer_waitMillis              
00001961  __aeabi_dsub                  
0000196b  __aeabi_dadd                  
00001b19  servo_init                    
00001bd7  servo_move                    
00001dd5  __aeabi_ddiv                  
00002031  ldexp                         
00002031  ldexpl                        
00002031  scalbn                        
00002031  scalbnl                       
00002141  __aeabi_dmul                  
000022ef  __aeabi_memcpy                
000022ef  __aeabi_memcpy4               
000022ef  __aeabi_memcpy8               
000022ef  memcpy                        
0000238b  __aeabi_uldivmod              
00002421  __aeabi_cdcmpeq               
00002421  __aeabi_cdcmple               
000024a7  __aeabi_cdrcmple              
0000252d  __aeabi_memclr                
0000252d  __aeabi_memclr4               
0000252d  __aeabi_memclr8               
0000252f  __aeabi_memset                
0000252f  __aeabi_memset4               
0000252f  __aeabi_memset8               
00002535  memset                        
00002615  __aeabi_d2f                   
00002683  __TI_decompress_lzss          
000026ed  frexp                         
000026ed  frexpl                        
000027a7  __TI_ltoa                     
0000284d  atoi                          
00002899  __aeabi_d2iz                  
000028e1  __TI_auto_init_nobinit_nopinit
00002925  vsnprintf                     
000029a3  main                          
000029e1  IntRegister                   
00002a15  _c_int00_noargs               
00002a79  __aeabi_i2d                   
00002aa7  __aeabi_ui2d                  
00002ac7  __TI_zero_init_nomemset       
00002ae3  memccpy                       
00002aff  copysign                      
00002aff  copysignl                     
00002b31  strcmp                        
00002b49  strchr                        
00002b5f  strcpy                        
00002b73  strlen                        
00002b87  wcslen                        
00002b99  IntMasterEnable               
00002ba9  lcd_clear                     
00002bb9  __TI_decompress_none          
00002bc7  CPUcpsie                      
00002bd3  ResetISR                      
00002be1  __aeabi_errno_addr            
00002be9  _system_pre_init              
00002bed  C$$EXIT                       
00002bed  abort                         
00002bf0  _ctypes_                      
00002d30  __TI_Handler_Table_Base       
00002d3c  __TI_Handler_Table_Limit      
00002d58  __TI_CINIT_Base               
00002d70  __TI_CINIT_Limit              
20000000  __start___llvm_prf_cnts       
20000000  __stop___llvm_prf_cnts        
20000000  g_pfnRAMVectors               
20000270  __stack                       
20000470  __STACK_TOP                   
20001270  __STACK_END                   
20001270  _sys_memory                   
200022c4  _timeout_ticks                
200022c8  ang                           
200022d0  clockwise                     
200022d4  START_TIME                    
200022d8  END_TIME                      
200022dc  OVERFLOW                      
200022e0  CUR_OVERFLOW                  
200022e4  STATE                         
200022e5  _running                      
200022e8  errno                         
ffffffff  __TI_pprof_out_hndl           
ffffffff  __TI_prof_data_size           
ffffffff  __TI_prof_data_start          
ffffffff  __binit__                     
ffffffff  __c_args__                    
ffffffff  binit                         
UNDEFED   __mpu_init                    
UNDEFED   _system_post_cinit            

[116 symbols]
