******************************************************************************
                  TI ARM Linker PC v20.2.6                     
******************************************************************************
>> Linked Thu Mar 23 19:30:41 2023

OUTPUT FILE NAME:   <Lab7.out>
ENTRY POINT SYMBOL: "_c_int00_noargs"  address: 0000472d


MEMORY CONFIGURATION

         name            origin    length      used     unused   attr    fill
----------------------  --------  ---------  --------  --------  ----  --------
  FLASH                 00000000   00040000  00004b27  0003b4d9  R  X
  SRAM                  20000000   00008000  00002336  00005cca  RW X


SEGMENT ALLOCATION MAP

run origin  load origin   length   init length attrs members
----------  ----------- ---------- ----------- ----- -------
00000000    00000000    00004b28   00004b28    r-x
  00000000    00000000    0000026c   0000026c    r-- .intvecs
  0000026c    0000026c    00004704   00004704    r-x .text
  00004970    00004970    0000015f   0000015f    r-- .const
  00004ad0    00004ad0    00000058   00000058    r-- .cinit
20000000    20000000    0000233d   00000000    rw-
  20000000    20000000    0000026c   00000000    rw- .vtable
  20000270    20000270    00001000   00000000    rw- .stack
  20001270    20001270    00001000   00000000    rw- .sysmem
  20002270    20002270    00000089   00000000    rw- .bss
  200022fc    200022fc    00000041   00000000    rw- .data


SECTION ALLOCATION MAP

 output                                  attributes/
section   page    origin      length       input sections
--------  ----  ----------  ----------   ----------------
.intvecs   0    00000000    0000026c     
                  00000000    0000026c     tm4c123gh6pm_startup_ccs.obj (.intvecs)

.text      0    0000026c    00004704     
                  0000026c    00000c20     open_interface.obj (.text)
                  00000e8c    00000a4e     rtsv7M4_T_le_v4SPD16_eabi.lib : _printfi.c.obj (.text:__TI_printfi)
                  000018da    00000002                                   : _lock.c.obj (.text:_nop)
                  000018dc    0000046c     main.obj (.text)
                  00001d48    000003a8     lcd.obj (.text)
                  000020f0    00000270     rtsv7M4_T_le_v4SPD16_eabi.lib : _printfi.c.obj (.text:_pconv_a)
                  00002360    00000260     libcybotScan.lib : cyBot_Scan.obj (.text)
                  000025c0    00000248     Timer.obj (.text)
                  00002808    00000234     rtsv7M4_T_le_v4SPD16_eabi.lib : e_fmod.c.obj (.text:fmod)
                  00002a3c    0000021c     uart-interrupt.obj (.text)
                  00002c58    000001ec     libcybotScan.lib : ping.obj (.text)
                  00002e44    000001d0     rtsv7M4_T_le_v4SPD16_eabi.lib : _printfi.c.obj (.text:_pconv_g)
                  00003014    000001b6                                   : fd_add_t2.asm.obj (.text)
                  000031ca    00000002                                   : div0.asm.obj (.text)
                  000031cc    000001b4     movement.obj (.text)
                  00003380    00000158     libcybotScan.lib : servo.obj (.text)
                  000034d8    0000013c     rtsv7M4_T_le_v4SPD16_eabi.lib : _printfi.c.obj (.text:_pconv_e)
                  00003614    00000136                                   : fd_div_t2.asm.obj (.text)
                  0000374a    00000002     --HOLE-- [fill = 0]
                  0000374c    00000124                                   : _printfi.c.obj (.text:fcvt)
                  00003870    00000118     libcybotScan.lib : ir.obj (.text)
                  00003988    00000110     rtsv7M4_T_le_v4SPD16_eabi.lib : s_scalbn.c.obj (.text:scalbn)
                  00003a98    00000100                                   : memory.c.obj (.text:aligned_alloc)
                  00003b98    000000fc                                   : fd_mul_t2.asm.obj (.text)
                  00003c94    000000f8                                   : s_floor.c.obj (.text:floor)
                  00003d8c    000000e4                                   : memory.c.obj (.text:free)
                  00003e70    000000b1                                   : _printfi.c.obj (.text:_ltostr)
                  00003f21    00000001     --HOLE-- [fill = 0]
                  00003f22    0000009c                                   : memcpy_t2.asm.obj (.text)
                  00003fbe    00000096                                   : ull_div_t2.asm.obj (.text)
                  00004054    00000086                                   : fd_cmp_t2.asm.obj (.text:__aeabi_cdcmple)
                  000040da    00000086                                   : fd_cmp_t2.asm.obj (.text:__aeabi_cdrcmple)
                  00004160    0000007a                                   : memset_t2.asm.obj (.text)
                  000041da    00000002     --HOLE-- [fill = 0]
                  000041dc    00000070                                   : memory.c.obj (.text:split)
                  0000424c    0000006e                                   : _printfi.c.obj (.text:_mcpy)
                  000042ba    0000006e                                   : fd_tos_t2.asm.obj (.text)
                  00004328    00000068                                   : copy_decompress_lzss.c.obj (.text:decompress:lzss:__TI_decompress_lzss)
                  00004390    00000064                                   : s_frexp.c.obj (.text:frexp)
                  000043f4    00000056                                   : _printfi.c.obj (.text:_pconv_f)
                  0000444a    00000054                                   : _ltoa.c.obj (.text:__TI_ltoa)
                  0000449e    00000052                                   : _printfi.c.obj (.text:_ecpy)
                  000044f0    0000004c                                   : atoi.c.obj (.text:atoi)
                  0000453c    00000048                                   : fd_toi_t2.asm.obj (.text)
                  00004584    00000044                                   : autoinit.c.obj (.text:__TI_auto_init_nobinit_nopinit:__TI_auto_init_nobinit_nopinit)
                  000045c8    00000040                                   : sprintf.c.obj (.text:sprintf)
                  00004608    00000040                                   : vsnprintf.c.obj (.text:vsnprintf)
                  00004648    0000003e                                   : _printfi.c.obj (.text:_fcpy)
                  00004686    00000002     --HOLE-- [fill = 0]
                  00004688    00000038                                   : memory.c.obj (.text:calloc)
                  000046c0    00000038                                   : fs_tod_t2.asm.obj (.text)
                  000046f8    00000034     driverlib.lib : interrupt.obj (.text:IntRegister)
                  0000472c    00000034     rtsv7M4_T_le_v4SPD16_eabi.lib : boot_cortex_m.c.obj (.text:_c_int00_noargs:_c_int00_noargs)
                  00004760    00000030                                   : vsnprintf.c.obj (.text:_outs)
                  00004790    0000002e                                   : i_tofd_t2.asm.obj (.text)
                  000047be    00000002     --HOLE-- [fill = 0]
                  000047c0    00000028                                   : memory.c.obj (.text:free_list_insert)
                  000047e8    0000001c                                   : copy_zero_init.c.obj (.text:decompress:ZI:__TI_zero_init_nomemset:__TI_zero_init_nomemset)
                  00004804    0000001c                                   : memory.c.obj (.text:free_list_remove)
                  00004820    0000001c                                   : memccpy.c.obj (.text:memccpy)
                  0000483c    0000001a                                   : s_copysign.c.obj (.text:copysign)
                  00004856    00000018                                   : vsnprintf.c.obj (.text:_outc)
                  0000486e    00000018                                   : sprintf.c.obj (.text:_outs)
                  00004886    00000018     open_interface.obj (.text:oi_parseInt)
                  0000489e    00000018     rtsv7M4_T_le_v4SPD16_eabi.lib : strcmp.c.obj (.text:strcmp)
                  000048b6    00000016                                   : strchr.c.obj (.text:strchr)
                  000048cc    00000014                                   : strcpy.c.obj (.text:strcpy)
                  000048e0    00000014                                   : strlen.c.obj (.text:strlen)
                  000048f4    00000012                                   : wcslen.c.obj (.text:wcslen)
                  00004906    00000010     driverlib.lib : interrupt.obj (.text:IntMasterEnable)
                  00004916    00000010     lcd.obj (.text:lcd_clear)
                  00004926    0000000e     rtsv7M4_T_le_v4SPD16_eabi.lib : copy_decompress_none.c.obj (.text:decompress:none:__TI_decompress_none)
                  00004934    0000000c     driverlib.lib : cpu.obj (.text:CPUcpsie)
                  00004940    0000000c     tm4c123gh6pm_startup_ccs.obj (.text)
                  0000494c    0000000a     rtsv7M4_T_le_v4SPD16_eabi.lib : sprintf.c.obj (.text:_outc)
                  00004956    00000002     --HOLE-- [fill = 0]
                  00004958    00000008                                   : errno.c.obj (.text:__aeabi_errno_addr)
                  00004960    00000008                                   : memory.c.obj (.text:malloc)
                  00004968    00000004                                   : pre_init.c.obj (.text:_system_pre_init)
                  0000496c    00000004                                   : exit.c.obj (.text:abort:abort)

.const     0    00004970    0000015f     
                  00004970    00000101     rtsv7M4_T_le_v4SPD16_eabi.lib : ctype.c.obj (.const:.string:_ctypes_)
                  00004a71    00000036     lcd.obj (.const:.string:$P$T0$4)
                  00004aa7    00000001     --HOLE-- [fill = 0]
                  00004aa8    00000010     rtsv7M4_T_le_v4SPD16_eabi.lib : e_fmod.c.obj (.const:Zero)
                  00004ab8    0000000f     open_interface.obj (.const:.string:$P$T0$3)
                  00004ac7    00000004     lcd.obj (.const:.string:lineAddress$1)
                  00004acb    00000004     lcd.obj (.const:.string:lineAddresses$2)

.cinit     0    00004ad0    00000058     
                  00004ad0    0000001f     (.cinit..data.load) [load image, compression = lzss]
                  00004aef    00000001     --HOLE-- [fill = 0]
                  00004af0    0000000c     (__TI_handler_table)
                  00004afc    00000004     --HOLE-- [fill = 0]
                  00004b00    00000008     (.cinit..bss.load) [load image, compression = zero_init]
                  00004b08    00000008     (.cinit..vtable.load) [load image, compression = zero_init]
                  00004b10    00000018     (__TI_cinit_table)

.init_array 
*          0    00000000    00000000     UNINITIALIZED

.vtable    0    20000000    0000026c     UNINITIALIZED
                  20000000    0000026c     driverlib.lib : interrupt.obj (.vtable)

.stack     0    20000270    00001000     UNINITIALIZED
                  20000270    00000004     rtsv7M4_T_le_v4SPD16_eabi.lib : boot_cortex_m.c.obj (.stack)
                  20000274    00000ffc     --HOLE--

.sysmem    0    20001270    00001000     UNINITIALIZED
                  20001270    00000010     rtsv7M4_T_le_v4SPD16_eabi.lib : memory.c.obj (.sysmem)
                  20001280    00000ff0     --HOLE--

.bss       0    20002270    00000089     UNINITIALIZED
                  20002270    00000054     lcd.obj (.bss:lastbuffer$3)
                  200022c4    00000018     open_interface.obj (.bss:firmware$2)
                  200022dc    00000004     (.common:_timeout_ticks)
                  200022e0    00000004     (.common:fallingEdge)
                  200022e4    00000004     (.common:isr_int_value)
                  200022e8    00000004     (.common:left_calibration_value)
                  200022ec    00000004     (.common:pulseLength)
                  200022f0    00000004     (.common:right_calibration_value)
                  200022f4    00000004     (.common:risingEdge)
                  200022f8    00000001     (.common:isRisingEdge)

.data      0    200022fc    00000041     UNINITIALIZED
                  200022fc    00000020     open_interface.obj (.data)
                  2000231c    00000008     rtsv7M4_T_le_v4SPD16_eabi.lib : _lock.c.obj (.data:$O1$$)
                  20002324    00000008                                   : memory.c.obj (.data:$O1$$)
                  2000232c    00000008     uart-interrupt.obj (.data)
                  20002334    00000004     libcybotScan.lib : cyBot_Scan.obj (.data)
                  20002338    00000004     rtsv7M4_T_le_v4SPD16_eabi.lib : errno.c.obj (.data)
                  2000233c    00000001     Timer.obj (.data)

__llvm_prf_cnts 
*          0    20000000    00000000     UNINITIALIZED

MODULE SUMMARY

       Module                         code    ro data   rw data
       ------                         ----    -------   -------
    .\
       open_interface.obj             3128    15        56     
       main.obj                       1132    0         8      
       lcd.obj                        952     62        84     
       tm4c123gh6pm_startup_ccs.obj   12      620       0      
       Timer.obj                      584     0         5      
       uart-interrupt.obj             540     0         8      
       movement.obj                   436     0         0      
    +--+------------------------------+-------+---------+---------+
       Total:                         6784    697       161    
                                                               
    ../libcybotScan.lib
       cyBot_Scan.obj                 608     0         4      
       ping.obj                       492     0         13     
       servo.obj                      344     0         0      
       ir.obj                         280     0         4      
    +--+------------------------------+-------+---------+---------+
       Total:                         1724    0         21     
                                                               
    C:/ti/TivaWare_C_Series-2.2.0.295/driverlib/ccs/Debug/driverlib.lib
       interrupt.obj                  68      0         620    
       cpu.obj                        12      0         0      
    +--+------------------------------+-------+---------+---------+
       Total:                         80      0         620    
                                                               
    C:\ti\ccs1200\ccs\tools\compiler\ti-cgt-arm_20.2.6.LTS\lib\rtsv7M4_T_le_v4SPD16_eabi.lib
       _printfi.c.obj                 4851    0         0      
       memory.c.obj                   728     0         8      
       e_fmod.c.obj                   564     16        0      
       fd_add_t2.asm.obj              438     0         0      
       fd_div_t2.asm.obj              310     0         0      
       s_scalbn.c.obj                 272     0         0      
       fd_cmp_t2.asm.obj              268     0         0      
       ctype.c.obj                    0       257       0      
       fd_mul_t2.asm.obj              252     0         0      
       s_floor.c.obj                  248     0         0      
       memcpy_t2.asm.obj              156     0         0      
       ull_div_t2.asm.obj             150     0         0      
       vsnprintf.c.obj                136     0         0      
       memset_t2.asm.obj              122     0         0      
       fd_tos_t2.asm.obj              110     0         0      
       copy_decompress_lzss.c.obj     104     0         0      
       s_frexp.c.obj                  100     0         0      
       sprintf.c.obj                  98      0         0      
       _ltoa.c.obj                    84      0         0      
       atoi.c.obj                     76      0         0      
       fd_toi_t2.asm.obj              72      0         0      
       autoinit.c.obj                 68      0         0      
       fs_tod_t2.asm.obj              56      0         0      
       boot_cortex_m.c.obj            52      0         0      
       i_tofd_t2.asm.obj              46      0         0      
       copy_zero_init.c.obj           28      0         0      
       memccpy.c.obj                  28      0         0      
       s_copysign.c.obj               26      0         0      
       strcmp.c.obj                   24      0         0      
       strchr.c.obj                   22      0         0      
       strcpy.c.obj                   20      0         0      
       strlen.c.obj                   20      0         0      
       wcslen.c.obj                   18      0         0      
       copy_decompress_none.c.obj     14      0         0      
       errno.c.obj                    8       0         4      
       _lock.c.obj                    2       0         8      
       exit.c.obj                     4       0         0      
       pre_init.c.obj                 4       0         0      
       div0.asm.obj                   2       0         0      
    +--+------------------------------+-------+---------+---------+
       Total:                         9581    273       20     
                                                               
       Heap:                          0       0         4096   
       Stack:                         0       0         4096   
       Linker Generated:              0       83        0      
    +--+------------------------------+-------+---------+---------+
       Grand Total:                   18169   1053      9014   


LINKER GENERATED COPY TABLES

__TI_cinit_table @ 00004b10 records: 3, size/record: 8, table size: 24
	.data: load addr=00004ad0, load size=0000001f bytes, run addr=200022fc, run size=00000041 bytes, compression=lzss
	.bss: load addr=00004b00, load size=00000008 bytes, run addr=20002270, run size=00000089 bytes, compression=zero_init
	.vtable: load addr=00004b08, load size=00000008 bytes, run addr=20000000, run size=0000026c bytes, compression=zero_init


LINKER GENERATED HANDLER TABLE

__TI_handler_table @ 00004af0 records: 3, size/record: 4, table size: 12
	index: 0, handler: __TI_zero_init
	index: 1, handler: __TI_decompress_lzss
	index: 2, handler: __TI_decompress_none


GLOBAL SYMBOLS: SORTED ALPHABETICALLY BY Name 

address   name                          
-------   ----                          
00003909  ADC0SS0_Handler               
0000496d  C$$EXIT                       
00004935  CPUcpsie                      
00000bc3  GPIOF_Handler                 
00004907  IntMasterEnable               
000046f9  IntRegister                   
00004941  ResetISR                      
00002d49  TIMER3B_Handler               
00002ba3  UART1_Handler                 
20001270  __STACK_END                   
00001000  __STACK_SIZE                  
20000470  __STACK_TOP                   
00001000  __SYSMEM_SIZE                 
00004b10  __TI_CINIT_Base               
00004b28  __TI_CINIT_Limit              
00004af0  __TI_Handler_Table_Base       
00004afc  __TI_Handler_Table_Limit      
00004585  __TI_auto_init_nobinit_nopinit
00004329  __TI_decompress_lzss          
00004927  __TI_decompress_none          
0000444b  __TI_ltoa                     
ffffffff  __TI_pprof_out_hndl           
00000e8d  __TI_printfi                  
ffffffff  __TI_prof_data_size           
ffffffff  __TI_prof_data_start          
00000000  __TI_static_base__            
000047e9  __TI_zero_init_nomemset       
00004055  __aeabi_cdcmpeq               
00004055  __aeabi_cdcmple               
000040db  __aeabi_cdrcmple              
000042bb  __aeabi_d2f                   
0000453d  __aeabi_d2iz                  
0000301f  __aeabi_dadd                  
00003615  __aeabi_ddiv                  
00003b99  __aeabi_dmul                  
00003015  __aeabi_dsub                  
00004959  __aeabi_errno_addr            
000046c1  __aeabi_f2d                   
00004791  __aeabi_i2d                   
000031cb  __aeabi_idiv0                 
000031cb  __aeabi_ldiv0                 
00004161  __aeabi_memclr                
00004161  __aeabi_memclr4               
00004161  __aeabi_memclr8               
00003f23  __aeabi_memcpy                
00003f23  __aeabi_memcpy4               
00003f23  __aeabi_memcpy8               
00004163  __aeabi_memset                
00004163  __aeabi_memset4               
00004163  __aeabi_memset8               
00003fbf  __aeabi_uldivmod              
ffffffff  __binit__                     
ffffffff  __c_args__                    
UNDEFED   __mpu_init                    
20000270  __stack                       
20000000  __start___llvm_prf_cnts       
20000000  __stop___llvm_prf_cnts        
0000472d  _c_int00_noargs               
00004970  _ctypes_                      
2000231c  _lock                         
000018db  _nop                          
2000233c  _running                      
20001270  _sys_memory                   
UNDEFED   _system_post_cinit            
00004969  _system_pre_init              
200022dc  _timeout_ticks                
20002320  _unlock                       
0000496d  abort                         
00003a99  aligned_alloc                 
000044f1  atoi                          
ffffffff  binit                         
00004689  calloc                        
2000232c  command_byte                  
20002330  command_flag                  
0000483d  copysign                      
0000483d  copysignl                     
00002439  cyBOT_SERVO_cal               
000023c7  cyBOT_Scan                    
0000236f  cyBOT_init_Scan               
20002334  cyBOT_scan_features           
00002361  cyBOT_scan_version            
20002338  errno                         
200022e0  fallingEdge                   
00003c95  floor                         
00003c95  floorl                        
00002809  fmod                          
00002809  fmodl                         
00003d8d  free                          
00004391  frexp                         
00004391  frexpl                        
20000000  g_pfnRAMVectors               
00000000  g_pfnVectors                  
0000097f  go_charge                     
0000391f  ir_enableInterrupt            
00003901  ir_getDistance                
000038d9  ir_getValue                   
00003871  ir_init                       
200022f8  isRisingEdge                  
200022e4  isr_int_value                 
00004917  lcd_clear                     
00001f1d  lcd_gotoLine                  
00001d85  lcd_init                      
00001f83  lcd_printf                    
00001e45  lcd_putc                      
00001e7d  lcd_puts                      
00001d49  lcd_reverseNibble             
00002055  lcd_rotatingBanner            
00001e9b  lcd_sendCommand               
00001ed9  lcd_sendNibble                
00001f45  lcd_setCursorPos              
00003989  ldexp                         
00003989  ldexpl                        
200022e8  left_calibration_value        
000018dd  main                          
00004961  malloc                        
00003a99  memalign                      
00004821  memccpy                       
00003f23  memcpy                        
00004169  memset                        
200022fc  motor_cal_factor_L            
20002300  motor_cal_factor_R            
00003307  move_backward                 
000031cd  move_forward                  
0000026d  oi_alloc                      
00000aa9  oi_checkFirmware              
000002c7  oi_close                      
00000279  oi_free                       
00000ded  oi_getMotorCalibrationLeft    
00000e01  oi_getMotorCalibrationRight   
000002b1  oi_init                       
00000289  oi_init_noupdate              
00000915  oi_loadSong                   
00004887  oi_parseInt                   
0000032b  oi_parsePacket                
0000096b  oi_play_song                  
0000084b  oi_setLeds                    
00000db1  oi_setMotorCalibration        
0000088f  oi_setWheels                  
00000b51  oi_shutoff_init               
0000098d  oi_uartInit                   
00000a31  oi_uartReceive                
00000a77  oi_uartSendBuff               
00000a15  oi_uartSendChar               
00000a59  oi_uartSendStr                
000002d9  oi_update                     
00002d9b  ping_getDistance              
00002c59  ping_init                     
00002cdf  ping_trigger                  
200022ec  pulseLength                   
200022f0  right_calibration_value       
200022f4  risingEdge                    
00003989  scalbn                        
00003989  scalbnl                       
00003381  servo_init                    
00003411  servo_move                    
00003471  servo_setPWM                  
00003405  servo_stop                    
000045c9  sprintf                       
000048b7  strchr                        
0000489f  strcmp                        
000048cd  strcpy                        
000048e1  strlen                        
000026df  timer_getMicros               
00002687  timer_getMillis               
000025c1  timer_init                    
00002663  timer_pause                   
00002675  timer_resume                  
00002639  timer_stop                    
00002739  timer_waitMicros              
0000276b  timer_waitMillis              
000032a1  turn_left                     
0000323b  turn_right                    
00002a3d  uart_interrupt_init           
00002b35  uart_receive                  
00002b5d  uart_receive_nonblocking      
00002b11  uart_sendChar                 
00002b85  uart_sendStr                  
00004609  vsnprintf                     
000048f5  wcslen                        


GLOBAL SYMBOLS: SORTED BY Symbol Address 

address   name                          
-------   ----                          
00000000  __TI_static_base__            
00000000  g_pfnVectors                  
0000026d  oi_alloc                      
00000279  oi_free                       
00000289  oi_init_noupdate              
000002b1  oi_init                       
000002c7  oi_close                      
000002d9  oi_update                     
0000032b  oi_parsePacket                
0000084b  oi_setLeds                    
0000088f  oi_setWheels                  
00000915  oi_loadSong                   
0000096b  oi_play_song                  
0000097f  go_charge                     
0000098d  oi_uartInit                   
00000a15  oi_uartSendChar               
00000a31  oi_uartReceive                
00000a59  oi_uartSendStr                
00000a77  oi_uartSendBuff               
00000aa9  oi_checkFirmware              
00000b51  oi_shutoff_init               
00000bc3  GPIOF_Handler                 
00000db1  oi_setMotorCalibration        
00000ded  oi_getMotorCalibrationLeft    
00000e01  oi_getMotorCalibrationRight   
00000e8d  __TI_printfi                  
00001000  __STACK_SIZE                  
00001000  __SYSMEM_SIZE                 
000018db  _nop                          
000018dd  main                          
00001d49  lcd_reverseNibble             
00001d85  lcd_init                      
00001e45  lcd_putc                      
00001e7d  lcd_puts                      
00001e9b  lcd_sendCommand               
00001ed9  lcd_sendNibble                
00001f1d  lcd_gotoLine                  
00001f45  lcd_setCursorPos              
00001f83  lcd_printf                    
00002055  lcd_rotatingBanner            
00002361  cyBOT_scan_version            
0000236f  cyBOT_init_Scan               
000023c7  cyBOT_Scan                    
00002439  cyBOT_SERVO_cal               
000025c1  timer_init                    
00002639  timer_stop                    
00002663  timer_pause                   
00002675  timer_resume                  
00002687  timer_getMillis               
000026df  timer_getMicros               
00002739  timer_waitMicros              
0000276b  timer_waitMillis              
00002809  fmod                          
00002809  fmodl                         
00002a3d  uart_interrupt_init           
00002b11  uart_sendChar                 
00002b35  uart_receive                  
00002b5d  uart_receive_nonblocking      
00002b85  uart_sendStr                  
00002ba3  UART1_Handler                 
00002c59  ping_init                     
00002cdf  ping_trigger                  
00002d49  TIMER3B_Handler               
00002d9b  ping_getDistance              
00003015  __aeabi_dsub                  
0000301f  __aeabi_dadd                  
000031cb  __aeabi_idiv0                 
000031cb  __aeabi_ldiv0                 
000031cd  move_forward                  
0000323b  turn_right                    
000032a1  turn_left                     
00003307  move_backward                 
00003381  servo_init                    
00003405  servo_stop                    
00003411  servo_move                    
00003471  servo_setPWM                  
00003615  __aeabi_ddiv                  
00003871  ir_init                       
000038d9  ir_getValue                   
00003901  ir_getDistance                
00003909  ADC0SS0_Handler               
0000391f  ir_enableInterrupt            
00003989  ldexp                         
00003989  ldexpl                        
00003989  scalbn                        
00003989  scalbnl                       
00003a99  aligned_alloc                 
00003a99  memalign                      
00003b99  __aeabi_dmul                  
00003c95  floor                         
00003c95  floorl                        
00003d8d  free                          
00003f23  __aeabi_memcpy                
00003f23  __aeabi_memcpy4               
00003f23  __aeabi_memcpy8               
00003f23  memcpy                        
00003fbf  __aeabi_uldivmod              
00004055  __aeabi_cdcmpeq               
00004055  __aeabi_cdcmple               
000040db  __aeabi_cdrcmple              
00004161  __aeabi_memclr                
00004161  __aeabi_memclr4               
00004161  __aeabi_memclr8               
00004163  __aeabi_memset                
00004163  __aeabi_memset4               
00004163  __aeabi_memset8               
00004169  memset                        
000042bb  __aeabi_d2f                   
00004329  __TI_decompress_lzss          
00004391  frexp                         
00004391  frexpl                        
0000444b  __TI_ltoa                     
000044f1  atoi                          
0000453d  __aeabi_d2iz                  
00004585  __TI_auto_init_nobinit_nopinit
000045c9  sprintf                       
00004609  vsnprintf                     
00004689  calloc                        
000046c1  __aeabi_f2d                   
000046f9  IntRegister                   
0000472d  _c_int00_noargs               
00004791  __aeabi_i2d                   
000047e9  __TI_zero_init_nomemset       
00004821  memccpy                       
0000483d  copysign                      
0000483d  copysignl                     
00004887  oi_parseInt                   
0000489f  strcmp                        
000048b7  strchr                        
000048cd  strcpy                        
000048e1  strlen                        
000048f5  wcslen                        
00004907  IntMasterEnable               
00004917  lcd_clear                     
00004927  __TI_decompress_none          
00004935  CPUcpsie                      
00004941  ResetISR                      
00004959  __aeabi_errno_addr            
00004961  malloc                        
00004969  _system_pre_init              
0000496d  C$$EXIT                       
0000496d  abort                         
00004970  _ctypes_                      
00004af0  __TI_Handler_Table_Base       
00004afc  __TI_Handler_Table_Limit      
00004b10  __TI_CINIT_Base               
00004b28  __TI_CINIT_Limit              
20000000  __start___llvm_prf_cnts       
20000000  __stop___llvm_prf_cnts        
20000000  g_pfnRAMVectors               
20000270  __stack                       
20000470  __STACK_TOP                   
20001270  __STACK_END                   
20001270  _sys_memory                   
200022dc  _timeout_ticks                
200022e0  fallingEdge                   
200022e4  isr_int_value                 
200022e8  left_calibration_value        
200022ec  pulseLength                   
200022f0  right_calibration_value       
200022f4  risingEdge                    
200022f8  isRisingEdge                  
200022fc  motor_cal_factor_L            
20002300  motor_cal_factor_R            
2000231c  _lock                         
20002320  _unlock                       
2000232c  command_byte                  
20002330  command_flag                  
20002334  cyBOT_scan_features           
20002338  errno                         
2000233c  _running                      
ffffffff  __TI_pprof_out_hndl           
ffffffff  __TI_prof_data_size           
ffffffff  __TI_prof_data_start          
ffffffff  __binit__                     
ffffffff  __c_args__                    
ffffffff  binit                         
UNDEFED   __mpu_init                    
UNDEFED   _system_post_cinit            

[179 symbols]
