******************************************************************************
                  TI ARM Linker PC v20.2.6                     
******************************************************************************
>> Linked Fri Apr  7 12:14:16 2023

OUTPUT FILE NAME:   <Lab8.out>
ENTRY POINT SYMBOL: "_c_int00_noargs"  address: 0000292d


MEMORY CONFIGURATION

         name            origin    length      used     unused   attr    fill
----------------------  --------  ---------  --------  --------  ----  --------
  FLASH                 00000000   00040000  00002c87  0003d379  R  X
  SRAM                  20000000   00008000  000022dc  00005d24  RW X


SEGMENT ALLOCATION MAP

run origin  load origin   length   init length attrs members
----------  ----------- ---------- ----------- ----- -------
00000000    00000000    00002c88   00002c88    r-x
  00000000    00000000    0000026c   0000026c    r-- .intvecs
  0000026c    0000026c    0000289c   0000289c    r-x .text
  00002b08    00002b08    0000013f   0000013f    r-- .const
  00002c48    00002c48    00000040   00000040    r-- .cinit
20000000    20000000    000022e0   00000000    rw-
  20000000    20000000    0000026c   00000000    rw- .vtable
  20000270    20000270    00001000   00000000    rw- .stack
  20001270    20001270    00001000   00000000    rw- .sysmem
  20002270    20002270    00000058   00000000    rw- .bss
  200022c8    200022c8    00000018   00000000    rw- .data


SECTION ALLOCATION MAP

 output                                  attributes/
section   page    origin      length       input sections
--------  ----  ----------  ----------   ----------------
.intvecs   0    00000000    0000026c     
                  00000000    0000026c     tm4c123gh6pm_startup_ccs.obj (.intvecs)

.text      0    0000026c    0000289c     
                  0000026c    00000a4e     rtsv7M4_T_le_v4SPD16_eabi.lib : _printfi.c.obj (.text:__TI_printfi)
                  00000cba    00000002                                   : div0.asm.obj (.text)
                  00000cbc    000003a8     lcd.obj (.text)
                  00001064    00000274     ping_template.obj (.text)
                  000012d8    00000270     rtsv7M4_T_le_v4SPD16_eabi.lib : _printfi.c.obj (.text:_pconv_a)
                  00001548    00000248     Timer.obj (.text)
                  00001790    000001d0     rtsv7M4_T_le_v4SPD16_eabi.lib : _printfi.c.obj (.text:_pconv_g)
                  00001960    000001b6                                   : fd_add_t2.asm.obj (.text)
                  00001b16    00000002     --HOLE-- [fill = 0]
                  00001b18    0000013c                                   : _printfi.c.obj (.text:_pconv_e)
                  00001c54    00000136                                   : fd_div_t2.asm.obj (.text)
                  00001d8a    00000002     --HOLE-- [fill = 0]
                  00001d8c    00000124                                   : _printfi.c.obj (.text:fcvt)
                  00001eb0    00000110                                   : s_scalbn.c.obj (.text:scalbn)
                  00001fc0    000000fc                                   : fd_mul_t2.asm.obj (.text)
                  000020bc    000000b1                                   : _printfi.c.obj (.text:_ltostr)
                  0000216d    00000003     --HOLE-- [fill = 0]
                  00002170    0000009c     lab9_template.obj (.text)
                  0000220c    0000009c     rtsv7M4_T_le_v4SPD16_eabi.lib : memcpy_t2.asm.obj (.text)
                  000022a8    00000096                                   : ull_div_t2.asm.obj (.text)
                  0000233e    00000086                                   : fd_cmp_t2.asm.obj (.text:__aeabi_cdcmple)
                  000023c4    00000086                                   : fd_cmp_t2.asm.obj (.text:__aeabi_cdrcmple)
                  0000244a    0000007a                                   : memset_t2.asm.obj (.text)
                  000024c4    0000006e                                   : _printfi.c.obj (.text:_mcpy)
                  00002532    0000006e                                   : fd_tos_t2.asm.obj (.text)
                  000025a0    00000068                                   : copy_decompress_lzss.c.obj (.text:decompress:lzss:__TI_decompress_lzss)
                  00002608    00000064                                   : s_frexp.c.obj (.text:frexp)
                  0000266c    00000056                                   : _printfi.c.obj (.text:_pconv_f)
                  000026c2    00000054                                   : _ltoa.c.obj (.text:__TI_ltoa)
                  00002716    00000052                                   : _printfi.c.obj (.text:_ecpy)
                  00002768    0000004c                                   : atoi.c.obj (.text:atoi)
                  000027b4    00000048                                   : fd_toi_t2.asm.obj (.text)
                  000027fc    00000044                                   : autoinit.c.obj (.text:__TI_auto_init_nobinit_nopinit:__TI_auto_init_nobinit_nopinit)
                  00002840    00000040                                   : vsnprintf.c.obj (.text:vsnprintf)
                  00002880    0000003e                                   : _printfi.c.obj (.text:_fcpy)
                  000028be    00000038                                   : fs_tod_t2.asm.obj (.text)
                  000028f6    00000002     --HOLE-- [fill = 0]
                  000028f8    00000034     driverlib.lib : interrupt.obj (.text:IntRegister)
                  0000292c    00000034     rtsv7M4_T_le_v4SPD16_eabi.lib : boot_cortex_m.c.obj (.text:_c_int00_noargs:_c_int00_noargs)
                  00002960    00000030                                   : vsnprintf.c.obj (.text:_outs)
                  00002990    0000002e                                   : i_tofd_t2.asm.obj (.text)
                  000029be    00000020                                   : u_tofd_t2.asm.obj (.text)
                  000029de    0000001c                                   : copy_zero_init.c.obj (.text:decompress:ZI:__TI_zero_init_nomemset:__TI_zero_init_nomemset)
                  000029fa    0000001c                                   : memccpy.c.obj (.text:memccpy)
                  00002a16    0000001a                                   : s_copysign.c.obj (.text:copysign)
                  00002a30    00000018                                   : vsnprintf.c.obj (.text:_outc)
                  00002a48    00000018                                   : strcmp.c.obj (.text:strcmp)
                  00002a60    00000016                                   : strchr.c.obj (.text:strchr)
                  00002a76    00000014                                   : strcpy.c.obj (.text:strcpy)
                  00002a8a    00000014                                   : strlen.c.obj (.text:strlen)
                  00002a9e    00000012                                   : wcslen.c.obj (.text:wcslen)
                  00002ab0    00000010     driverlib.lib : interrupt.obj (.text:IntMasterEnable)
                  00002ac0    00000010     lcd.obj (.text:lcd_clear)
                  00002ad0    0000000e     rtsv7M4_T_le_v4SPD16_eabi.lib : copy_decompress_none.c.obj (.text:decompress:none:__TI_decompress_none)
                  00002ade    0000000c     driverlib.lib : cpu.obj (.text:CPUcpsie)
                  00002aea    0000000c     tm4c123gh6pm_startup_ccs.obj (.text)
                  00002af6    00000002     --HOLE-- [fill = 0]
                  00002af8    00000008     rtsv7M4_T_le_v4SPD16_eabi.lib : errno.c.obj (.text:__aeabi_errno_addr)
                  00002b00    00000004                                   : pre_init.c.obj (.text:_system_pre_init)
                  00002b04    00000004                                   : exit.c.obj (.text:abort:abort)

.const     0    00002b08    0000013f     
                  00002b08    00000101     rtsv7M4_T_le_v4SPD16_eabi.lib : ctype.c.obj (.const:.string:_ctypes_)
                  00002c09    00000036     lcd.obj (.const:.string:$P$T0$4)
                  00002c3f    00000004     lcd.obj (.const:.string:lineAddress$1)
                  00002c43    00000004     lcd.obj (.const:.string:lineAddresses$2)

.cinit     0    00002c48    00000040     
                  00002c48    0000000c     (__TI_handler_table)
                  00002c54    00000004     --HOLE-- [fill = 0]
                  00002c58    00000008     (.cinit..bss.load) [load image, compression = zero_init]
                  00002c60    00000008     (.cinit..data.load) [load image, compression = lzss]
                  00002c68    00000008     (.cinit..vtable.load) [load image, compression = zero_init]
                  00002c70    00000018     (__TI_cinit_table)

.init_array 
*          0    00000000    00000000     UNINITIALIZED

.vtable    0    20000000    0000026c     UNINITIALIZED
                  20000000    0000026c     driverlib.lib : interrupt.obj (.vtable)

.stack     0    20000270    00001000     UNINITIALIZED
                  20000270    00000004     rtsv7M4_T_le_v4SPD16_eabi.lib : boot_cortex_m.c.obj (.stack)
                  20000274    00000ffc     --HOLE--

.sysmem    0    20001270    00001000     UNINITIALIZED
                  20001270    00000010     rtsv7M4_T_le_v4SPD16_eabi.lib : memory.c.obj (.sysmem)
                  20001280    00000ff0     --HOLE--

.bss       0    20002270    00000058     UNINITIALIZED
                  20002270    00000054     lcd.obj (.bss:lastbuffer$3)
                  200022c4    00000004     (.common:_timeout_ticks)

.data      0    200022c8    00000018     UNINITIALIZED
                  200022c8    00000011     ping_template.obj (.data)
                  200022d9    00000001     Timer.obj (.data)
                  200022da    00000002     --HOLE--
                  200022dc    00000004     rtsv7M4_T_le_v4SPD16_eabi.lib : errno.c.obj (.data)

__llvm_prf_cnts 
*          0    20000000    00000000     UNINITIALIZED

MODULE SUMMARY

       Module                         code    ro data   rw data
       ------                         ----    -------   -------
    .\
       lcd.obj                        952     62        84     
       ping_template.obj              628     0         17     
       tm4c123gh6pm_startup_ccs.obj   12      620       0      
       Timer.obj                      584     0         5      
       lab9_template.obj              156     0         0      
    +--+------------------------------+-------+---------+---------+
       Total:                         2332    682       106    
                                                               
    C:/ti/TivaWare_C_Series-2.2.0.295/driverlib/ccs/Debug/driverlib.lib
       interrupt.obj                  68      0         620    
       cpu.obj                        12      0         0      
    +--+------------------------------+-------+---------+---------+
       Total:                         80      0         620    
                                                               
    C:\ti\ccs1200\ccs\tools\compiler\ti-cgt-arm_20.2.6.LTS\lib\rtsv7M4_T_le_v4SPD16_eabi.lib
       _printfi.c.obj                 4851    0         0      
       fd_add_t2.asm.obj              438     0         0      
       fd_div_t2.asm.obj              310     0         0      
       s_scalbn.c.obj                 272     0         0      
       fd_cmp_t2.asm.obj              268     0         0      
       ctype.c.obj                    0       257       0      
       fd_mul_t2.asm.obj              252     0         0      
       memcpy_t2.asm.obj              156     0         0      
       ull_div_t2.asm.obj             150     0         0      
       vsnprintf.c.obj                136     0         0      
       memset_t2.asm.obj              122     0         0      
       fd_tos_t2.asm.obj              110     0         0      
       copy_decompress_lzss.c.obj     104     0         0      
       s_frexp.c.obj                  100     0         0      
       _ltoa.c.obj                    84      0         0      
       atoi.c.obj                     76      0         0      
       fd_toi_t2.asm.obj              72      0         0      
       autoinit.c.obj                 68      0         0      
       fs_tod_t2.asm.obj              56      0         0      
       boot_cortex_m.c.obj            52      0         0      
       i_tofd_t2.asm.obj              46      0         0      
       u_tofd_t2.asm.obj              32      0         0      
       copy_zero_init.c.obj           28      0         0      
       memccpy.c.obj                  28      0         0      
       s_copysign.c.obj               26      0         0      
       strcmp.c.obj                   24      0         0      
       strchr.c.obj                   22      0         0      
       strcpy.c.obj                   20      0         0      
       strlen.c.obj                   20      0         0      
       wcslen.c.obj                   18      0         0      
       copy_decompress_none.c.obj     14      0         0      
       errno.c.obj                    8       0         4      
       exit.c.obj                     4       0         0      
       pre_init.c.obj                 4       0         0      
       div0.asm.obj                   2       0         0      
    +--+------------------------------+-------+---------+---------+
       Total:                         7973    257       4      
                                                               
       Heap:                          0       0         4096   
       Stack:                         0       0         4096   
       Linker Generated:              0       60        0      
    +--+------------------------------+-------+---------+---------+
       Grand Total:                   10385   999       8922   


LINKER GENERATED COPY TABLES

__TI_cinit_table @ 00002c70 records: 3, size/record: 8, table size: 24
	.bss: load addr=00002c58, load size=00000008 bytes, run addr=20002270, run size=00000058 bytes, compression=zero_init
	.data: load addr=00002c60, load size=00000008 bytes, run addr=200022c8, run size=00000018 bytes, compression=lzss
	.vtable: load addr=00002c68, load size=00000008 bytes, run addr=20000000, run size=0000026c bytes, compression=zero_init


LINKER GENERATED HANDLER TABLE

__TI_handler_table @ 00002c48 records: 3, size/record: 4, table size: 12
	index: 0, handler: __TI_zero_init
	index: 1, handler: __TI_decompress_lzss
	index: 2, handler: __TI_decompress_none


GLOBAL SYMBOLS: SORTED ALPHABETICALLY BY Name 

address   name                          
-------   ----                          
00002b05  C$$EXIT                       
00002adf  CPUcpsie                      
200022d4  CUR_OVERFLOW                  
200022cc  END_TIME                      
00002ab1  IntMasterEnable               
000028f9  IntRegister                   
200022d0  OVERFLOW                      
00002aeb  ResetISR                      
200022c8  START_TIME                    
200022d8  STATE                         
000011a5  TIMER3B_Handler               
20001270  __STACK_END                   
00001000  __STACK_SIZE                  
20000470  __STACK_TOP                   
00001000  __SYSMEM_SIZE                 
00002c70  __TI_CINIT_Base               
00002c88  __TI_CINIT_Limit              
00002c48  __TI_Handler_Table_Base       
00002c54  __TI_Handler_Table_Limit      
000027fd  __TI_auto_init_nobinit_nopinit
000025a1  __TI_decompress_lzss          
00002ad1  __TI_decompress_none          
000026c3  __TI_ltoa                     
ffffffff  __TI_pprof_out_hndl           
0000026d  __TI_printfi                  
ffffffff  __TI_prof_data_size           
ffffffff  __TI_prof_data_start          
00000000  __TI_static_base__            
000029df  __TI_zero_init_nomemset       
0000233f  __aeabi_cdcmpeq               
0000233f  __aeabi_cdcmple               
000023c5  __aeabi_cdrcmple              
00002533  __aeabi_d2f                   
000027b5  __aeabi_d2iz                  
0000196b  __aeabi_dadd                  
00001c55  __aeabi_ddiv                  
00001fc1  __aeabi_dmul                  
00001961  __aeabi_dsub                  
00002af9  __aeabi_errno_addr            
000028bf  __aeabi_f2d                   
00002991  __aeabi_i2d                   
00000cbb  __aeabi_idiv0                 
00000cbb  __aeabi_ldiv0                 
0000244b  __aeabi_memclr                
0000244b  __aeabi_memclr4               
0000244b  __aeabi_memclr8               
0000220d  __aeabi_memcpy                
0000220d  __aeabi_memcpy4               
0000220d  __aeabi_memcpy8               
0000244d  __aeabi_memset                
0000244d  __aeabi_memset4               
0000244d  __aeabi_memset8               
000029bf  __aeabi_ui2d                  
000022a9  __aeabi_uldivmod              
ffffffff  __binit__                     
ffffffff  __c_args__                    
UNDEFED   __mpu_init                    
20000270  __stack                       
20000000  __start___llvm_prf_cnts       
20000000  __stop___llvm_prf_cnts        
0000292d  _c_int00_noargs               
00002b08  _ctypes_                      
200022d9  _running                      
20001270  _sys_memory                   
UNDEFED   _system_post_cinit            
00002b01  _system_pre_init              
200022c4  _timeout_ticks                
00002b05  abort                         
00002769  atoi                          
ffffffff  binit                         
00002a17  copysign                      
00002a17  copysignl                     
200022dc  errno                         
00002609  frexp                         
00002609  frexpl                        
20000000  g_pfnRAMVectors               
00000000  g_pfnVectors                  
00002ac1  lcd_clear                     
00000e91  lcd_gotoLine                  
00000cf9  lcd_init                      
00000ef7  lcd_printf                    
00000db9  lcd_putc                      
00000df1  lcd_puts                      
00000cbd  lcd_reverseNibble             
00000fc9  lcd_rotatingBanner            
00000e0f  lcd_sendCommand               
00000e4d  lcd_sendNibble                
00000eb9  lcd_setCursorPos              
00001eb1  ldexp                         
00001eb1  ldexpl                        
00002171  main                          
000029fb  memccpy                       
0000220d  memcpy                        
00002453  memset                        
000011e5  ping_getDistance              
00001065  ping_init                     
00001117  ping_trigger                  
00001eb1  scalbn                        
00001eb1  scalbnl                       
00002a61  strchr                        
00002a49  strcmp                        
00002a77  strcpy                        
00002a8b  strlen                        
00001667  timer_getMicros               
0000160f  timer_getMillis               
00001549  timer_init                    
000015eb  timer_pause                   
000015fd  timer_resume                  
000015c1  timer_stop                    
000016c1  timer_waitMicros              
000016f3  timer_waitMillis              
00002841  vsnprintf                     
00002a9f  wcslen                        


GLOBAL SYMBOLS: SORTED BY Symbol Address 

address   name                          
-------   ----                          
00000000  __TI_static_base__            
00000000  g_pfnVectors                  
0000026d  __TI_printfi                  
00000cbb  __aeabi_idiv0                 
00000cbb  __aeabi_ldiv0                 
00000cbd  lcd_reverseNibble             
00000cf9  lcd_init                      
00000db9  lcd_putc                      
00000df1  lcd_puts                      
00000e0f  lcd_sendCommand               
00000e4d  lcd_sendNibble                
00000e91  lcd_gotoLine                  
00000eb9  lcd_setCursorPos              
00000ef7  lcd_printf                    
00000fc9  lcd_rotatingBanner            
00001000  __STACK_SIZE                  
00001000  __SYSMEM_SIZE                 
00001065  ping_init                     
00001117  ping_trigger                  
000011a5  TIMER3B_Handler               
000011e5  ping_getDistance              
00001549  timer_init                    
000015c1  timer_stop                    
000015eb  timer_pause                   
000015fd  timer_resume                  
0000160f  timer_getMillis               
00001667  timer_getMicros               
000016c1  timer_waitMicros              
000016f3  timer_waitMillis              
00001961  __aeabi_dsub                  
0000196b  __aeabi_dadd                  
00001c55  __aeabi_ddiv                  
00001eb1  ldexp                         
00001eb1  ldexpl                        
00001eb1  scalbn                        
00001eb1  scalbnl                       
00001fc1  __aeabi_dmul                  
00002171  main                          
0000220d  __aeabi_memcpy                
0000220d  __aeabi_memcpy4               
0000220d  __aeabi_memcpy8               
0000220d  memcpy                        
000022a9  __aeabi_uldivmod              
0000233f  __aeabi_cdcmpeq               
0000233f  __aeabi_cdcmple               
000023c5  __aeabi_cdrcmple              
0000244b  __aeabi_memclr                
0000244b  __aeabi_memclr4               
0000244b  __aeabi_memclr8               
0000244d  __aeabi_memset                
0000244d  __aeabi_memset4               
0000244d  __aeabi_memset8               
00002453  memset                        
00002533  __aeabi_d2f                   
000025a1  __TI_decompress_lzss          
00002609  frexp                         
00002609  frexpl                        
000026c3  __TI_ltoa                     
00002769  atoi                          
000027b5  __aeabi_d2iz                  
000027fd  __TI_auto_init_nobinit_nopinit
00002841  vsnprintf                     
000028bf  __aeabi_f2d                   
000028f9  IntRegister                   
0000292d  _c_int00_noargs               
00002991  __aeabi_i2d                   
000029bf  __aeabi_ui2d                  
000029df  __TI_zero_init_nomemset       
000029fb  memccpy                       
00002a17  copysign                      
00002a17  copysignl                     
00002a49  strcmp                        
00002a61  strchr                        
00002a77  strcpy                        
00002a8b  strlen                        
00002a9f  wcslen                        
00002ab1  IntMasterEnable               
00002ac1  lcd_clear                     
00002ad1  __TI_decompress_none          
00002adf  CPUcpsie                      
00002aeb  ResetISR                      
00002af9  __aeabi_errno_addr            
00002b01  _system_pre_init              
00002b05  C$$EXIT                       
00002b05  abort                         
00002b08  _ctypes_                      
00002c48  __TI_Handler_Table_Base       
00002c54  __TI_Handler_Table_Limit      
00002c70  __TI_CINIT_Base               
00002c88  __TI_CINIT_Limit              
20000000  __start___llvm_prf_cnts       
20000000  __stop___llvm_prf_cnts        
20000000  g_pfnRAMVectors               
20000270  __stack                       
20000470  __STACK_TOP                   
20001270  __STACK_END                   
20001270  _sys_memory                   
200022c4  _timeout_ticks                
200022c8  START_TIME                    
200022cc  END_TIME                      
200022d0  OVERFLOW                      
200022d4  CUR_OVERFLOW                  
200022d8  STATE                         
200022d9  _running                      
200022dc  errno                         
ffffffff  __TI_pprof_out_hndl           
ffffffff  __TI_prof_data_size           
ffffffff  __TI_prof_data_start          
ffffffff  __binit__                     
ffffffff  __c_args__                    
ffffffff  binit                         
UNDEFED   __mpu_init                    
UNDEFED   _system_post_cinit            

[113 symbols]
